06-19 23:27:00.866   494   494 E wifi_forwarder: qemu_pipe_open_ns:62: Could not connect to the 'pipe:qemud:wififorward' service: Invalid argument
06-19 23:27:00.866   494   494 E wifi_forwarder: RemoteConnection failed to initialize: RemoteConnection failed to open pipe
06-19 23:27:06.241  1583  5394 E WakeLock: GCM_HB_ALARM release without a matched acquire!
06-19 23:24:19.039   538   936 E ClipboardService: Denying clipboard access to com.google.android.gms, application is not in focus nor is it a system service for user 0
06-19 23:27:21.746   538   936 E ClipboardService: Denying clipboard access to com.google.android.gms, application is not in focus nor is it a system service for user 0
06-19 23:27:23.153   358   358 E SurfaceFlinger: Attempt to set frame rate on an unrecognized IGraphicBufferProducer
06-19 23:27:23.389  6795  6795 E ConstraintLayout: layout_constraintWidth_default="wrap" is deprecated.
06-19 23:27:23.389  6795  6795 E ConstraintLayout: Use layout_width="WRAP_CONTENT" and layout_constrainedWidth="true" instead.
06-19 23:27:23.517  6795  6795 E ConstraintLayout: layout_constraintWidth_default="wrap" is deprecated.
06-19 23:27:23.517  6795  6795 E ConstraintLayout: Use layout_width="WRAP_CONTENT" and layout_constrainedWidth="true" instead.
06-19 23:27:23.544  6795  6795 E ConstraintLayout: layout_constraintWidth_default="wrap" is deprecated.
06-19 23:27:23.544  6795  6795 E ConstraintLayout: Use layout_width="WRAP_CONTENT" and layout_constrainedWidth="true" instead.
06-19 23:27:23.648  6795  7949 E ACodec  : [OMX.android.goldfish.h264.decoder] setPortMode on output to DynamicANWBuffer failed w/ err -1010
06-19 23:27:23.648   439   488 E OMXNodeInstance: getParameter(0xe7f009b0:android.goldfish.h264.decoder, ??(0x6f600011)) ERROR: UnsupportedIndex(0x8000101a)
06-19 23:27:23.661   439  6131 E OMXNodeInstance: setConfig(0xe7f009b0:android.goldfish.h264.decoder, ConfigPriority(0x6f800002)) ERROR: UnsupportedIndex(0x8000101a)
06-19 23:27:23.666   439  6025 E OMXNodeInstance: getConfig(0xe7f009b0:android.goldfish.h264.decoder, ConfigAndroidVendorExtension(0x6f100004)) ERROR: UnsupportedIndex(0x8000101a)
06-19 23:27:23.668   439  6131 E OMXNodeInstance: getConfig(0xe7f009b0:android.goldfish.h264.decoder, ??(0x7f000003)) ERROR: UnsupportedSetting(0x80001019)
06-19 23:27:24.285  6795  6919 E QTagParser: Error reading from /proc/net/xt_qtaguid/stats. Please check if this file exists.
06-19 23:27:25.009   439  6131 E OMXNodeInstance: getConfig(0xe7f009b0:android.goldfish.h264.decoder, ??(0x7f000003)) ERROR: UnsupportedSetting(0x80001019)
06-19 23:27:25.290  6795  6919 E QTagParser: Error reading from /proc/net/xt_qtaguid/stats. Please check if this file exists.
06-19 23:27:25.601   358   358 E SurfaceFlinger: Attempt to set frame rate on an unrecognized IGraphicBufferProducer
06-19 23:27:25.612   358   358 E SurfaceFlinger: Attempt to set frame rate on an unrecognized IGraphicBufferProducer
06-19 23:27:25.659   358   358 E SurfaceFlinger: Attempt to set frame rate on an unrecognized IGraphicBufferProducer
06-19 23:27:26.230  6795  6795 E ConstraintLayout: layout_constraintWidth_default="wrap" is deprecated.
06-19 23:27:26.230  6795  6795 E ConstraintLayout: Use layout_width="WRAP_CONTENT" and layout_constrainedWidth="true" instead.
06-19 23:27:26.243  6795  6795 E ConstraintLayout: layout_constraintWidth_default="wrap" is deprecated.
06-19 23:27:26.243  6795  6795 E ConstraintLayout: Use layout_width="WRAP_CONTENT" and layout_constrainedWidth="true" instead.
06-19 23:27:26.292  6795  6919 E QTagParser: Error reading from /proc/net/xt_qtaguid/stats. Please check if this file exists.
06-19 23:27:26.446  6795  6919 E QTagParser: Error reading from /proc/net/xt_qtaguid/stats. Please check if this file exists.
06-19 23:27:26.551   439  6025 E OMXNodeInstance: getExtensionIndex(0xe7f004e0:google.hevc.decoder, OMX.google.android.index.enableAndroidNativeBuffers) ERROR: UnsupportedIndex(0x8000101a)
06-19 23:27:26.551  6795  7969 E ACodec  : [OMX.google.hevc.decoder] setPortMode on output to DynamicANWBuffer failed w/ err -1010
06-19 23:27:26.552   439  6131 E OMXNodeInstance: getParameter(0xe7f004e0:google.hevc.decoder, ??(0x6f600011)) ERROR: UnsupportedIndex(0x8000101a)
06-19 23:27:26.564   439   439 E OMXNodeInstance: setConfig(0xe7f004e0:google.hevc.decoder, ConfigPriority(0x6f800002)) ERROR: UnsupportedIndex(0x8000101a)
06-19 23:27:26.565   439   439 E OMXNodeInstance: getConfig(0xe7f004e0:google.hevc.decoder, ConfigAndroidVendorExtension(0x6f100004)) ERROR: UnsupportedIndex(0x8000101a)
06-19 23:27:26.567   439   439 E OMXNodeInstance: getConfig(0xe7f004e0:google.hevc.decoder, ??(0x7f000003)) ERROR: UnsupportedSetting(0x80001019)
06-19 23:27:26.782   358   358 E SurfaceFlinger: Attempt to set frame rate on an unrecognized IGraphicBufferProducer
06-19 23:27:27.122  6795  6919 E QTagParser: Error reading from /proc/net/xt_qtaguid/stats. Please check if this file exists.
06-19 23:27:27.926   358   358 E SurfaceFlinger: Attempt to set frame rate on an unrecognized IGraphicBufferProducer
06-19 23:27:28.135  6795  6919 E QTagParser: Error reading from /proc/net/xt_qtaguid/stats. Please check if this file exists.
06-19 23:27:28.542  6795  6919 E QTagParser: Error reading from /proc/net/xt_qtaguid/stats. Please check if this file exists.
06-19 23:27:28.681   439  6025 E OMXNodeInstance: getConfig(0xe7f004e0:google.hevc.decoder, ??(0x7f000003)) ERROR: UnsupportedSetting(0x80001019)
06-19 23:27:28.698   358   358 E SurfaceFlinger: Attempt to set frame rate on an unrecognized IGraphicBufferProducer
06-19 23:27:28.742   358   358 E SurfaceFlinger: Attempt to set frame rate on an unrecognized IGraphicBufferProducer
06-19 23:27:26.444   538   936 E ClipboardService: Denying clipboard access to com.google.android.gms, application is not in focus nor is it a system service for user 0
06-19 23:27:30.941   358   358 E SurfaceFlinger: Attempt to set frame rate on an unrecognized IGraphicBufferProducer
06-19 23:27:32.259   358   358 E SurfaceFlinger: Attempt to set frame rate on an unrecognized IGraphicBufferProducer
06-19 23:27:32.735   358   358 E SurfaceFlinger: Attempt to set frame rate on an unrecognized IGraphicBufferProducer
06-19 23:27:34.125   358   358 E Layer   : [Surface(name=Task=1)/@0xa0b55a3 - animation-leash#0] No local sync point found
06-19 23:27:34.125   358   358 E Layer   : [Surface(name=Task=15)/@0xedeb142 - animation-leash#0] No local sync point found
06-19 23:27:34.968   538  1646 E TaskPersister: File error accessing recents directory (directory doesn't exist?).
06-19 23:27:35.789  1583  4055 E SQLiteDatabase: Error inserting flex_time=1311000 job_id=-1 period=2623000 source=16 requires_charging=0 preferred_network_type=1 target_class=com.google.android.gms.measurement.PackageMeasurementTaskService user_id=0 target_package=com.google.android.gms tag=Measurement.PackageMeasurementTaskService.UPLOAD_TASK_TAG task_type=0 required_idleness_state=0 service_kind=0 source_version=201817000 preferred_charging_state=1 required_network_type=0 runtime=1655670455780 retry_strategy={"maximum_backoff_seconds":{"3600":0},"initial_backoff_seconds":{"30":0},"retry_policy":{"0":0}} last_runtime=0
06-19 23:27:35.789  1583  4055 E SQLiteDatabase: android.database.sqlite.SQLiteConstraintException: UNIQUE constraint failed: pending_ops.tag, pending_ops.target_class, pending_ops.target_package, pending_ops.user_id (code 2067 SQLITE_CONSTRAINT_UNIQUE)
06-19 23:27:35.789  1583  4055 E SQLiteDatabase: 	at android.database.sqlite.SQLiteConnection.nativeExecuteForLastInsertedRowId(Native Method)
06-19 23:27:35.789  1583  4055 E SQLiteDatabase: 	at android.database.sqlite.SQLiteConnection.executeForLastInsertedRowId(SQLiteConnection.java:938)
06-19 23:27:35.789  1583  4055 E SQLiteDatabase: 	at android.database.sqlite.SQLiteSession.executeForLastInsertedRowId(SQLiteSession.java:790)
06-19 23:27:35.789  1583  4055 E SQLiteDatabase: 	at android.database.sqlite.SQLiteStatement.executeInsert(SQLiteStatement.java:88)
06-19 23:27:35.789  1583  4055 E SQLiteDatabase: 	at android.database.sqlite.SQLiteDatabase.insertWithOnConflict(SQLiteDatabase.java:1701)
06-19 23:27:35.789  1583  4055 E SQLiteDatabase: 	at android.database.sqlite.SQLiteDatabase.insert(SQLiteDatabase.java:1570)
06-19 23:27:35.789  1583  4055 E SQLiteDatabase: 	at apla.a(:com.google.android.gms@201817022@20.18.17 (040700-311416286):78)
06-19 23:27:35.789  1583  4055 E SQLiteDatabase: 	at apkp.a(:com.google.android.gms@201817022@20.18.17 (040700-311416286):196)
06-19 23:27:35.789  1583  4055 E SQLiteDatabase: 	at apkp.a(:com.google.android.gms@201817022@20.18.17 (040700-311416286):20)
06-19 23:27:35.789  1583  4055 E SQLiteDatabase: 	at apkp.a(:com.google.android.gms@201817022@20.18.17 (040700-311416286):190)
06-19 23:27:35.789  1583  4055 E SQLiteDatabase: 	at apgy.run(:com.google.android.gms@201817022@20.18.17 (040700-311416286):8)
06-19 23:27:35.789  1583  4055 E SQLiteDatabase: 	at sji.b(:com.google.android.gms@201817022@20.18.17 (040700-311416286):12)
06-19 23:27:35.789  1583  4055 E SQLiteDatabase: 	at sji.run(:com.google.android.gms@201817022@20.18.17 (040700-311416286):7)
06-19 23:27:35.789  1583  4055 E SQLiteDatabase: 	at java.util.concurrent.ThreadPoolExecutor.runWorker(ThreadPoolExecutor.java:1167)
06-19 23:27:35.789  1583  4055 E SQLiteDatabase: 	at java.util.concurrent.ThreadPoolExecutor$Worker.run(ThreadPoolExecutor.java:641)
06-19 23:27:35.789  1583  4055 E SQLiteDatabase: 	at spj.run(:com.google.android.gms@201817022@20.18.17 (040700-311416286):0)
06-19 23:27:35.789  1583  4055 E SQLiteDatabase: 	at java.lang.Thread.run(Thread.java:923)
06-19 23:27:35.841  1583  4055 E SQLiteDatabase: Error inserting flex_time=1311000 job_id=-1 period=2623000 source=16 requires_charging=0 preferred_network_type=1 target_class=com.google.android.gms.measurement.PackageMeasurementTaskService user_id=0 target_package=com.google.android.gms tag=Measurement.PackageMeasurementTaskService.UPLOAD_TASK_TAG task_type=0 required_idleness_state=0 service_kind=0 source_version=201817000 preferred_charging_state=1 required_network_type=0 runtime=1655670455832 retry_strategy={"maximum_backoff_seconds":{"3600":0},"initial_backoff_seconds":{"30":0},"retry_policy":{"0":0}} last_runtime=0
06-19 23:27:35.841  1583  4055 E SQLiteDatabase: android.database.sqlite.SQLiteConstraintException: UNIQUE constraint failed: pending_ops.tag, pending_ops.target_class, pending_ops.target_package, pending_ops.user_id (code 2067 SQLITE_CONSTRAINT_UNIQUE)
06-19 23:27:35.841  1583  4055 E SQLiteDatabase: 	at android.database.sqlite.SQLiteConnection.nativeExecuteForLastInsertedRowId(Native Method)
06-19 23:27:35.841  1583  4055 E SQLiteDatabase: 	at android.database.sqlite.SQLiteConnection.executeForLastInsertedRowId(SQLiteConnection.java:938)
06-19 23:27:35.841  1583  4055 E SQLiteDatabase: 	at android.database.sqlite.SQLiteSession.executeForLastInsertedRowId(SQLiteSession.java:790)
06-19 23:27:35.841  1583  4055 E SQLiteDatabase: 	at android.database.sqlite.SQLiteStatement.executeInsert(SQLiteStatement.java:88)
06-19 23:27:35.841  1583  4055 E SQLiteDatabase: 	at android.database.sqlite.SQLiteDatabase.insertWithOnConflict(SQLiteDatabase.java:1701)
06-19 23:27:35.841  1583  4055 E SQLiteDatabase: 	at android.database.sqlite.SQLiteDatabase.insert(SQLiteDatabase.java:1570)
06-19 23:27:35.841  1583  4055 E SQLiteDatabase: 	at apla.a(:com.google.android.gms@201817022@20.18.17 (040700-311416286):78)
06-19 23:27:35.841  1583  4055 E SQLiteDatabase: 	at apkp.a(:com.google.android.gms@201817022@20.18.17 (040700-311416286):196)
06-19 23:27:35.841  1583  4055 E SQLiteDatabase: 	at apkp.a(:com.google.android.gms@201817022@20.18.17 (040700-311416286):20)
06-19 23:27:35.841  1583  4055 E SQLiteDatabase: 	at apkp.a(:com.google.android.gms@201817022@20.18.17 (040700-311416286):190)
06-19 23:27:35.841  1583  4055 E SQLiteDatabase: 	at apgy.run(:com.google.android.gms@201817022@20.18.17 (040700-311416286):8)
06-19 23:27:35.841  1583  4055 E SQLiteDatabase: 	at sji.b(:com.google.android.gms@201817022@20.18.17 (040700-311416286):12)
06-19 23:27:35.841  1583  4055 E SQLiteDatabase: 	at sji.run(:com.google.android.gms@201817022@20.18.17 (040700-311416286):7)
06-19 23:27:35.841  1583  4055 E SQLiteDatabase: 	at java.util.concurrent.ThreadPoolExecutor.runWorker(ThreadPoolExecutor.java:1167)
06-19 23:27:35.841  1583  4055 E SQLiteDatabase: 	at java.util.concurrent.ThreadPoolExecutor$Worker.run(ThreadPoolExecutor.java:641)
06-19 23:27:35.841  1583  4055 E SQLiteDatabase: 	at spj.run(:com.google.android.gms@201817022@20.18.17 (040700-311416286):0)
06-19 23:27:35.841  1583  4055 E SQLiteDatabase: 	at java.lang.Thread.run(Thread.java:923)
06-19 23:27:37.703  1583  4055 E SQLiteDatabase: Error inserting flex_time=1309000 job_id=-1 period=2620000 source=16 requires_charging=0 preferred_network_type=1 target_class=com.google.android.gms.measurement.PackageMeasurementTaskService user_id=0 target_package=com.google.android.gms tag=Measurement.PackageMeasurementTaskService.UPLOAD_TASK_TAG task_type=0 required_idleness_state=0 service_kind=0 source_version=201817000 preferred_charging_state=1 required_network_type=0 runtime=1655670457678 retry_strategy={"maximum_backoff_seconds":{"3600":0},"initial_backoff_seconds":{"30":0},"retry_policy":{"0":0}} last_runtime=0
06-19 23:27:37.703  1583  4055 E SQLiteDatabase: android.database.sqlite.SQLiteConstraintException: UNIQUE constraint failed: pending_ops.tag, pending_ops.target_class, pending_ops.target_package, pending_ops.user_id (code 2067 SQLITE_CONSTRAINT_UNIQUE)
06-19 23:27:37.703  1583  4055 E SQLiteDatabase: 	at android.database.sqlite.SQLiteConnection.nativeExecuteForLastInsertedRowId(Native Method)
06-19 23:27:37.703  1583  4055 E SQLiteDatabase: 	at android.database.sqlite.SQLiteConnection.executeForLastInsertedRowId(SQLiteConnection.java:938)
06-19 23:27:37.703  1583  4055 E SQLiteDatabase: 	at android.database.sqlite.SQLiteSession.executeForLastInsertedRowId(SQLiteSession.java:790)
06-19 23:27:37.703  1583  4055 E SQLiteDatabase: 	at android.database.sqlite.SQLiteStatement.executeInsert(SQLiteStatement.java:88)
06-19 23:27:37.703  1583  4055 E SQLiteDatabase: 	at android.database.sqlite.SQLiteDatabase.insertWithOnConflict(SQLiteDatabase.java:1701)
06-19 23:27:37.703  1583  4055 E SQLiteDatabase: 	at android.database.sqlite.SQLiteDatabase.insert(SQLiteDatabase.java:1570)
06-19 23:27:37.703  1583  4055 E SQLiteDatabase: 	at apla.a(:com.google.android.gms@201817022@20.18.17 (040700-311416286):78)
06-19 23:27:37.703  1583  4055 E SQLiteDatabase: 	at apkp.a(:com.google.android.gms@201817022@20.18.17 (040700-311416286):196)
06-19 23:27:37.703  1583  4055 E SQLiteDatabase: 	at apkp.a(:com.google.android.gms@201817022@20.18.17 (040700-311416286):20)
06-19 23:27:37.703  1583  4055 E SQLiteDatabase: 	at apkp.a(:com.google.android.gms@201817022@20.18.17 (040700-311416286):190)
06-19 23:27:37.703  1583  4055 E SQLiteDatabase: 	at apgy.run(:com.google.android.gms@201817022@20.18.17 (040700-311416286):8)
06-19 23:27:37.703  1583  4055 E SQLiteDatabase: 	at sji.b(:com.google.android.gms@201817022@20.18.17 (040700-311416286):12)
06-19 23:27:37.703  1583  4055 E SQLiteDatabase: 	at sji.run(:com.google.android.gms@201817022@20.18.17 (040700-311416286):7)
06-19 23:27:37.703  1583  4055 E SQLiteDatabase: 	at java.util.concurrent.ThreadPoolExecutor.runWorker(ThreadPoolExecutor.java:1167)
06-19 23:27:37.703  1583  4055 E SQLiteDatabase: 	at java.util.concurrent.ThreadPoolExecutor$Worker.run(ThreadPoolExecutor.java:641)
06-19 23:27:37.703  1583  4055 E SQLiteDatabase: 	at spj.run(:com.google.android.gms@201817022@20.18.17 (040700-311416286):0)
06-19 23:27:37.703  1583  4055 E SQLiteDatabase: 	at java.lang.Thread.run(Thread.java:923)
06-19 23:27:59.076   538  1646 E TaskPersister: File error accessing recents directory (directory doesn't exist?).
06-19 23:27:59.130   439  1028 E OMXNodeInstance: !!! Observer died. Quickly, do something, ... anything...
06-19 23:27:59.160   427  3183 E mediaserver: unlinkToDeath: removed reference to death recipient but unlink failed.
06-19 23:27:59.160   427  3183 E IPCThreadState: attemptIncStrongHandle(1): Not supported
06-19 23:27:59.780   489   489 E netmgr  : qemu_pipe_open_ns:62: Could not connect to the 'pipe:qemud:network' service: Invalid argument
06-19 23:27:59.780   489   489 E netmgr  : Failed to open QEMU pipe 'qemud:network': Invalid argument
06-19 23:28:00.411   538  1646 E TaskPersister: File error accessing recents directory (directory doesn't exist?).
06-19 23:28:00.900   494   494 E wifi_forwarder: qemu_pipe_open_ns:62: Could not connect to the 'pipe:qemud:wififorward' service: Invalid argument
06-19 23:28:00.900   494   494 E wifi_forwarder: RemoteConnection failed to initialize: RemoteConnection failed to open pipe
06-19 23:28:04.372   538  1646 E TaskPersister: File error accessing recents directory (directory doesn't exist?).
06-19 23:28:10.341   538   936 E ClipboardService: Denying clipboard access to com.google.android.gms, application is not in focus nor is it a system service for user 0
06-19 23:28:11.886   358   358 E Layer   : [Surface(name=Task=1)/@0xa0b55a3 - animation-leash#0] No local sync point found
06-19 23:28:11.886   358   358 E Layer   : [Surface(name=Task=16)/@0x1bcfe88 - animation-leash#0] No local sync point found
06-19 23:28:12.150   358   358 E Layer   : [Surface(name=Task=1)/@0xa0b55a3 - animation-leash#0] No local sync point found
06-19 23:28:12.150   358   358 E Layer   : [Surface(name=Task=16)/@0x1bcfe88 - animation-leash#0] No local sync point found
06-19 23:28:14.506   538  1646 E TaskPersister: File error accessing recents directory (directory doesn't exist?).
06-19 23:28:15.044  8028  8145 E QTagParser: Error reading from /proc/net/xt_qtaguid/stats. Please check if this file exists.
06-19 23:28:15.371   358   358 E SurfaceFlinger: Attempt to set frame rate on an unrecognized IGraphicBufferProducer
06-19 23:28:15.840   358   358 E SurfaceFlinger: Attempt to set frame rate on an unrecognized IGraphicBufferProducer
06-19 23:28:16.046  8028  8145 E QTagParser: Error reading from /proc/net/xt_qtaguid/stats. Please check if this file exists.
06-19 23:28:16.242  8028  8145 E QTagParser: Error reading from /proc/net/xt_qtaguid/stats. Please check if this file exists.
06-19 23:28:16.425   439  1028 E OMXNodeInstance: getExtensionIndex(0xe7f016d0:google.hevc.decoder, OMX.google.android.index.enableAndroidNativeBuffers) ERROR: UnsupportedIndex(0x8000101a)
06-19 23:28:16.426  8028  8160 E ACodec  : [OMX.google.hevc.decoder] setPortMode on output to DynamicANWBuffer failed w/ err -1010
06-19 23:28:16.426   439  1028 E OMXNodeInstance: getParameter(0xe7f016d0:google.hevc.decoder, ??(0x6f600011)) ERROR: UnsupportedIndex(0x8000101a)
06-19 23:28:16.429   439  1028 E OMXNodeInstance: setConfig(0xe7f016d0:google.hevc.decoder, ConfigPriority(0x6f800002)) ERROR: UnsupportedIndex(0x8000101a)
06-19 23:28:16.430   439  1028 E OMXNodeInstance: getConfig(0xe7f016d0:google.hevc.decoder, ConfigAndroidVendorExtension(0x6f100004)) ERROR: UnsupportedIndex(0x8000101a)
06-19 23:28:16.439   439   439 E OMXNodeInstance: getConfig(0xe7f016d0:google.hevc.decoder, ??(0x7f000003)) ERROR: UnsupportedSetting(0x80001019)
06-19 23:28:16.606   439  1028 E OMXNodeInstance: getConfig(0xe7f016d0:google.hevc.decoder, ??(0x7f000003)) ERROR: UnsupportedSetting(0x80001019)
06-19 23:28:16.741   358   358 E SurfaceFlinger: Attempt to set frame rate on an unrecognized IGraphicBufferProducer
06-19 23:28:17.276   538   936 E ClipboardService: Denying clipboard access to com.google.android.gms, application is not in focus nor is it a system service for user 0
06-19 23:28:17.939  8028  8220 E EGL_emulation: eglQueryContext 32c0  EGL_BAD_ATTRIBUTE
06-19 23:28:17.939  8028  8220 E EGL_emulation: tid 8220: eglQueryContext(2019): error 0x3004 (EGL_BAD_ATTRIBUTE)
06-19 23:28:17.969   439  1028 E OMXNodeInstance: getExtensionIndex(0xe7f004e0:google.hevc.decoder, OMX.google.android.index.enableAndroidNativeBuffers) ERROR: UnsupportedIndex(0x8000101a)
06-19 23:28:17.969  8028  8236 E ACodec  : [OMX.google.hevc.decoder] setPortMode on output to DynamicANWBuffer failed w/ err -1010
06-19 23:28:17.970   439  1028 E OMXNodeInstance: getParameter(0xe7f004e0:google.hevc.decoder, ??(0x6f600011)) ERROR: UnsupportedIndex(0x8000101a)
06-19 23:28:17.974   439  1028 E OMXNodeInstance: setConfig(0xe7f004e0:google.hevc.decoder, ConfigPriority(0x6f800002)) ERROR: UnsupportedIndex(0x8000101a)
06-19 23:28:17.975   439  7973 E OMXNodeInstance: getConfig(0xe7f004e0:google.hevc.decoder, ConfigAndroidVendorExtension(0x6f100004)) ERROR: UnsupportedIndex(0x8000101a)
06-19 23:28:17.977   439  7973 E OMXNodeInstance: getConfig(0xe7f004e0:google.hevc.decoder, ??(0x7f000003)) ERROR: UnsupportedSetting(0x80001019)
06-19 23:28:18.047   439  1028 E OMXNodeInstance: getConfig(0xe7f004e0:google.hevc.decoder, ??(0x7f000003)) ERROR: UnsupportedSetting(0x80001019)
06-19 23:28:18.103  8028  8245 E FMQ     : grantorIdx must be less than 3
06-19 23:28:18.103  8028  8245 E FMQ     : grantorIdx must be less than 3
06-19 23:28:18.104   441  1133 E FMQ     : grantorIdx must be less than 3
06-19 23:28:18.105   441  1133 E FMQ     : grantorIdx must be less than 3
06-19 23:28:18.110  8028  8245 E ion     : ioctl c0044901 failed with code -1: Inappropriate ioctl for device
06-19 23:28:18.114  8028  8245 E FMQ     : grantorIdx must be less than 3
06-19 23:28:18.116   441  1127 E FMQ     : grantorIdx must be less than 3
06-19 23:28:18.749   358   358 E SurfaceFlinger: Attempt to set frame rate on an unrecognized IGraphicBufferProducer
06-19 23:28:19.128   538  1646 E TaskPersister: File error accessing recents directory (directory doesn't exist?).
06-19 23:28:19.269   441  8250 E FMQ     : grantorIdx must be less than 3
06-19 23:28:19.272  8028  8161 E FMQ     : grantorIdx must be less than 3
06-19 23:28:19.363  8028  8145 E QTagParser: Error reading from /proc/net/xt_qtaguid/stats. Please check if this file exists.
06-19 23:28:20.076  8028  8145 E QTagParser: Error reading from /proc/net/xt_qtaguid/stats. Please check if this file exists.
06-19 23:28:20.337  8028  8028 E ConstraintLayout: layout_constraintWidth_default="wrap" is deprecated.
06-19 23:28:20.337  8028  8028 E ConstraintLayout: Use layout_width="WRAP_CONTENT" and layout_constrainedWidth="true" instead.
06-19 23:28:20.344  8028  8028 E ConstraintLayout: layout_constraintWidth_default="wrap" is deprecated.
06-19 23:28:20.344  8028  8028 E ConstraintLayout: Use layout_width="WRAP_CONTENT" and layout_constrainedWidth="true" instead.
06-19 23:28:20.357  8028  8028 E ConstraintLayout: layout_constraintWidth_default="wrap" is deprecated.
06-19 23:28:20.357  8028  8028 E ConstraintLayout: Use layout_width="WRAP_CONTENT" and layout_constrainedWidth="true" instead.
06-19 23:28:20.991  8028  8145 E QTagParser: Error reading from /proc/net/xt_qtaguid/stats. Please check if this file exists.
06-19 23:28:21.209  8028  8145 E QTagParser: Error reading from /proc/net/xt_qtaguid/stats. Please check if this file exists.
06-19 23:28:21.606  8028  8145 E QTagParser: Error reading from /proc/net/xt_qtaguid/stats. Please check if this file exists.
06-19 23:28:21.691   358   358 E SurfaceFlinger: Attempt to set frame rate on an unrecognized IGraphicBufferProducer
06-19 23:28:21.889  8028  8145 E QTagParser: Error reading from /proc/net/xt_qtaguid/stats. Please check if this file exists.
06-19 23:28:22.449  8028  8028 E ConstraintLayout: layout_constraintWidth_default="wrap" is deprecated.
06-19 23:28:22.449  8028  8028 E ConstraintLayout: Use layout_width="WRAP_CONTENT" and layout_constrainedWidth="true" instead.
06-19 23:28:22.493  8028  8028 E ConstraintLayout: layout_constraintWidth_default="wrap" is deprecated.
06-19 23:28:22.493  8028  8028 E ConstraintLayout: Use layout_width="WRAP_CONTENT" and layout_constrainedWidth="true" instead.
06-19 23:28:22.992  8028  8145 E QTagParser: Error reading from /proc/net/xt_qtaguid/stats. Please check if this file exists.
06-19 23:28:23.050  8028  8301 E ACodec  : [OMX.android.goldfish.h264.decoder] setPortMode on output to DynamicANWBuffer failed w/ err -1010
06-19 23:28:23.052   439  7973 E OMXNodeInstance: getParameter(0xe7f004e0:android.goldfish.h264.decoder, ??(0x6f600011)) ERROR: UnsupportedIndex(0x8000101a)
06-19 23:28:23.055   439  1028 E OMXNodeInstance: setConfig(0xe7f004e0:android.goldfish.h264.decoder, ConfigPriority(0x6f800002)) ERROR: UnsupportedIndex(0x8000101a)
06-19 23:28:23.055   439  1028 E OMXNodeInstance: getConfig(0xe7f004e0:android.goldfish.h264.decoder, ConfigAndroidVendorExtension(0x6f100004)) ERROR: UnsupportedIndex(0x8000101a)
06-19 23:28:23.056   439  1028 E OMXNodeInstance: getConfig(0xe7f004e0:android.goldfish.h264.decoder, ??(0x7f000003)) ERROR: UnsupportedSetting(0x80001019)
06-19 23:28:23.100   358   358 E SurfaceFlinger: Attempt to set frame rate on an unrecognized IGraphicBufferProducer
06-19 23:28:23.333  8028  8145 E QTagParser: Error reading from /proc/net/xt_qtaguid/stats. Please check if this file exists.
06-19 23:28:23.418  8028  8307 E FMQ     : grantorIdx must be less than 3
06-19 23:28:23.458  8028  8307 E FMQ     : grantorIdx must be less than 3
06-19 23:28:23.482   441  1127 E FMQ     : grantorIdx must be less than 3
06-19 23:28:23.482   441  1127 E FMQ     : grantorIdx must be less than 3
06-19 23:28:23.547  8028  8307 E FMQ     : grantorIdx must be less than 3
06-19 23:28:23.548   441  1127 E FMQ     : grantorIdx must be less than 3
06-19 23:28:23.629   439  1028 E OMXNodeInstance: getConfig(0xe7f004e0:android.goldfish.h264.decoder, ??(0x7f000003)) ERROR: UnsupportedSetting(0x80001019)
06-19 23:28:23.646   358   358 E SurfaceFlinger: Attempt to set frame rate on an unrecognized IGraphicBufferProducer
06-19 23:28:23.690   441  8308 E FMQ     : grantorIdx must be less than 3
06-19 23:28:23.690  8028  8161 E FMQ     : grantorIdx must be less than 3
06-19 23:28:26.897   538   936 E ClipboardService: Denying clipboard access to com.google.android.gms, application is not in focus nor is it a system service for user 0
06-19 23:28:27.016   358   358 E SurfaceFlinger: Attempt to set frame rate on an unrecognized IGraphicBufferProducer
06-19 23:28:27.570  8028  8320 E EGL_emulation: eglQueryContext 32c0  EGL_BAD_ATTRIBUTE
06-19 23:28:27.570  8028  8320 E EGL_emulation: tid 8320: eglQueryContext(2019): error 0x3004 (EGL_BAD_ATTRIBUTE)
06-19 23:28:28.384   439  1028 E OMXNodeInstance: getConfig(0xe7f016d0:google.hevc.decoder, ??(0x7f000003)) ERROR: UnsupportedSetting(0x80001019)
06-19 23:28:29.266   358   358 E SurfaceFlinger: Attempt to set frame rate on an unrecognized IGraphicBufferProducer
06-19 23:28:29.659   358   358 E SurfaceFlinger: Attempt to set frame rate on an unrecognized IGraphicBufferProducer
06-19 23:28:59.873   489   489 E netmgr  : qemu_pipe_open_ns:62: Could not connect to the 'pipe:qemud:network' service: Invalid argument
06-19 23:28:59.873   489   489 E netmgr  : Failed to open QEMU pipe 'qemud:network': Invalid argument
06-19 23:29:00.974   494   494 E wifi_forwarder: qemu_pipe_open_ns:62: Could not connect to the 'pipe:qemud:wififorward' service: Invalid argument
06-19 23:29:00.974   494   494 E wifi_forwarder: RemoteConnection failed to initialize: RemoteConnection failed to open pipe
06-19 23:29:05.377   200   807 E android.system.suspend@1.0-service: Error opening kernel wakelock stats for: wakeup34: Permission denied
06-19 23:29:05.525   200   807 E android.system.suspend@1.0-service: Error opening kernel wakelock stats for: wakeup35: Permission denied
06-19 23:29:06.992   200   807 E android.system.suspend@1.0-service: Error opening kernel wakelock stats for: wakeup34: Permission denied
06-19 23:29:07.014   200   807 E android.system.suspend@1.0-service: Error opening kernel wakelock stats for: wakeup35: Permission denied
06-19 23:29:17.550   538   936 E ClipboardService: Denying clipboard access to com.google.android.gms, application is not in focus nor is it a system service for user 0
06-19 23:29:20.547  8028  8028 E RecyclerView: Passed over target position while smooth scrolling.
06-19 23:29:21.724   358   358 E Layer   : [Surface(name=Task=1)/@0xa0b55a3 - animation-leash#0] No local sync point found
06-19 23:29:21.724   358   358 E Layer   : [Surface(name=Task=16)/@0x1bcfe88 - animation-leash#0] No local sync point found
06-19 23:29:22.601   538  1646 E TaskPersister: File error accessing recents directory (directory doesn't exist?).
06-19 23:29:23.552   358   358 E Layer   : [Surface(name=Task=16)/@0x1bcfe88 - animation-leash#0] No local sync point found
06-19 23:29:23.552   358   358 E Layer   : [Surface(name=Task=1)/@0xa0b55a3 - animation-leash#0] No local sync point found
06-19 23:29:23.796   419   797 E IPCThreadState: binder thread pool (1 threads) starved for 221 ms
06-19 23:29:23.936   358   358 E Layer   : [Surface(name=Task=16)/@0x1bcfe88 - animation-leash#0] No local sync point found
06-19 23:29:23.965  8028  8028 E RecyclerView: Passed over target position while smooth scrolling.
06-19 23:29:25.892   538  1646 E TaskPersister: File error accessing recents directory (directory doesn't exist?).
06-19 23:29:29.061  1583  4055 E SQLiteDatabase: Error inserting flex_time=1198000 job_id=-1 period=2398000 source=16 requires_charging=0 preferred_network_type=1 target_class=com.google.android.gms.measurement.PackageMeasurementTaskService user_id=0 target_package=com.google.android.gms tag=Measurement.PackageMeasurementTaskService.UPLOAD_TASK_TAG task_type=0 required_idleness_state=0 service_kind=0 source_version=201817000 preferred_charging_state=1 required_network_type=0 runtime=1655670568678 retry_strategy={"maximum_backoff_seconds":{"3600":0},"initial_backoff_seconds":{"30":0},"retry_policy":{"0":0}} last_runtime=0
06-19 23:29:29.061  1583  4055 E SQLiteDatabase: android.database.sqlite.SQLiteConstraintException: UNIQUE constraint failed: pending_ops.tag, pending_ops.target_class, pending_ops.target_package, pending_ops.user_id (code 2067 SQLITE_CONSTRAINT_UNIQUE)
06-19 23:29:29.061  1583  4055 E SQLiteDatabase: 	at android.database.sqlite.SQLiteConnection.nativeExecuteForLastInsertedRowId(Native Method)
06-19 23:29:29.061  1583  4055 E SQLiteDatabase: 	at android.database.sqlite.SQLiteConnection.executeForLastInsertedRowId(SQLiteConnection.java:938)
06-19 23:29:29.061  1583  4055 E SQLiteDatabase: 	at android.database.sqlite.SQLiteSession.executeForLastInsertedRowId(SQLiteSession.java:790)
06-19 23:29:29.061  1583  4055 E SQLiteDatabase: 	at android.database.sqlite.SQLiteStatement.executeInsert(SQLiteStatement.java:88)
06-19 23:29:29.061  1583  4055 E SQLiteDatabase: 	at android.database.sqlite.SQLiteDatabase.insertWithOnConflict(SQLiteDatabase.java:1701)
06-19 23:29:29.061  1583  4055 E SQLiteDatabase: 	at android.database.sqlite.SQLiteDatabase.insert(SQLiteDatabase.java:1570)
06-19 23:29:29.061  1583  4055 E SQLiteDatabase: 	at apla.a(:com.google.android.gms@201817022@20.18.17 (040700-311416286):78)
06-19 23:29:29.061  1583  4055 E SQLiteDatabase: 	at apkp.a(:com.google.android.gms@201817022@20.18.17 (040700-311416286):196)
06-19 23:29:29.061  1583  4055 E SQLiteDatabase: 	at apkp.a(:com.google.android.gms@201817022@20.18.17 (040700-311416286):20)
06-19 23:29:29.061  1583  4055 E SQLiteDatabase: 	at apkp.a(:com.google.android.gms@201817022@20.18.17 (040700-311416286):190)
06-19 23:29:29.061  1583  4055 E SQLiteDatabase: 	at apgy.run(:com.google.android.gms@201817022@20.18.17 (040700-311416286):8)
06-19 23:29:29.061  1583  4055 E SQLiteDatabase: 	at sji.b(:com.google.android.gms@201817022@20.18.17 (040700-311416286):12)
06-19 23:29:29.061  1583  4055 E SQLiteDatabase: 	at sji.run(:com.google.android.gms@201817022@20.18.17 (040700-311416286):7)
06-19 23:29:29.061  1583  4055 E SQLiteDatabase: 	at java.util.concurrent.ThreadPoolExecutor.runWorker(ThreadPoolExecutor.java:1167)
06-19 23:29:29.061  1583  4055 E SQLiteDatabase: 	at java.util.concurrent.ThreadPoolExecutor$Worker.run(ThreadPoolExecutor.java:641)
06-19 23:29:29.061  1583  4055 E SQLiteDatabase: 	at spj.run(:com.google.android.gms@201817022@20.18.17 (040700-311416286):0)
06-19 23:29:29.061  1583  4055 E SQLiteDatabase: 	at java.lang.Thread.run(Thread.java:923)
06-19 23:29:29.446  1583  4055 E SQLiteDatabase: Error inserting flex_time=1198000 job_id=-1 period=2397000 source=16 requires_charging=0 preferred_network_type=1 target_class=com.google.android.gms.measurement.PackageMeasurementTaskService user_id=0 target_package=com.google.android.gms tag=Measurement.PackageMeasurementTaskService.UPLOAD_TASK_TAG task_type=0 required_idleness_state=0 service_kind=0 source_version=201817000 preferred_charging_state=1 required_network_type=0 runtime=1655670569204 retry_strategy={"maximum_backoff_seconds":{"3600":0},"initial_backoff_seconds":{"30":0},"retry_policy":{"0":0}} last_runtime=0
06-19 23:29:29.446  1583  4055 E SQLiteDatabase: android.database.sqlite.SQLiteConstraintException: UNIQUE constraint failed: pending_ops.tag, pending_ops.target_class, pending_ops.target_package, pending_ops.user_id (code 2067 SQLITE_CONSTRAINT_UNIQUE)
06-19 23:29:29.446  1583  4055 E SQLiteDatabase: 	at android.database.sqlite.SQLiteConnection.nativeExecuteForLastInsertedRowId(Native Method)
06-19 23:29:29.446  1583  4055 E SQLiteDatabase: 	at android.database.sqlite.SQLiteConnection.executeForLastInsertedRowId(SQLiteConnection.java:938)
06-19 23:29:29.446  1583  4055 E SQLiteDatabase: 	at android.database.sqlite.SQLiteSession.executeForLastInsertedRowId(SQLiteSession.java:790)
06-19 23:29:29.446  1583  4055 E SQLiteDatabase: 	at android.database.sqlite.SQLiteStatement.executeInsert(SQLiteStatement.java:88)
06-19 23:29:29.446  1583  4055 E SQLiteDatabase: 	at android.database.sqlite.SQLiteDatabase.insertWithOnConflict(SQLiteDatabase.java:1701)
06-19 23:29:29.446  1583  4055 E SQLiteDatabase: 	at android.database.sqlite.SQLiteDatabase.insert(SQLiteDatabase.java:1570)
06-19 23:29:29.446  1583  4055 E SQLiteDatabase: 	at apla.a(:com.google.android.gms@201817022@20.18.17 (040700-311416286):78)
06-19 23:29:29.446  1583  4055 E SQLiteDatabase: 	at apkp.a(:com.google.android.gms@201817022@20.18.17 (040700-311416286):196)
06-19 23:29:29.446  1583  4055 E SQLiteDatabase: 	at apkp.a(:com.google.android.gms@201817022@20.18.17 (040700-311416286):20)
06-19 23:29:29.446  1583  4055 E SQLiteDatabase: 	at apkp.a(:com.google.android.gms@201817022@20.18.17 (040700-311416286):190)
06-19 23:29:29.446  1583  4055 E SQLiteDatabase: 	at apgy.run(:com.google.android.gms@201817022@20.18.17 (040700-311416286):8)
06-19 23:29:29.446  1583  4055 E SQLiteDatabase: 	at sji.b(:com.google.android.gms@201817022@20.18.17 (040700-311416286):12)
06-19 23:29:29.446  1583  4055 E SQLiteDatabase: 	at sji.run(:com.google.android.gms@201817022@20.18.17 (040700-311416286):7)
06-19 23:29:29.446  1583  4055 E SQLiteDatabase: 	at java.util.concurrent.ThreadPoolExecutor.runWorker(ThreadPoolExecutor.java:1167)
06-19 23:29:29.446  1583  4055 E SQLiteDatabase: 	at java.util.concurrent.ThreadPoolExecutor$Worker.run(ThreadPoolExecutor.java:641)
06-19 23:29:29.446  1583  4055 E SQLiteDatabase: 	at spj.run(:com.google.android.gms@201817022@20.18.17 (040700-311416286):0)
06-19 23:29:29.446  1583  4055 E SQLiteDatabase: 	at java.lang.Thread.run(Thread.java:923)
06-19 23:29:29.717  1583  4055 E SQLiteDatabase: Error inserting flex_time=1197000 job_id=-1 period=2396000 source=16 requires_charging=0 preferred_network_type=1 target_class=com.google.android.gms.measurement.PackageMeasurementTaskService user_id=0 target_package=com.google.android.gms tag=Measurement.PackageMeasurementTaskService.UPLOAD_TASK_TAG task_type=0 required_idleness_state=0 service_kind=0 source_version=201817000 preferred_charging_state=1 required_network_type=0 runtime=1655670569677 retry_strategy={"maximum_backoff_seconds":{"3600":0},"initial_backoff_seconds":{"30":0},"retry_policy":{"0":0}} last_runtime=0
06-19 23:29:29.717  1583  4055 E SQLiteDatabase: android.database.sqlite.SQLiteConstraintException: UNIQUE constraint failed: pending_ops.tag, pending_ops.target_class, pending_ops.target_package, pending_ops.user_id (code 2067 SQLITE_CONSTRAINT_UNIQUE)
06-19 23:29:29.717  1583  4055 E SQLiteDatabase: 	at android.database.sqlite.SQLiteConnection.nativeExecuteForLastInsertedRowId(Native Method)
06-19 23:29:29.717  1583  4055 E SQLiteDatabase: 	at android.database.sqlite.SQLiteConnection.executeForLastInsertedRowId(SQLiteConnection.java:938)
06-19 23:29:29.717  1583  4055 E SQLiteDatabase: 	at android.database.sqlite.SQLiteSession.executeForLastInsertedRowId(SQLiteSession.java:790)
06-19 23:29:29.717  1583  4055 E SQLiteDatabase: 	at android.database.sqlite.SQLiteStatement.executeInsert(SQLiteStatement.java:88)
06-19 23:29:29.717  1583  4055 E SQLiteDatabase: 	at android.database.sqlite.SQLiteDatabase.insertWithOnConflict(SQLiteDatabase.java:1701)
06-19 23:29:29.717  1583  4055 E SQLiteDatabase: 	at android.database.sqlite.SQLiteDatabase.insert(SQLiteDatabase.java:1570)
06-19 23:29:29.717  1583  4055 E SQLiteDatabase: 	at apla.a(:com.google.android.gms@201817022@20.18.17 (040700-311416286):78)
06-19 23:29:29.717  1583  4055 E SQLiteDatabase: 	at apkp.a(:com.google.android.gms@201817022@20.18.17 (040700-311416286):196)
06-19 23:29:29.717  1583  4055 E SQLiteDatabase: 	at apkp.a(:com.google.android.gms@201817022@20.18.17 (040700-311416286):20)
06-19 23:29:29.717  1583  4055 E SQLiteDatabase: 	at apkp.a(:com.google.android.gms@201817022@20.18.17 (040700-311416286):190)
06-19 23:29:29.717  1583  4055 E SQLiteDatabase: 	at apgy.run(:com.google.android.gms@201817022@20.18.17 (040700-311416286):8)
06-19 23:29:29.717  1583  4055 E SQLiteDatabase: 	at sji.b(:com.google.android.gms@201817022@20.18.17 (040700-311416286):12)
06-19 23:29:29.717  1583  4055 E SQLiteDatabase: 	at sji.run(:com.google.android.gms@201817022@20.18.17 (040700-311416286):7)
06-19 23:29:29.717  1583  4055 E SQLiteDatabase: 	at java.util.concurrent.ThreadPoolExecutor.runWorker(ThreadPoolExecutor.java:1167)
06-19 23:29:29.717  1583  4055 E SQLiteDatabase: 	at java.util.concurrent.ThreadPoolExecutor$Worker.run(ThreadPoolExecutor.java:641)
06-19 23:29:29.717  1583  4055 E SQLiteDatabase: 	at spj.run(:com.google.android.gms@201817022@20.18.17 (040700-311416286):0)
06-19 23:29:29.717  1583  4055 E SQLiteDatabase: 	at java.lang.Thread.run(Thread.java:923)
06-19 23:29:36.809   538   936 E ClipboardService: Denying clipboard access to com.google.android.gms, application is not in focus nor is it a system service for user 0
06-19 23:29:41.448  8028  8145 E QTagParser: Error reading from /proc/net/xt_qtaguid/stats. Please check if this file exists.
06-19 23:29:41.740  8028  8028 E com.pinterest: Invalid ID 0x00000000.
06-19 23:29:41.743  8028  8028 E com.pinterest: Invalid ID 0x00000000.
06-19 23:29:41.914  8028  8145 E QTagParser: Error reading from /proc/net/xt_qtaguid/stats. Please check if this file exists.
06-19 23:29:41.941  8028  8145 E QTagParser: Error reading from /proc/net/xt_qtaguid/stats. Please check if this file exists.
06-19 23:29:41.993  8028  8145 E QTagParser: Error reading from /proc/net/xt_qtaguid/stats. Please check if this file exists.
06-19 23:29:44.685  8028  8145 E QTagParser: Error reading from /proc/net/xt_qtaguid/stats. Please check if this file exists.
06-19 23:29:44.743  8028  8145 E QTagParser: Error reading from /proc/net/xt_qtaguid/stats. Please check if this file exists.
06-19 23:29:52.530  8028  8145 E QTagParser: Error reading from /proc/net/xt_qtaguid/stats. Please check if this file exists.
06-19 23:29:53.067  8028  8145 E QTagParser: Error reading from /proc/net/xt_qtaguid/stats. Please check if this file exists.
06-19 23:29:53.618  8028  8145 E QTagParser: Error reading from /proc/net/xt_qtaguid/stats. Please check if this file exists.
06-19 23:29:53.839  8028  8145 E QTagParser: Error reading from /proc/net/xt_qtaguid/stats. Please check if this file exists.
06-19 23:29:54.414  8028  8145 E QTagParser: Error reading from /proc/net/xt_qtaguid/stats. Please check if this file exists.
06-19 23:29:54.550  8028  8145 E QTagParser: Error reading from /proc/net/xt_qtaguid/stats. Please check if this file exists.
06-19 23:29:57.289  8028  8145 E QTagParser: Error reading from /proc/net/xt_qtaguid/stats. Please check if this file exists.
06-19 23:29:57.533  8028  8145 E QTagParser: Error reading from /proc/net/xt_qtaguid/stats. Please check if this file exists.
06-19 23:29:57.649  8028  8145 E QTagParser: Error reading from /proc/net/xt_qtaguid/stats. Please check if this file exists.
06-19 23:29:57.808  8028  8145 E QTagParser: Error reading from /proc/net/xt_qtaguid/stats. Please check if this file exists.
06-19 23:29:58.193  8028  8145 E QTagParser: Error reading from /proc/net/xt_qtaguid/stats. Please check if this file exists.
06-19 23:29:58.344  8028  8145 E QTagParser: Error reading from /proc/net/xt_qtaguid/stats. Please check if this file exists.
06-19 23:29:59.900   489   489 E netmgr  : qemu_pipe_open_ns:62: Could not connect to the 'pipe:qemud:network' service: Invalid argument
06-19 23:29:59.900   489   489 E netmgr  : Failed to open QEMU pipe 'qemud:network': Invalid argument
06-19 23:30:01.030   494   494 E wifi_forwarder: qemu_pipe_open_ns:62: Could not connect to the 'pipe:qemud:wififorward' service: Invalid argument
06-19 23:30:01.030   494   494 E wifi_forwarder: RemoteConnection failed to initialize: RemoteConnection failed to open pipe
06-19 23:30:02.761  8028  8145 E QTagParser: Error reading from /proc/net/xt_qtaguid/stats. Please check if this file exists.
06-19 23:30:03.769  8028  8145 E QTagParser: Error reading from /proc/net/xt_qtaguid/stats. Please check if this file exists.
06-19 23:30:04.775  8028  8145 E QTagParser: Error reading from /proc/net/xt_qtaguid/stats. Please check if this file exists.
06-19 23:30:05.636  8028  8145 E QTagParser: Error reading from /proc/net/xt_qtaguid/stats. Please check if this file exists.
06-19 23:30:07.512  8028  8145 E QTagParser: Error reading from /proc/net/xt_qtaguid/stats. Please check if this file exists.
