06-18 22:50:25.086  2215  2215 E ViewConfiguration: 	at android.view.ViewConfiguration.get(ViewConfiguration.java:510)
06-18 22:50:25.086  2215  2215 E ViewConfiguration: 	at android.view.View.<init>(View.java:5317)
06-18 22:50:25.086  2215  2215 E ViewConfiguration: 	at android.view.View.<init>(View.java:5467)
06-18 22:50:25.086  2215  2215 E ViewConfiguration: 	at android.view.ViewGroup.<init>(ViewGroup.java:697)
06-18 22:50:25.086  2215  2215 E ViewConfiguration: 	at android.widget.LinearLayout.<init>(LinearLayout.java:254)
06-18 22:50:25.086  2215  2215 E ViewConfiguration: 	at android.widget.LinearLayout.<init>(LinearLayout.java:250)
06-18 22:50:25.086  2215  2215 E ViewConfiguration: 	at android.widget.LinearLayout.<init>(LinearLayout.java:246)
06-18 22:50:25.086  2215  2215 E ViewConfiguration: 	at java.lang.reflect.Constructor.newInstance0(Native Method)
06-18 22:50:25.086  2215  2215 E ViewConfiguration: 	at java.lang.reflect.Constructor.newInstance(Constructor.java:343)
06-18 22:50:25.086  2215  2215 E ViewConfiguration: 	at android.view.LayoutInflater.createView(LayoutInflater.java:852)
06-18 22:50:25.086  2215  2215 E ViewConfiguration: 	at android.view.LayoutInflater.createView(LayoutInflater.java:774)
06-18 22:50:25.086  2215  2215 E ViewConfiguration: 	at com.android.internal.policy.PhoneLayoutInflater.onCreateView(PhoneLayoutInflater.java:58)
06-18 22:50:25.086  2215  2215 E ViewConfiguration: 	at android.view.LayoutInflater.onCreateView(LayoutInflater.java:928)
06-18 22:50:25.086  2215  2215 E ViewConfiguration: 	at android.view.LayoutInflater.onCreateView(LayoutInflater.java:948)
06-18 22:50:25.086  2215  2215 E ViewConfiguration: 	at android.view.LayoutInflater.createViewFromTag(LayoutInflater.java:1002)
06-18 22:50:25.086  2215  2215 E ViewConfiguration: 	at android.view.LayoutInflater.createViewFromTag(LayoutInflater.java:959)
06-18 22:50:25.086  2215  2215 E ViewConfiguration: 	at android.view.LayoutInflater.rInflate(LayoutInflater.java:1121)
06-18 22:50:25.086  2215  2215 E ViewConfiguration: 	at android.view.LayoutInflater.rInflateChildren(LayoutInflater.java:1082)
06-18 22:50:25.086  2215  2215 E ViewConfiguration: 	at android.view.LayoutInflater.inflate(LayoutInflater.java:680)
06-18 22:50:25.086  2215  2215 E ViewConfiguration: 	at android.view.LayoutInflater.inflate(LayoutInflater.java:532)
06-18 22:50:25.086  2215  2215 E ViewConfiguration: 	at android.view.LayoutInflater.inflate(LayoutInflater.java:479)
06-18 22:50:25.086  2215  2215 E ViewConfiguration: 	at com.android.documentsui.DragShadowBuilder.<init>(DragShadowBuilder.java:49)
06-18 22:50:25.086  2215  2215 E ViewConfiguration: 	at com.android.documentsui.DragAndDropManager$RuntimeDragAndDropManager.<init>(DragAndDropManager.java:195)
06-18 22:50:25.086  2215  2215 E ViewConfiguration: 	at com.android.documentsui.DragAndDropManager$RuntimeDragAndDropManager.<init>(DragAndDropManager.java:166)
06-18 22:50:25.086  2215  2215 E ViewConfiguration: 	at com.android.documentsui.DragAndDropManager.create(DragAndDropManager.java:163)
06-18 22:50:25.086  2215  2215 E ViewConfiguration: 	at com.android.documentsui.DocumentsApplication.onCreate(DocumentsApplication.java:145)
06-18 22:50:25.086  2215  2215 E ViewConfiguration: 	at android.app.Instrumentation.callApplicationOnCreate(Instrumentation.java:1192)
06-18 22:50:25.086  2215  2215 E ViewConfiguration: 	at android.app.ActivityThread.handleBindApplication(ActivityThread.java:6712)
06-18 22:50:25.086  2215  2215 E ViewConfiguration: 	at android.app.ActivityThread.access$1300(ActivityThread.java:237)
06-18 22:50:25.086  2215  2215 E ViewConfiguration: 	at android.app.ActivityThread$H.handleMessage(ActivityThread.java:1913)
06-18 22:50:25.086  2215  2215 E ViewConfiguration: 	at android.os.Handler.dispatchMessage(Handler.java:106)
06-18 22:50:25.086  2215  2215 E ViewConfiguration: 	at android.os.Looper.loop(Looper.java:223)
06-18 22:50:25.086  2215  2215 E ViewConfiguration: 	at android.app.ActivityThread.main(ActivityThread.java:7656)
06-18 22:50:25.086  2215  2215 E ViewConfiguration: 	at java.lang.reflect.Method.invoke(Native Method)
06-18 22:50:25.086  2215  2215 E ViewConfiguration: 	at com.android.internal.os.RuntimeInit$MethodAndArgsCaller.run(RuntimeInit.java:592)
06-18 22:50:25.086  2215  2215 E ViewConfiguration: 	at com.android.internal.os.ZygoteInit.main(ZygoteInit.java:947)
06-18 22:50:25.094  2215  2215 E ViewConfiguration: Tried to access UI constants from a non-visual Context:com.android.documentsui.DocumentsApplication@b5ee885UI constants, such as display metrics or window metrics, must be accessed from Activity or other visual Context. Use an Activity or a Context created with Context#createWindowContext(int, Bundle), which are adjusted to the configuration and visual bounds of an area on screen
06-18 22:50:25.094  2215  2215 E ViewConfiguration: java.lang.IllegalArgumentException: Tried to access UI constants from a non-visual Context:com.android.documentsui.DocumentsApplication@b5ee885
06-18 22:50:25.094  2215  2215 E ViewConfiguration: 	at android.view.ViewConfiguration.get(ViewConfiguration.java:510)
06-18 22:50:25.094  2215  2215 E ViewConfiguration: 	at android.view.View.<init>(View.java:5317)
06-18 22:50:25.094  2215  2215 E ViewConfiguration: 	at android.view.View.<init>(View.java:5467)
06-18 22:50:25.094  2215  2215 E ViewConfiguration: 	at android.widget.ImageView.<init>(ImageView.java:195)
06-18 22:50:25.094  2215  2215 E ViewConfiguration: 	at android.widget.ImageView.<init>(ImageView.java:190)
06-18 22:50:25.094  2215  2215 E ViewConfiguration: 	at android.widget.ImageView.<init>(ImageView.java:186)
06-18 22:50:25.094  2215  2215 E ViewConfiguration: 	at com.android.documentsui.DropBadgeView.<init>(DropBadgeView.java:40)
06-18 22:50:25.094  2215  2215 E ViewConfiguration: 	at java.lang.reflect.Constructor.newInstance0(Native Method)
06-18 22:50:25.094  2215  2215 E ViewConfiguration: 	at java.lang.reflect.Constructor.newInstance(Constructor.java:343)
06-18 22:50:25.094  2215  2215 E ViewConfiguration: 	at android.view.LayoutInflater.createView(LayoutInflater.java:852)
06-18 22:50:25.094  2215  2215 E ViewConfiguration: 	at android.view.LayoutInflater.createViewFromTag(LayoutInflater.java:1004)
06-18 22:50:25.094  2215  2215 E ViewConfiguration: 	at android.view.LayoutInflater.parseInclude(LayoutInflater.java:1231)
06-18 22:50:25.094  2215  2215 E ViewConfiguration: 	at android.view.LayoutInflater.rInflate(LayoutInflater.java:1117)
06-18 22:50:25.094  2215  2215 E ViewConfiguration: 	at android.view.LayoutInflater.rInflateChildren(LayoutInflater.java:1082)
06-18 22:50:25.094  2215  2215 E ViewConfiguration: 	at android.view.LayoutInflater.rInflate(LayoutInflater.java:1124)
06-18 22:50:25.094  2215  2215 E ViewConfiguration: 	at android.view.LayoutInflater.rInflateChildren(LayoutInflater.java:1082)
06-18 22:50:25.094  2215  2215 E ViewConfiguration: 	at android.view.LayoutInflater.inflate(LayoutInflater.java:680)
06-18 22:50:25.094  2215  2215 E ViewConfiguration: 	at android.view.LayoutInflater.inflate(LayoutInflater.java:532)
06-18 22:50:25.094  2215  2215 E ViewConfiguration: 	at android.view.LayoutInflater.inflate(LayoutInflater.java:479)
06-18 22:50:25.094  2215  2215 E ViewConfiguration: 	at com.android.documentsui.DragShadowBuilder.<init>(DragShadowBuilder.java:49)
06-18 22:50:25.094  2215  2215 E ViewConfiguration: 	at com.android.documentsui.DragAndDropManager$RuntimeDragAndDropManager.<init>(DragAndDropManager.java:195)
06-18 22:50:25.094  2215  2215 E ViewConfiguration: 	at com.android.documentsui.DragAndDropManager$RuntimeDragAndDropManager.<init>(DragAndDropManager.java:166)
06-18 22:50:25.094  2215  2215 E ViewConfiguration: 	at com.android.documentsui.DragAndDropManager.create(DragAndDropManager.java:163)
06-18 22:50:25.094  2215  2215 E ViewConfiguration: 	at com.android.documentsui.DocumentsApplication.onCreate(DocumentsApplication.java:145)
06-18 22:50:25.094  2215  2215 E ViewConfiguration: 	at android.app.Instrumentation.callApplicationOnCreate(Instrumentation.java:1192)
06-18 22:50:25.094  2215  2215 E ViewConfiguration: 	at android.app.ActivityThread.handleBindApplication(ActivityThread.java:6712)
06-18 22:50:25.094  2215  2215 E ViewConfiguration: 	at android.app.ActivityThread.access$1300(ActivityThread.java:237)
06-18 22:50:25.094  2215  2215 E ViewConfiguration: 	at android.app.ActivityThread$H.handleMessage(ActivityThread.java:1913)
06-18 22:50:25.094  2215  2215 E ViewConfiguration: 	at android.os.Handler.dispatchMessage(Handler.java:106)
06-18 22:50:25.094  2215  2215 E ViewConfiguration: 	at android.os.Looper.loop(Looper.java:223)
06-18 22:50:25.094  2215  2215 E ViewConfiguration: 	at android.app.ActivityThread.main(ActivityThread.java:7656)
06-18 22:50:25.094  2215  2215 E ViewConfiguration: 	at java.lang.reflect.Method.invoke(Native Method)
06-18 22:50:25.094  2215  2215 E ViewConfiguration: 	at com.android.internal.os.RuntimeInit$MethodAndArgsCaller.run(RuntimeInit.java:592)
06-18 22:50:25.094  2215  2215 E ViewConfiguration: 	at com.android.internal.os.ZygoteInit.main(ZygoteInit.java:947)
06-18 22:50:25.145  2215  2215 E ViewConfiguration: Tried to access UI constants from a non-visual Context:com.android.documentsui.DocumentsApplication@b5ee885UI constants, such as display metrics or window metrics, must be accessed from Activity or other visual Context. Use an Activity or a Context created with Context#createWindowContext(int, Bundle), which are adjusted to the configuration and visual bounds of an area on screen
06-18 22:50:25.145  2215  2215 E ViewConfiguration: java.lang.IllegalArgumentException: Tried to access UI constants from a non-visual Context:com.android.documentsui.DocumentsApplication@b5ee885
06-18 22:50:25.145  2215  2215 E ViewConfiguration: 	at android.view.ViewConfiguration.get(ViewConfiguration.java:510)
06-18 22:50:25.145  2215  2215 E ViewConfiguration: 	at android.view.View.<init>(View.java:5317)
06-18 22:50:25.145  2215  2215 E ViewConfiguration: 	at android.view.View.<init>(View.java:5467)
06-18 22:50:25.145  2215  2215 E ViewConfiguration: 	at android.widget.TextView.<init>(TextView.java:996)
06-18 22:50:25.145  2215  2215 E ViewConfiguration: 	at android.widget.TextView.<init>(TextView.java:990)
06-18 22:50:25.145  2215  2215 E ViewConfiguration: 	at android.widget.TextView.<init>(TextView.java:986)
06-18 22:50:25.145  2215  2215 E ViewConfiguration: 	at java.lang.reflect.Constructor.newInstance0(Native Method)
06-18 22:50:25.145  2215  2215 E ViewConfiguration: 	at java.lang.reflect.Constructor.newInstance(Constructor.java:343)
06-18 22:50:25.145  2215  2215 E ViewConfiguration: 	at android.view.LayoutInflater.createView(LayoutInflater.java:852)
06-18 22:50:25.145  2215  2215 E ViewConfiguration: 	at android.view.LayoutInflater.createView(LayoutInflater.java:774)
06-18 22:50:25.145  2215  2215 E ViewConfiguration: 	at com.android.internal.policy.PhoneLayoutInflater.onCreateView(PhoneLayoutInflater.java:58)
06-18 22:50:25.145  2215  2215 E ViewConfiguration: 	at android.view.LayoutInflater.onCreateView(LayoutInflater.java:928)
06-18 22:50:25.145  2215  2215 E ViewConfiguration: 	at android.view.LayoutInflater.onCreateView(LayoutInflater.java:948)
06-18 22:50:25.145  2215  2215 E ViewConfiguration: 	at android.view.LayoutInflater.createViewFromTag(LayoutInflater.java:1002)
06-18 22:50:25.145  2215  2215 E ViewConfiguration: 	at android.view.LayoutInflater.createViewFromTag(LayoutInflater.java:959)
06-18 22:50:25.145  2215  2215 E ViewConfiguration: 	at android.view.LayoutInflater.rInflate(LayoutInflater.java:1121)
06-18 22:50:25.145  2215  2215 E ViewConfiguration: 	at android.view.LayoutInflater.rInflateChildren(LayoutInflater.java:1082)
06-18 22:50:25.145  2215  2215 E ViewConfiguration: 	at android.view.LayoutInflater.rInflate(LayoutInflater.java:1124)
06-18 22:50:25.145  2215  2215 E ViewConfiguration: 	at android.view.LayoutInflater.rInflateChildren(LayoutInflater.java:1082)
06-18 22:50:25.145  2215  2215 E ViewConfiguration: 	at android.view.LayoutInflater.inflate(LayoutInflater.java:680)
06-18 22:50:25.145  2215  2215 E ViewConfiguration: 	at android.view.LayoutInflater.inflate(LayoutInflater.java:532)
06-18 22:50:25.145  2215  2215 E ViewConfiguration: 	at android.view.LayoutInflater.inflate(LayoutInflater.java:479)
06-18 22:50:25.145  2215  2215 E ViewConfiguration: 	at com.android.documentsui.DragShadowBuilder.<init>(DragShadowBuilder.java:49)
06-18 22:50:25.145  2215  2215 E ViewConfiguration: 	at com.android.documentsui.DragAndDropManager$RuntimeDragAndDropManager.<init>(DragAndDropManager.java:195)
06-18 22:50:25.145  2215  2215 E ViewConfiguration: 	at com.android.documentsui.DragAndDropManager$RuntimeDragAndDropManager.<init>(DragAndDropManager.java:166)
06-18 22:50:25.145  2215  2215 E ViewConfiguration: 	at com.android.documentsui.DragAndDropManager.create(DragAndDropManager.java:163)
06-18 22:50:25.145  2215  2215 E ViewConfiguration: 	at com.android.documentsui.DocumentsApplication.onCreate(DocumentsApplication.java:145)
06-18 22:50:25.145  2215  2215 E ViewConfiguration: 	at android.app.Instrumentation.callApplicationOnCreate(Instrumentation.java:1192)
06-18 22:50:25.145  2215  2215 E ViewConfiguration: 	at android.app.ActivityThread.handleBindApplication(ActivityThread.java:6712)
06-18 22:50:25.145  2215  2215 E ViewConfiguration: 	at android.app.ActivityThread.access$1300(ActivityThread.java:237)
06-18 22:50:25.145  2215  2215 E ViewConfiguration: 	at android.app.ActivityThread$H.handleMessage(ActivityThread.java:1913)
06-18 22:50:25.145  2215  2215 E ViewConfiguration: 	at android.os.Handler.dispatchMessage(Handler.java:106)
06-18 22:50:25.145  2215  2215 E ViewConfiguration: 	at android.os.Looper.loop(Looper.java:223)
06-18 22:50:25.145  2215  2215 E ViewConfiguration: 	at android.app.ActivityThread.main(ActivityThread.java:7656)
06-18 22:50:25.145  2215  2215 E ViewConfiguration: 	at java.lang.reflect.Method.invoke(Native Method)
06-18 22:50:25.145  2215  2215 E ViewConfiguration: 	at com.android.internal.os.RuntimeInit$MethodAndArgsCaller.run(RuntimeInit.java:592)
06-18 22:50:25.145  2215  2215 E ViewConfiguration: 	at com.android.internal.os.ZygoteInit.main(ZygoteInit.java:947)
06-18 22:50:25.412     0     0 E binder  : invalid inc weak node for 122251
06-18 22:50:25.415     0     0 E binder  : invalid inc weak node for 122253
06-18 22:50:25.495  1700  2311 E MultiDisplayService: invalid parameters for add/modify display
06-18 22:50:26.113  2127  2251 E MagicTether: [MagicTetherInitializer] Invalid account list.
06-18 22:50:27.130  2127  2222 E GmsClient: unable to connect to service: com.google.android.gms.auth.key.retrieval.service.START on com.google.android.gms
06-18 22:50:28.918  2127  2498 E GmsRequestQueue: Tried to stop global GMSCore RequestQueue. This is likely unintended, so ignoring.
06-18 22:50:28.927  2127  2498 E Authzen : [AuthZenEventHandler] unknown action: com.google.android.chimera.IntentOperation.NEW_MODULE
06-18 22:50:29.172  2127  2442 E native  : filesystem.cc:93 Opening file /data/data/com.google.android.gms/files/AppDataSearch/main/cur/compact_status for read failed: No such file or directory
06-18 22:50:29.319  1583  2354 E NearbyDiscovery: DiscoveryNearbyMessagesManager failed to background subscribe [CONTEXT service_id=49 ]
06-18 22:50:29.319  1583  2354 E NearbyDiscovery: java.util.concurrent.TimeoutException: Timed out waiting for Task
06-18 22:50:29.319  1583  2354 E NearbyDiscovery: 	at auct.a(:com.google.android.gms@201817022@20.18.17 (040700-311416286):22)
06-18 22:50:29.319  1583  2354 E NearbyDiscovery: 	at ahoi.a(:com.google.android.gms@201817022@20.18.17 (040700-311416286):23)
06-18 22:50:29.319  1583  2354 E NearbyDiscovery: 	at ahnz.run(:com.google.android.gms@201817022@20.18.17 (040700-311416286):3)
06-18 22:50:29.319  1583  2354 E NearbyDiscovery: 	at buwi.handleMessage(:com.google.android.gms@201817022@20.18.17 (040700-311416286):6)
06-18 22:50:29.319  1583  2354 E NearbyDiscovery: 	at android.os.Handler.dispatchMessage(Handler.java:106)
06-18 22:50:29.319  1583  2354 E NearbyDiscovery: 	at adxm.a(:com.google.android.gms@201817022@20.18.17 (040700-311416286):2)
06-18 22:50:29.319  1583  2354 E NearbyDiscovery: 	at adxm.dispatchMessage(:com.google.android.gms@201817022@20.18.17 (040700-311416286):14)
06-18 22:50:29.319  1583  2354 E NearbyDiscovery: 	at android.os.Looper.loop(Looper.java:223)
06-18 22:50:29.319  1583  2354 E NearbyDiscovery: 	at android.os.HandlerThread.run(HandlerThread.java:67)
06-18 22:50:29.472  1583  2492 E GeofenceStateCache: Unable to load state, all registered geofences are lost.
06-18 22:50:30.944  1583  2354 E NearbyDiscovery: DiscoveryNearbyMessagesManager failed to background subscribe [CONTEXT service_id=49 ]
06-18 22:50:30.944  1583  2354 E NearbyDiscovery: java.util.concurrent.TimeoutException: Timed out waiting for Task
06-18 22:50:30.944  1583  2354 E NearbyDiscovery: 	at auct.a(:com.google.android.gms@201817022@20.18.17 (040700-311416286):22)
06-18 22:50:30.944  1583  2354 E NearbyDiscovery: 	at ahoi.a(:com.google.android.gms@201817022@20.18.17 (040700-311416286):23)
06-18 22:50:30.944  1583  2354 E NearbyDiscovery: 	at ahnz.run(:com.google.android.gms@201817022@20.18.17 (040700-311416286):3)
06-18 22:50:30.944  1583  2354 E NearbyDiscovery: 	at buwi.handleMessage(:com.google.android.gms@201817022@20.18.17 (040700-311416286):6)
06-18 22:50:30.944  1583  2354 E NearbyDiscovery: 	at android.os.Handler.dispatchMessage(Handler.java:106)
06-18 22:50:30.944  1583  2354 E NearbyDiscovery: 	at adxm.a(:com.google.android.gms@201817022@20.18.17 (040700-311416286):2)
06-18 22:50:30.944  1583  2354 E NearbyDiscovery: 	at adxm.dispatchMessage(:com.google.android.gms@201817022@20.18.17 (040700-311416286):14)
06-18 22:50:30.944  1583  2354 E NearbyDiscovery: 	at android.os.Looper.loop(Looper.java:223)
06-18 22:50:30.944  1583  2354 E NearbyDiscovery: 	at android.os.HandlerThread.run(HandlerThread.java:67)
06-18 22:50:31.275  1583  2597 E GCM     : Missing checkin config file
06-18 22:50:31.292  1583  2597 E GCM     : Missing checkin config file
06-18 22:50:31.383  1583  2597 E WakeLock: GCM_HB_ALARM release without a matched acquire!
06-18 22:50:31.790  1583  2345 E EasyUnlock: [EasyUnlockSupportReporterIntentOperation] Invalid account list.
06-18 22:50:31.831  1583  2611 E GCM     : Missing checkin config file
06-18 22:50:31.838  1583  2363 E EasyUnlock: [HostValidator] Invalid account list.
06-18 22:50:31.858  1583  2611 E GCM     : Missing checkin config file
06-18 22:50:31.896  1583  2611 E WakeLock: GCM_HB_ALARM release without a matched acquire!
06-18 22:50:31.987  1583  2354 E NearbyDiscovery: DiscoveryNearbyMessagesManager failed to background subscribe [CONTEXT service_id=49 ]
06-18 22:50:31.987  1583  2354 E NearbyDiscovery: java.util.concurrent.TimeoutException: Timed out waiting for Task
06-18 22:50:31.987  1583  2354 E NearbyDiscovery: 	at auct.a(:com.google.android.gms@201817022@20.18.17 (040700-311416286):22)
06-18 22:50:31.987  1583  2354 E NearbyDiscovery: 	at ahoi.a(:com.google.android.gms@201817022@20.18.17 (040700-311416286):23)
06-18 22:50:31.987  1583  2354 E NearbyDiscovery: 	at ahnz.run(:com.google.android.gms@201817022@20.18.17 (040700-311416286):3)
06-18 22:50:31.987  1583  2354 E NearbyDiscovery: 	at buwi.handleMessage(:com.google.android.gms@201817022@20.18.17 (040700-311416286):6)
06-18 22:50:31.987  1583  2354 E NearbyDiscovery: 	at android.os.Handler.dispatchMessage(Handler.java:106)
06-18 22:50:31.987  1583  2354 E NearbyDiscovery: 	at adxm.a(:com.google.android.gms@201817022@20.18.17 (040700-311416286):2)
06-18 22:50:31.987  1583  2354 E NearbyDiscovery: 	at adxm.dispatchMessage(:com.google.android.gms@201817022@20.18.17 (040700-311416286):14)
06-18 22:50:31.987  1583  2354 E NearbyDiscovery: 	at android.os.Looper.loop(Looper.java:223)
06-18 22:50:31.987  1583  2354 E NearbyDiscovery: 	at android.os.HandlerThread.run(HandlerThread.java:67)
06-18 22:50:32.142  2127  2423 E PhenotypeRegOp: Attempting to overwrite config package for com.google.android.gms.car [CONTEXT service_id=231 ]
06-18 22:50:32.601  2127  2423 E PhenotypeRegOp: Attempting to overwrite config package for com.google.android.gms.games [CONTEXT service_id=231 ]
06-18 22:50:32.604  2127  2423 E PhenotypeRegOp: Attempting to overwrite config package for com.google.android.gms.mobile_data_plan [CONTEXT service_id=231 ]
06-18 22:50:32.605  2127  2423 E PhenotypeRegOp: Attempting to overwrite config package for com.google.android.gms.signin [CONTEXT service_id=231 ]
06-18 22:50:32.607  2127  2423 E PhenotypeRegOp: Attempting to overwrite config package for com.google.android.gms.udc [CONTEXT service_id=231 ]
06-18 22:50:32.946  1583  2343 E ActivityThread: Failed to find provider info for instantapp-dev-manager
06-18 22:50:33.263  1583  2354 E NearbyDiscovery: DiscoveryNearbyMessagesManager failed to background subscribe [CONTEXT service_id=49 ]
06-18 22:50:33.263  1583  2354 E NearbyDiscovery: java.util.concurrent.TimeoutException: Timed out waiting for Task
06-18 22:50:33.263  1583  2354 E NearbyDiscovery: 	at auct.a(:com.google.android.gms@201817022@20.18.17 (040700-311416286):22)
06-18 22:50:33.263  1583  2354 E NearbyDiscovery: 	at ahoi.a(:com.google.android.gms@201817022@20.18.17 (040700-311416286):23)
06-18 22:50:33.263  1583  2354 E NearbyDiscovery: 	at ahnz.run(:com.google.android.gms@201817022@20.18.17 (040700-311416286):3)
06-18 22:50:33.263  1583  2354 E NearbyDiscovery: 	at buwi.handleMessage(:com.google.android.gms@201817022@20.18.17 (040700-311416286):6)
06-18 22:50:33.263  1583  2354 E NearbyDiscovery: 	at android.os.Handler.dispatchMessage(Handler.java:106)
06-18 22:50:33.263  1583  2354 E NearbyDiscovery: 	at adxm.a(:com.google.android.gms@201817022@20.18.17 (040700-311416286):2)
06-18 22:50:33.263  1583  2354 E NearbyDiscovery: 	at adxm.dispatchMessage(:com.google.android.gms@201817022@20.18.17 (040700-311416286):14)
06-18 22:50:33.263  1583  2354 E NearbyDiscovery: 	at android.os.Looper.loop(Looper.java:223)
06-18 22:50:33.263  1583  2354 E NearbyDiscovery: 	at android.os.HandlerThread.run(HandlerThread.java:67)
06-18 22:50:33.739  1583  1583 E GmsRequestQueue: Tried to stop global GMSCore RequestQueue. This is likely unintended, so ignoring.
06-18 22:50:35.119  2833  2857 E ActivityThread: Failed to find provider info for com.android.launcher2.settings
06-18 22:50:36.262  1583  2354 E NearbyDiscovery: DiscoveryNearbyMessagesManager failed to background subscribe [CONTEXT service_id=49 ]
06-18 22:50:36.262  1583  2354 E NearbyDiscovery: java.util.concurrent.TimeoutException: Timed out waiting for Task
06-18 22:50:36.262  1583  2354 E NearbyDiscovery: 	at auct.a(:com.google.android.gms@201817022@20.18.17 (040700-311416286):22)
06-18 22:50:36.262  1583  2354 E NearbyDiscovery: 	at ahoi.a(:com.google.android.gms@201817022@20.18.17 (040700-311416286):23)
06-18 22:50:36.262  1583  2354 E NearbyDiscovery: 	at ahnz.run(:com.google.android.gms@201817022@20.18.17 (040700-311416286):3)
06-18 22:50:36.262  1583  2354 E NearbyDiscovery: 	at buwi.handleMessage(:com.google.android.gms@201817022@20.18.17 (040700-311416286):6)
06-18 22:50:36.262  1583  2354 E NearbyDiscovery: 	at android.os.Handler.dispatchMessage(Handler.java:106)
06-18 22:50:36.262  1583  2354 E NearbyDiscovery: 	at adxm.a(:com.google.android.gms@201817022@20.18.17 (040700-311416286):2)
06-18 22:50:36.262  1583  2354 E NearbyDiscovery: 	at adxm.dispatchMessage(:com.google.android.gms@201817022@20.18.17 (040700-311416286):14)
06-18 22:50:36.262  1583  2354 E NearbyDiscovery: 	at android.os.Looper.loop(Looper.java:223)
06-18 22:50:36.262  1583  2354 E NearbyDiscovery: 	at android.os.HandlerThread.run(HandlerThread.java:67)
06-18 22:50:39.125   538  1071 E PackageDexUsage: Unsupported context?
06-18 22:50:41.515  1583  3157 E ProximityAuth: [GetMyPublicKey] Failed to fetch public key.
06-18 22:50:41.580  1583  3157 E bqkh    : RuntimeException while executing runnable bqkt{jax@66c09d8} with executor MoreExecutors.directExecutor()
06-18 22:50:41.580  1583  3157 E bqkh    : java.lang.NullPointerException: Attempt to get length of null array
06-18 22:50:41.580  1583  3157 E bqkh    : 	at android.util.Base64.encode(Base64.java:496)
06-18 22:50:41.580  1583  3157 E bqkh    : 	at android.util.Base64.encodeToString(Base64.java:458)
06-18 22:50:41.580  1583  3157 E bqkh    : 	at com.google.android.gms.auth.proximity.RemoteDevice.a(:com.google.android.gms@201817022@20.18.17 (040700-311416286):1)
06-18 22:50:41.580  1583  3157 E bqkh    : 	at jax.a(:com.google.android.gms@201817022@20.18.17 (040700-311416286):2)
06-18 22:50:41.580  1583  3157 E bqkh    : 	at bqkt.run(:com.google.android.gms@201817022@20.18.17 (040700-311416286):6)
06-18 22:50:41.580  1583  3157 E bqkh    : 	at bqke.execute(:com.google.android.gms@201817022@20.18.17 (040700-311416286):0)
06-18 22:50:41.580  1583  3157 E bqkh    : 	at bqkh.b(:com.google.android.gms@201817022@20.18.17 (040700-311416286):1)
06-18 22:50:41.580  1583  3157 E bqkh    : 	at bqkh.a(:com.google.android.gms@201817022@20.18.17 (040700-311416286):3)
06-18 22:50:41.580  1583  3157 E bqkh    : 	at sjn.done(:com.google.android.gms@201817022@20.18.17 (040700-311416286):0)
06-18 22:50:41.580  1583  3157 E bqkh    : 	at java.util.concurrent.FutureTask.finishCompletion(FutureTask.java:383)
06-18 22:50:41.580  1583  3157 E bqkh    : 	at java.util.concurrent.FutureTask.set(FutureTask.java:234)
06-18 22:50:41.580  1583  3157 E bqkh    : 	at java.util.concurrent.FutureTask.run(FutureTask.java:274)
06-18 22:50:41.580  1583  3157 E bqkh    : 	at sji.b(:com.google.android.gms@201817022@20.18.17 (040700-311416286):12)
06-18 22:50:41.580  1583  3157 E bqkh    : 	at sji.run(:com.google.android.gms@201817022@20.18.17 (040700-311416286):7)
06-18 22:50:41.580  1583  3157 E bqkh    : 	at java.util.concurrent.ThreadPoolExecutor.runWorker(ThreadPoolExecutor.java:1167)
06-18 22:50:41.580  1583  3157 E bqkh    : 	at java.util.concurrent.ThreadPoolExecutor$Worker.run(ThreadPoolExecutor.java:641)
06-18 22:50:41.580  1583  3157 E bqkh    : 	at spj.run(:com.google.android.gms@201817022@20.18.17 (040700-311416286):0)
06-18 22:50:41.580  1583  3157 E bqkh    : 	at java.lang.Thread.run(Thread.java:923)
06-18 22:50:42.080  2127  2383 E PhenotypeRegOp: Attempting to overwrite config package for com.google.android.gms.car [CONTEXT service_id=231 ]
06-18 22:50:42.098  2127  2383 E PhenotypeRegOp: Attempting to overwrite config package for com.google.android.gms.games [CONTEXT service_id=231 ]
06-18 22:50:42.104  2127  2383 E PhenotypeRegOp: Attempting to overwrite config package for com.google.android.gms.mobile_data_plan [CONTEXT service_id=231 ]
06-18 22:50:42.104  2127  2383 E PhenotypeRegOp: Attempting to overwrite config package for com.google.android.gms.signin [CONTEXT service_id=231 ]
06-18 22:50:42.105  2127  2383 E PhenotypeRegOp: Attempting to overwrite config package for com.google.android.gms.udc [CONTEXT service_id=231 ]
06-18 22:50:42.939  1583  2365 E anft    : Phenotype registration failed [CONTEXT service_id=51 ]
06-18 22:50:42.939  1583  2365 E anft    : java.lang.InterruptedException
06-18 22:50:42.939  1583  2365 E anft    : 	at java.util.concurrent.locks.AbstractQueuedSynchronizer.doAcquireSharedNanos(AbstractQueuedSynchronizer.java:1065)
06-18 22:50:42.939  1583  2365 E anft    : 	at java.util.concurrent.locks.AbstractQueuedSynchronizer.tryAcquireSharedNanos(AbstractQueuedSynchronizer.java:1358)
06-18 22:50:42.939  1583  2365 E anft    : 	at java.util.concurrent.CountDownLatch.await(CountDownLatch.java:278)
06-18 22:50:42.939  1583  2365 E anft    : 	at auct.a(:com.google.android.gms@201817022@20.18.17 (040700-311416286):21)
06-18 22:50:42.939  1583  2365 E anft    : 	at anft.b(:com.google.android.gms@201817022@20.18.17 (040700-311416286):6)
06-18 22:50:42.939  1583  2365 E anft    : 	at com.google.android.gms.phenotype.sync.HeterodyneSyncTaskChimeraService.a(:com.google.android.gms@201817022@20.18.17 (040700-311416286):9)
06-18 22:50:42.939  1583  2365 E anft    : 	at com.google.android.gms.phenotype.sync.HeterodyneSyncTaskChimeraService.a(:com.google.android.gms@201817022@20.18.17 (040700-311416286):74)
06-18 22:50:42.939  1583  2365 E anft    : 	at adyp.call(Unknown Source:4)
06-18 22:50:42.939  1583  2365 E anft    : 	at java.util.concurrent.FutureTask.run(FutureTask.java:266)
06-18 22:50:42.939  1583  2365 E anft    : 	at sji.b(:com.google.android.gms@201817022@20.18.17 (040700-311416286):12)
06-18 22:50:42.939  1583  2365 E anft    : 	at sji.run(:com.google.android.gms@201817022@20.18.17 (040700-311416286):7)
06-18 22:50:42.939  1583  2365 E anft    : 	at java.util.concurrent.ThreadPoolExecutor.runWorker(ThreadPoolExecutor.java:1167)
06-18 22:50:42.939  1583  2365 E anft    : 	at java.util.concurrent.ThreadPoolExecutor$Worker.run(ThreadPoolExecutor.java:641)
06-18 22:50:42.939  1583  2365 E anft    : 	at spj.run(:com.google.android.gms@201817022@20.18.17 (040700-311416286):0)
06-18 22:50:42.939  1583  2365 E anft    : 	at java.lang.Thread.run(Thread.java:923)
06-18 22:50:44.250  1583  2350 E EasyUnlock: [EasyUnlockSupportReporterIntentOperation] Invalid account list.
06-18 22:50:44.359  1583  3035 E PhenotypeFlagCommitter: Retrieving snapshot for com.google.android.gms.lockbox failed
06-18 22:50:44.359  1583  3035 E PhenotypeFlagCommitter: java.util.concurrent.TimeoutException: Timed out waiting for Task
06-18 22:50:44.359  1583  3035 E PhenotypeFlagCommitter: 	at auct.a(:com.google.android.gms@201817022@20.18.17 (040700-311416286):22)
06-18 22:50:44.359  1583  3035 E PhenotypeFlagCommitter: 	at anen.a(:com.google.android.gms@201817022@20.18.17 (040700-311416286):23)
06-18 22:50:44.359  1583  3035 E PhenotypeFlagCommitter: 	at anen.a(:com.google.android.gms@201817022@20.18.17 (040700-311416286):16)
06-18 22:50:44.359  1583  3035 E PhenotypeFlagCommitter: 	at anen.a(:com.google.android.gms@201817022@20.18.17 (040700-311416286):27)
06-18 22:50:44.359  1583  3035 E PhenotypeFlagCommitter: 	at com.google.android.gms.lockbox.LockboxChimeraService.a(:com.google.android.gms@201817022@20.18.17 (040700-311416286):9)
06-18 22:50:44.359  1583  3035 E PhenotypeFlagCommitter: 	at com.google.android.gms.framework.tracing.wrapper.TracingIntentService.onHandleIntent(:com.google.android.gms@201817022@20.18.17 (040700-311416286):1)
06-18 22:50:44.359  1583  3035 E PhenotypeFlagCommitter: 	at crn.handleMessage(:com.google.android.gms@201817022@20.18.17 (040700-311416286):0)
06-18 22:50:44.359  1583  3035 E PhenotypeFlagCommitter: 	at android.os.Handler.dispatchMessage(Handler.java:106)
06-18 22:50:44.359  1583  3035 E PhenotypeFlagCommitter: 	at android.os.Looper.loop(Looper.java:223)
06-18 22:50:44.359  1583  3035 E PhenotypeFlagCommitter: 	at android.os.HandlerThread.run(HandlerThread.java:67)
06-18 22:50:44.369  1583  3157 E EasyUnlock: [HostValidator] Invalid account list.
06-18 22:50:49.367  2127  2423 E MS_DownloadManager: Unsupported Matchstick Download Type: 
06-18 22:50:49.368  2127  2423 E MS_DownloadManager: Failed to get download uri for unsupported Matchstick download type: 
06-18 22:50:52.941  2127  2222 E GmsClient: unable to connect to service: com.google.android.gms.auth.key.retrieval.service.START on com.google.android.gms
06-18 22:50:54.344   489   489 E netmgr  : qemu_pipe_open_ns:62: Could not connect to the 'pipe:qemud:network' service: Invalid argument
06-18 22:50:54.346   489   489 E netmgr  : Failed to open QEMU pipe 'qemud:network': Invalid argument
06-18 22:50:54.429   494   494 E wifi_forwarder: qemu_pipe_open_ns:62: Could not connect to the 'pipe:qemud:wififorward' service: Invalid argument
06-18 22:50:54.431   494   494 E wifi_forwarder: RemoteConnection failed to initialize: RemoteConnection failed to open pipe
06-18 22:50:54.468  1583  2476 E NanoAppLogging: Failed to begin contexthub communication
06-18 22:50:55.143  2127  2423 E MDM     : [232] afxi.a: No Google accounts; deferring server state update.
06-18 22:50:56.736   960  1418 E bt_btm  : BTM_BleObserve Observe not active
06-18 22:50:58.937  2127  3523 E Vision  : Error loading module com.google.android.gms.vision.ocr optional module true: vvs: No acceptable module found. Local version is 0 and remote version is 0.
06-18 22:50:58.949  2127  3523 E Vision  : Error loading module com.google.android.gms.vision.ocr optional module true: vvs: No acceptable module found. Local version is 0 and remote version is 0.
06-18 22:50:59.867  2127  2423 E Vision  : Error loading module com.google.android.gms.vision.ocr optional module true: vvs: No acceptable module found. Local version is 0 and remote version is 0.
06-18 22:50:59.878  2127  2423 E Vision  : Error loading module com.google.android.gms.vision.ocr optional module true: vvs: No acceptable module found. Local version is 0 and remote version is 0.
06-18 22:51:00.315  1583  3575 E MagicTether: [MagicTetherInitializer] Invalid account list.
06-18 22:51:02.184  2127  2222 E GmsClient: unable to connect to service: com.google.android.gms.auth.key.retrieval.service.START on com.google.android.gms
06-18 22:51:03.150  2127  3578 E MS_RegisterService: Exception during register request.
06-18 22:51:03.150  2127  3578 E MS_RegisterService: ciau: UNAUTHENTICATED: Request is missing required authentication credential. Expected OAuth 2 access token, login cookie or other valid authentication credential. See https://developers.google.com/identity/sign-in/web/devconsole-project.
06-18 22:51:03.150  2127  3578 E MS_RegisterService: 	at ciat.c(:com.google.android.gms@201817022@20.18.17 (040700-311416286):3)
06-18 22:51:03.150  2127  3578 E MS_RegisterService: 	at sdn.a(:com.google.android.gms@201817022@20.18.17 (040700-311416286):48)
06-18 22:51:03.150  2127  3578 E MS_RegisterService: 	at afgm.a(:com.google.android.gms@201817022@20.18.17 (040700-311416286):12)
06-18 22:51:03.150  2127  3578 E MS_RegisterService: 	at com.google.android.libraries.matchstick.net.SilentRegisterIntentOperation.a(:com.google.android.gms@201817022@20.18.17 (040700-311416286):179)
06-18 22:51:03.150  2127  3578 E MS_RegisterService: 	at com.google.android.libraries.matchstick.net.SilentRegisterIntentOperation.f(:com.google.android.gms@201817022@20.18.17 (040700-311416286):38)
06-18 22:51:03.150  2127  3578 E MS_RegisterService: 	at com.google.android.libraries.matchstick.net.SilentRegisterIntentOperation.onHandleIntent(:com.google.android.gms@201817022@20.18.17 (040700-311416286):164)
06-18 22:51:03.150  2127  3578 E MS_RegisterService: 	at com.google.android.chimera.IntentOperation.onHandleIntent(:com.google.android.gms@201817022@20.18.17 (040700-311416286):2)
06-18 22:51:03.150  2127  3578 E MS_RegisterService: 	at qgf.onHandleIntent(:com.google.android.gms@201817022@20.18.17 (040700-311416286):4)
06-18 22:51:03.150  2127  3578 E MS_RegisterService: 	at cui.run(:com.google.android.gms@201817022@20.18.17 (040700-311416286):5)
06-18 22:51:03.150  2127  3578 E MS_RegisterService: 	at cuh.run(:com.google.android.gms@201817022@20.18.17 (040700-311416286):9)
06-18 22:51:03.150  2127  3578 E MS_RegisterService: 	at java.util.concurrent.ThreadPoolExecutor.runWorker(ThreadPoolExecutor.java:1167)
06-18 22:51:03.150  2127  3578 E MS_RegisterService: 	at java.util.concurrent.ThreadPoolExecutor$Worker.run(ThreadPoolExecutor.java:641)
06-18 22:51:03.150  2127  3578 E MS_RegisterService: 	at java.lang.Thread.run(Thread.java:923)
06-18 22:51:03.221   960  1418 E bt_btm  : BTM_BleObserve Observe not active
06-18 22:51:03.303  2127  2222 E GmsClient: unable to connect to service: com.google.android.gms.auth.key.retrieval.service.START on com.google.android.gms
06-18 22:51:03.396  1583  3615 E EasyUnlock: [EasyUnlockSupportReporterIntentOperation] Invalid account list.
06-18 22:51:03.440  1583  2393 E EasyUnlock: [HostValidator] Invalid account list.
06-18 22:51:03.670  2127  2715 E ConfigFileUtils: Failed to read config file: /data/user_de/0/com.google.android.gms/app_chimera/next_container.pb: open failed: ENOENT (No such file or directory)
06-18 22:51:03.748   538   788 E PackageDexUsage: Unsupported context?
06-18 22:51:03.994  2127  3519 E ConfigFileUtils: Failed to read config file: /data/user_de/0/com.google.android.gms/app_chimera/next_container.pb: open failed: ENOENT (No such file or directory)
06-18 22:51:12.034  2127  3520 E ConfigFileUtils: Failed to read config file: /data/user_de/0/com.google.android.gms/app_chimera/next_container.pb: open failed: ENOENT (No such file or directory)
06-18 22:51:53.740  2127  2414 E ConfigFileUtils: Failed to read config file: /data/user_de/0/com.google.android.gms/app_chimera/next_container.pb: open failed: ENOENT (No such file or directory)
06-18 22:51:54.353   489   489 E netmgr  : qemu_pipe_open_ns:62: Could not connect to the 'pipe:qemud:network' service: Invalid argument
06-18 22:51:54.353   489   489 E netmgr  : Failed to open QEMU pipe 'qemud:network': Invalid argument
06-18 22:51:54.482   494   494 E wifi_forwarder: qemu_pipe_open_ns:62: Could not connect to the 'pipe:qemud:wififorward' service: Invalid argument
06-18 22:51:54.482   494   494 E wifi_forwarder: RemoteConnection failed to initialize: RemoteConnection failed to open pipe
06-18 22:52:12.171  2127  3711 E ConfigFileUtils: Failed to read config file: /data/user_de/0/com.google.android.gms/app_chimera/next_container.pb: open failed: ENOENT (No such file or directory)
06-18 22:52:54.364   489   489 E netmgr  : qemu_pipe_open_ns:62: Could not connect to the 'pipe:qemud:network' service: Invalid argument
06-18 22:52:54.364   489   489 E netmgr  : Failed to open QEMU pipe 'qemud:network': Invalid argument
06-18 22:52:54.530   494   494 E wifi_forwarder: qemu_pipe_open_ns:62: Could not connect to the 'pipe:qemud:wififorward' service: Invalid argument
06-18 22:52:54.530   494   494 E wifi_forwarder: RemoteConnection failed to initialize: RemoteConnection failed to open pipe
06-18 22:53:12.233  2127  3728 E ConfigFileUtils: Failed to read config file: /data/user_de/0/com.google.android.gms/app_chimera/next_container.pb: open failed: ENOENT (No such file or directory)
06-18 22:53:54.427   489   489 E netmgr  : qemu_pipe_open_ns:62: Could not connect to the 'pipe:qemud:network' service: Invalid argument
06-18 22:53:54.427   489   489 E netmgr  : Failed to open QEMU pipe 'qemud:network': Invalid argument
06-18 22:53:54.551   494   494 E wifi_forwarder: qemu_pipe_open_ns:62: Could not connect to the 'pipe:qemud:wififorward' service: Invalid argument
06-18 22:53:54.551   494   494 E wifi_forwarder: RemoteConnection failed to initialize: RemoteConnection failed to open pipe
06-18 22:54:12.304  2127  3743 E ConfigFileUtils: Failed to read config file: /data/user_de/0/com.google.android.gms/app_chimera/next_container.pb: open failed: ENOENT (No such file or directory)
06-18 22:54:22.283  1583  2599 E SQLiteDatabase: Error inserting flex_time=1000 extras={"fetchReason":{"6":0},"fetchPackage":{"org.chromium.net.cronet":4}} job_id=-1 period=2000 source=16 requires_charging=0 target_class=com.google.android.gms.phenotype.service.sync.PhenotypeConfigurator user_id=0 target_package=com.google.android.gms tag=PhenotypeSyncImmediately task_type=0 required_idleness_state=0 service_kind=0 source_version=201817000 required_network_type=0 runtime=1655581842062 retry_strategy={"maximum_backoff_seconds":{"3600":0},"initial_backoff_seconds":{"30":0},"retry_policy":{"0":0}} last_runtime=0
06-18 22:54:22.283  1583  2599 E SQLiteDatabase: android.database.sqlite.SQLiteConstraintException: UNIQUE constraint failed: pending_ops.tag, pending_ops.target_class, pending_ops.target_package, pending_ops.user_id (code 2067 SQLITE_CONSTRAINT_UNIQUE)
06-18 22:54:22.283  1583  2599 E SQLiteDatabase: 	at android.database.sqlite.SQLiteConnection.nativeExecuteForLastInsertedRowId(Native Method)
06-18 22:54:22.283  1583  2599 E SQLiteDatabase: 	at android.database.sqlite.SQLiteConnection.executeForLastInsertedRowId(SQLiteConnection.java:938)
06-18 22:54:22.283  1583  2599 E SQLiteDatabase: 	at android.database.sqlite.SQLiteSession.executeForLastInsertedRowId(SQLiteSession.java:790)
06-18 22:54:22.283  1583  2599 E SQLiteDatabase: 	at android.database.sqlite.SQLiteStatement.executeInsert(SQLiteStatement.java:88)
06-18 22:54:22.283  1583  2599 E SQLiteDatabase: 	at android.database.sqlite.SQLiteDatabase.insertWithOnConflict(SQLiteDatabase.java:1701)
06-18 22:54:22.283  1583  2599 E SQLiteDatabase: 	at android.database.sqlite.SQLiteDatabase.insert(SQLiteDatabase.java:1570)
06-18 22:54:22.283  1583  2599 E SQLiteDatabase: 	at apla.a(:com.google.android.gms@201817022@20.18.17 (040700-311416286):78)
06-18 22:54:22.283  1583  2599 E SQLiteDatabase: 	at apkp.a(:com.google.android.gms@201817022@20.18.17 (040700-311416286):196)
06-18 22:54:22.283  1583  2599 E SQLiteDatabase: 	at apkp.a(:com.google.android.gms@201817022@20.18.17 (040700-311416286):20)
06-18 22:54:22.283  1583  2599 E SQLiteDatabase: 	at apkp.c(:com.google.android.gms@201817022@20.18.17 (040700-311416286):9)
06-18 22:54:22.283  1583  2599 E SQLiteDatabase: 	at apkp.a(:com.google.android.gms@201817022@20.18.17 (040700-311416286):98)
06-18 22:54:22.283  1583  2599 E SQLiteDatabase: 	at apkk.handleMessage(:com.google.android.gms@201817022@20.18.17 (040700-311416286):8)
06-18 22:54:22.283  1583  2599 E SQLiteDatabase: 	at android.os.Handler.dispatchMessage(Handler.java:106)
06-18 22:54:22.283  1583  2599 E SQLiteDatabase: 	at adxm.a(:com.google.android.gms@201817022@20.18.17 (040700-311416286):2)
06-18 22:54:22.283  1583  2599 E SQLiteDatabase: 	at adxm.dispatchMessage(:com.google.android.gms@201817022@20.18.17 (040700-311416286):14)
06-18 22:54:22.283  1583  2599 E SQLiteDatabase: 	at android.os.Looper.loop(Looper.java:223)
06-18 22:54:22.283  1583  2599 E SQLiteDatabase: 	at android.os.HandlerThread.run(HandlerThread.java:67)
06-18 22:54:24.680  2127  2222 E GmsClient: unable to connect to service: com.google.android.gms.auth.key.retrieval.service.START on com.google.android.gms
06-18 22:54:24.761  1583  2476 E NanoAppLogging: Failed to begin contexthub communication
06-18 22:54:24.767  2127  2222 E GmsClient: unable to connect to service: com.google.android.gms.auth.key.retrieval.service.START on com.google.android.gms
06-18 22:54:54.431   489   489 E netmgr  : qemu_pipe_open_ns:62: Could not connect to the 'pipe:qemud:network' service: Invalid argument
06-18 22:54:54.431   489   489 E netmgr  : Failed to open QEMU pipe 'qemud:network': Invalid argument
06-18 22:54:54.553   494   494 E wifi_forwarder: qemu_pipe_open_ns:62: Could not connect to the 'pipe:qemud:wififorward' service: Invalid argument
06-18 22:54:54.553   494   494 E wifi_forwarder: RemoteConnection failed to initialize: RemoteConnection failed to open pipe
06-18 22:55:12.346  2127  3810 E ConfigFileUtils: Failed to read config file: /data/user_de/0/com.google.android.gms/app_chimera/next_container.pb: open failed: ENOENT (No such file or directory)
06-18 22:55:54.448   489   489 E netmgr  : qemu_pipe_open_ns:62: Could not connect to the 'pipe:qemud:network' service: Invalid argument
06-18 22:55:54.448   489   489 E netmgr  : Failed to open QEMU pipe 'qemud:network': Invalid argument
06-18 22:55:54.613   494   494 E wifi_forwarder: qemu_pipe_open_ns:62: Could not connect to the 'pipe:qemud:wififorward' service: Invalid argument
06-18 22:55:54.613   494   494 E wifi_forwarder: RemoteConnection failed to initialize: RemoteConnection failed to open pipe
06-18 22:56:54.454   489   489 E netmgr  : qemu_pipe_open_ns:62: Could not connect to the 'pipe:qemud:network' service: Invalid argument
06-18 22:56:54.454   489   489 E netmgr  : Failed to open QEMU pipe 'qemud:network': Invalid argument
06-18 22:56:54.675   494   494 E wifi_forwarder: qemu_pipe_open_ns:62: Could not connect to the 'pipe:qemud:wififorward' service: Invalid argument
06-18 22:56:54.675   494   494 E wifi_forwarder: RemoteConnection failed to initialize: RemoteConnection failed to open pipe
06-18 22:57:54.463   489   489 E netmgr  : qemu_pipe_open_ns:62: Could not connect to the 'pipe:qemud:network' service: Invalid argument
06-18 22:57:54.463   489   489 E netmgr  : Failed to open QEMU pipe 'qemud:network': Invalid argument
06-18 22:57:54.725   494   494 E wifi_forwarder: qemu_pipe_open_ns:62: Could not connect to the 'pipe:qemud:wififorward' service: Invalid argument
06-18 22:57:54.726   494   494 E wifi_forwarder: RemoteConnection failed to initialize: RemoteConnection failed to open pipe
06-18 22:58:54.514   489   489 E netmgr  : qemu_pipe_open_ns:62: Could not connect to the 'pipe:qemud:network' service: Invalid argument
06-18 22:58:54.515   489   489 E netmgr  : Failed to open QEMU pipe 'qemud:network': Invalid argument
06-18 22:58:54.763   494   494 E wifi_forwarder: qemu_pipe_open_ns:62: Could not connect to the 'pipe:qemud:wififorward' service: Invalid argument
06-18 22:58:54.763   494   494 E wifi_forwarder: RemoteConnection failed to initialize: RemoteConnection failed to open pipe
06-18 22:59:54.546   489   489 E netmgr  : qemu_pipe_open_ns:62: Could not connect to the 'pipe:qemud:network' service: Invalid argument
06-18 22:59:54.547   489   489 E netmgr  : Failed to open QEMU pipe 'qemud:network': Invalid argument
06-18 22:59:54.793   494   494 E wifi_forwarder: qemu_pipe_open_ns:62: Could not connect to the 'pipe:qemud:wififorward' service: Invalid argument
06-18 22:59:54.794   494   494 E wifi_forwarder: RemoteConnection failed to initialize: RemoteConnection failed to open pipe
06-18 23:00:54.548   489   489 E netmgr  : qemu_pipe_open_ns:62: Could not connect to the 'pipe:qemud:network' service: Invalid argument
06-18 23:00:54.549   489   489 E netmgr  : Failed to open QEMU pipe 'qemud:network': Invalid argument
06-18 23:00:54.847   494   494 E wifi_forwarder: qemu_pipe_open_ns:62: Could not connect to the 'pipe:qemud:wififorward' service: Invalid argument
06-18 23:00:54.847   494   494 E wifi_forwarder: RemoteConnection failed to initialize: RemoteConnection failed to open pipe
06-18 23:01:54.580   489   489 E netmgr  : qemu_pipe_open_ns:62: Could not connect to the 'pipe:qemud:network' service: Invalid argument
06-18 23:01:54.580   489   489 E netmgr  : Failed to open QEMU pipe 'qemud:network': Invalid argument
06-18 23:01:54.864   494   494 E wifi_forwarder: qemu_pipe_open_ns:62: Could not connect to the 'pipe:qemud:wififorward' service: Invalid argument
06-18 23:01:54.864   494   494 E wifi_forwarder: RemoteConnection failed to initialize: RemoteConnection failed to open pipe
06-18 23:02:54.582   489   489 E netmgr  : qemu_pipe_open_ns:62: Could not connect to the 'pipe:qemud:network' service: Invalid argument
06-18 23:02:54.583   489   489 E netmgr  : Failed to open QEMU pipe 'qemud:network': Invalid argument
06-18 23:02:54.913   494   494 E wifi_forwarder: qemu_pipe_open_ns:62: Could not connect to the 'pipe:qemud:wififorward' service: Invalid argument
06-18 23:02:54.913   494   494 E wifi_forwarder: RemoteConnection failed to initialize: RemoteConnection failed to open pipe
06-18 23:03:54.632   489   489 E netmgr  : qemu_pipe_open_ns:62: Could not connect to the 'pipe:qemud:network' service: Invalid argument
06-18 23:03:54.632   489   489 E netmgr  : Failed to open QEMU pipe 'qemud:network': Invalid argument
06-18 23:03:54.914   494   494 E wifi_forwarder: qemu_pipe_open_ns:62: Could not connect to the 'pipe:qemud:wififorward' service: Invalid argument
06-18 23:03:54.914   494   494 E wifi_forwarder: RemoteConnection failed to initialize: RemoteConnection failed to open pipe
06-18 23:04:54.648   489   489 E netmgr  : qemu_pipe_open_ns:62: Could not connect to the 'pipe:qemud:network' service: Invalid argument
06-18 23:04:54.648   489   489 E netmgr  : Failed to open QEMU pipe 'qemud:network': Invalid argument
06-18 23:04:54.934   494   494 E wifi_forwarder: qemu_pipe_open_ns:62: Could not connect to the 'pipe:qemud:wififorward' service: Invalid argument
06-18 23:04:54.934   494   494 E wifi_forwarder: RemoteConnection failed to initialize: RemoteConnection failed to open pipe
06-18 23:05:54.653   489   489 E netmgr  : qemu_pipe_open_ns:62: Could not connect to the 'pipe:qemud:network' service: Invalid argument
06-18 23:05:54.653   489   489 E netmgr  : Failed to open QEMU pipe 'qemud:network': Invalid argument
06-18 23:05:54.948   494   494 E wifi_forwarder: qemu_pipe_open_ns:62: Could not connect to the 'pipe:qemud:wififorward' service: Invalid argument
06-18 23:05:54.948   494   494 E wifi_forwarder: RemoteConnection failed to initialize: RemoteConnection failed to open pipe
06-18 23:06:54.716   489   489 E netmgr  : qemu_pipe_open_ns:62: Could not connect to the 'pipe:qemud:network' service: Invalid argument
06-18 23:06:54.716   489   489 E netmgr  : Failed to open QEMU pipe 'qemud:network': Invalid argument
06-18 23:06:54.964   494   494 E wifi_forwarder: qemu_pipe_open_ns:62: Could not connect to the 'pipe:qemud:wififorward' service: Invalid argument
06-18 23:06:54.964   494   494 E wifi_forwarder: RemoteConnection failed to initialize: RemoteConnection failed to open pipe
06-18 23:07:40.744  1583  3503 E WakeLock: GCM_HB_ALARM release without a matched acquire!
06-18 23:07:54.722   489   489 E netmgr  : qemu_pipe_open_ns:62: Could not connect to the 'pipe:qemud:network' service: Invalid argument
06-18 23:07:54.722   489   489 E netmgr  : Failed to open QEMU pipe 'qemud:network': Invalid argument
06-18 23:07:54.982   494   494 E wifi_forwarder: qemu_pipe_open_ns:62: Could not connect to the 'pipe:qemud:wififorward' service: Invalid argument
06-18 23:07:54.982   494   494 E wifi_forwarder: RemoteConnection failed to initialize: RemoteConnection failed to open pipe
06-18 23:08:54.782   489   489 E netmgr  : qemu_pipe_open_ns:62: Could not connect to the 'pipe:qemud:network' service: Invalid argument
