--------- beginning of kernel
06-18 22:46:35.980     0     0 E init    : Failed to copy /avb into /metadata/gsi/dsu/avb/: No such file or directory
06-18 22:46:37.042     0     0 E init    : [libfs_avb]Device path not found: /dev/block/by-name/system
06-18 22:46:38.091     0     0 E init    : [libfs_avb]Device path not found: /dev/block/by-name/system
06-18 22:46:38.622     0     0 E selinux : SELinux: Could not get canonical path for /metadata/ota/rollback-indicator restorecon: No such file or directory.
06-18 22:46:38.624     0     0 E selinux :  
06-18 22:46:38.625     0     0 E selinux : SELinux:  Could not stat /metadata/gsi: No such file or directory.
06-18 22:46:38.627     0     0 E selinux :  
06-18 22:46:39.006     0     0 E cgroup1 : Unknown subsys name 'schedtune'
06-18 22:46:39.007     0     0 E libprocessgroup: Failed to mount schedtune cgroup: Invalid argument
--------- beginning of system
06-18 22:46:41.926   166   166 E vold    : generate_key failed, code -67
06-18 22:46:46.762     0     0 E init    : Unable to set property 'ro.boottime.init.fsck.data' from uid:0 gid:0 pid:166: Read-only property was already set
06-18 22:46:46.775     0     0 E init    : Unable to set property 'ro.boottime.init.mount.data' from uid:0 gid:0 pid:166: Read-only property was already set
06-18 22:46:46.814     0     0 E selinux : SELinux:  Could not stat /sys/kernel/debug: No such file or directory.
06-18 22:46:46.816     0     0 E selinux :  
06-18 22:46:46.866     0     0 E init    : Unable to set property 'ro.crypto.state' from uid:0 gid:0 pid:1: Read-only property was already set
06-18 22:46:46.938   166   166 E vold    : generate_key failed, code -67
06-18 22:46:46.954     0     0 E init    : Failed to set encryption policy of /data/misc to dea208ac728b759cefc8c528ca96131f v2 modes 1/4 flags 0x2: Directory not empty
06-18 22:46:46.966     0     0 E logwrapper: executing ls failed: Permission denied
06-18 22:46:46.967     0     0 E logwrapper:  
06-18 22:46:46.979     0     0 E init    : ls -laZ /data/misc returned failure: 255
06-18 22:46:46.980     0     0 E init    : Setting dea208ac728b759cefc8c528ca96131f policy on /data/misc failed!
06-18 22:46:46.982     0     0 E init    : Rebooting into recovery
06-18 22:46:47.091     0     0 E init    : Failed to set encryption policy of /data/system to dea208ac728b759cefc8c528ca96131f v2 modes 1/4 flags 0x2: Directory not empty
06-18 22:46:47.096     0     0 E logwrapper: executing ls failed: Permission denied
06-18 22:46:47.103     0     0 E logwrapper:  
06-18 22:46:47.106     0     0 E init    : ls -laZ /data/system returned failure: 255
06-18 22:46:47.108     0     0 E init    : Setting dea208ac728b759cefc8c528ca96131f policy on /data/system failed!
06-18 22:46:47.110     0     0 E init    : Rebooting into recovery
06-18 22:46:48.350   166   166 E vold    : generate_key failed, code -67
06-18 22:46:48.371   166   166 E vold    : generate_key failed, code -67
06-18 22:46:48.631     0     0 E selinux : SELinux:  Could not stat /data/dalvik-cache/arm: No such file or directory.
06-18 22:46:48.632     0     0 E selinux :  
06-18 22:46:48.633     0     0 E selinux : SELinux:  Could not stat /data/dalvik-cache/arm64: No such file or directory.
06-18 22:46:48.635     0     0 E selinux :  
06-18 22:46:48.635     0     0 E selinux : SELinux:  Could not stat /data/dalvik-cache/mips: No such file or directory.
06-18 22:46:48.637     0     0 E selinux :  
06-18 22:46:48.638     0     0 E selinux : SELinux:  Could not stat /data/dalvik-cache/mips64: No such file or directory.
06-18 22:46:48.639     0     0 E selinux :  
06-18 22:46:48.640     0     0 E selinux : SELinux:  Could not stat /data/dalvik-cache/x86: No such file or directory.
06-18 22:46:48.642     0     0 E selinux :  
06-18 22:46:48.643     0     0 E selinux : SELinux:  Could not stat /data/dalvik-cache/x86_64: No such file or directory.
06-18 22:46:48.644     0     0 E selinux :  
06-18 22:46:48.701     0     0 E init    : Could not set 'ro.logd.size' to '2M' in /data/local.prop: Read-only property was already set
06-18 22:46:48.703     0     0 E init    : Could not load single persistent property file, trying legacy directory: Unable to read persistent property file: open() failed: No such file or directory
06-18 22:46:48.920     0     0 E ueventd : firmware: could not find firmware for regulatory.db
06-18 22:46:48.921     0     0 E ueventd : firmware: attempted /etc/firmware/regulatory.db, open failed: No such file or directory
06-18 22:46:48.923     0     0 E ueventd : firmware: attempted /odm/firmware/regulatory.db, open failed: No such file or directory
06-18 22:46:48.925     0     0 E ueventd : firmware: attempted /vendor/firmware/regulatory.db, open failed: No such file or directory
06-18 22:46:48.997     0     0 E ueventd : firmware: attempted /firmware/image/regulatory.db, open failed: No such file or directory
06-18 22:46:49.034     0     0 E init    : failed to write pid to files: couldn't write 287 to /dev/cpuset/camera-daemon/tasks: No such file or directory
06-18 22:46:49.865     0     0 E selinux : SELinux: Could not get canonical path for /sys/devices/virtual/net/ipsec_test/queues/tx-0 restorecon: No such file or directory.
06-18 22:46:49.941     0     0 E selinux :  
06-18 22:46:49.943     0     0 E ueventd : selinux_android_restorecon(/sys/devices/virtual/net/ipsec_test/queues/tx-0) failed: No such file or directory
06-18 22:46:50.427     0     0 E init    : Unable to set property 'ro.hardware.egl' from uid:0 gid:0 pid:132: Read-only property was already set
06-18 22:46:52.388     0     0 E init    : Could not start service 'vendor_flash_recovery' as part of class 'main': Cannot find '/vendor/bin/install-recovery.sh': No such file or directory
06-18 22:46:52.490   419   419 E iorapd  : SQLite error (14): cannot open file at line 38589 of [b2325a6e1c]
06-18 22:46:52.490   419   419 E iorapd  : SQLite error (14): os_unix.c:38589: (2) open(/data/misc/iorapd/sqlite.db) - 
06-18 22:46:53.176   396   476 E BootAnimation: Could not add watch for /data/system: Permission denied
06-18 22:46:57.797   419   419 E iorapd  : Cannot get package manager service!
06-18 22:46:58.919   433   433 E storaged: getService package_native failed
06-18 22:47:03.838   419   419 E iorapd  : Cannot get package manager service!
06-18 22:47:03.939   433   519 E storaged: getService package_native failed
06-18 22:47:09.949   419   419 E iorapd  : Cannot get package manager service!
06-18 22:47:16.002   419   419 E iorapd  : Cannot get package manager service!
06-18 22:47:22.118   419   419 E iorapd  : Cannot get package manager service!
06-18 22:47:28.137   419   419 E iorapd  : Cannot get package manager service!
06-18 22:47:34.253   419   419 E iorapd  : Cannot get package manager service!
06-18 22:47:38.702     0     0 E apexd   : Can't open /system_ext/apex for reading : No such file or directory
06-18 22:47:38.707     0     0 E apexd   : Can't open /product/apex for reading : No such file or directory
06-18 22:47:38.718     0     0 E apexd   : Can't open /vendor/apex for reading : No such file or directory
06-18 22:47:40.366   419   419 E iorapd  : Cannot get package manager service!
06-18 22:47:46.476   419   419 E iorapd  : Cannot get package manager service!
06-18 22:47:52.508   419   419 E iorapd  : Cannot get package manager service!
06-18 22:47:58.530   419   419 E iorapd  : Cannot get package manager service!
06-18 22:48:03.297   538   538 E PackageManager: Adding duplicate shared id: 1000 name=android
06-18 22:48:04.028   538   538 E PackageManager: Adding duplicate app id: 10050 name=com.android.providers.downloads.ui
06-18 22:48:04.448   538   538 E PackageManager: Adding duplicate shared id: 1000 name=com.android.providers.settings
06-18 22:48:04.669   538   538 E PackageManager: Adding duplicate app id: 10050 name=com.android.providers.downloads
06-18 22:48:04.741   419   419 E iorapd  : Cannot get package manager service!
06-18 22:48:05.282   538   538 E PackageManager: Adding duplicate shared id: 1073 name=com.android.networkstack.permissionconfig
06-18 22:48:05.817   538   538 E PackageManager: Adding duplicate app id: 10050 name=com.android.providers.media
06-18 22:48:05.872   538   538 E PackageManager: Adding duplicate app id: 10051 name=com.android.calllogbackup
06-18 22:48:06.015   538   538 E PackageManager: Adding duplicate shared id: 1000 name=com.android.localtransport
06-18 22:48:06.490   538   538 E PackageManager: Adding duplicate shared id: 1001 name=com.android.providers.telephony
06-18 22:48:06.557   538   538 E PackageManager: Adding duplicate shared id: 1073 name=com.android.networkstack
06-18 22:48:06.898   538   538 E PackageManager: Adding duplicate app id: 10054 name=com.android.providers.calendar
06-18 22:48:07.236   538   538 E PackageManager: Adding duplicate app id: 10050 name=com.android.soundpicker
06-18 22:48:07.319   538   538 E PackageManager: Adding duplicate shared id: 2000 name=com.android.shell
06-18 22:48:07.458   538   538 E PackageManager: Adding duplicate shared id: 1001 name=com.android.phone
06-18 22:48:07.594   538   538 E PackageManager: Adding duplicate app id: 10051 name=com.android.providers.userdictionary
06-18 22:48:07.880   538   538 E PackageManager: Adding duplicate app id: 10051 name=com.android.providers.blockednumber
06-18 22:48:07.911   538   538 E PackageManager: Adding duplicate app id: 10051 name=com.android.providers.contacts
06-18 22:48:07.956   538   538 E PackageManager: Adding duplicate app id: 10050 name=com.android.mtp
06-18 22:48:08.012   538   538 E PackageManager: Adding duplicate shared id: 1000 name=com.android.dynsystem
06-18 22:48:08.074   538   538 E PackageManager: Adding duplicate shared id: 1001 name=com.android.ons
06-18 22:48:08.164   538   538 E PackageManager: Adding duplicate shared id: 1000 name=com.android.server.telecom
06-18 22:48:08.217   538   538 E PackageManager: Adding duplicate shared id: 1000 name=com.android.location.fused
06-18 22:48:08.222   538   538 E PackageManager: Adding duplicate shared id: 1001 name=com.android.mms.service
06-18 22:48:08.228   538   538 E PackageManager: Adding duplicate shared id: 1000 name=com.android.inputdevices
06-18 22:48:09.204   538   538 E PackageManager: Adding duplicate shared id: 1001 name=com.android.stk
06-18 22:48:09.837   538   538 E PackageManager: Adding duplicate shared id: 1068 name=com.android.se
06-18 22:48:10.694   538   538 E PackageManager: Adding duplicate shared id: 1001 name=com.android.service.ims
06-18 22:48:10.918   419   419 E iorapd  : Cannot get package manager service!
06-18 22:48:11.457   538   538 E PackageManager: Adding duplicate shared id: 1027 name=com.android.nfc
06-18 22:48:11.485   538   538 E PackageManager: Adding duplicate shared id: 1000 name=com.android.wallpaperbackup
06-18 22:48:11.658   538   538 E PackageManager: Adding duplicate shared id: 1002 name=com.android.bluetooth
06-18 22:48:12.049   538   538 E PackageManager: Adding duplicate shared id: 1000 name=com.android.keychain
06-18 22:48:12.094   538   538 E PackageManager: Adding duplicate shared id: 1001 name=com.android.service.ims.presence
06-18 22:48:15.598   538   538 E PackageManager: Adding duplicate app id: 10087 name=com.google.android.gms
06-18 22:48:17.032   419   419 E iorapd  : Cannot get package manager service!
06-18 22:48:18.174   538   538 E PackageManager: Adding duplicate app id: 10100 name=com.google.android.apps.maps
06-18 22:48:18.260   538   538 E PackageManager: Adding duplicate shared id: 1000 name=com.android.emulator.multidisplay
06-18 22:48:18.811   538   538 E PackageManager: Adding duplicate app id: 10105 name=com.android.emergency
06-18 22:48:19.876   538   538 E PackageManager: Adding duplicate app id: 10112 name=com.android.systemui
06-18 22:48:20.079   538   538 E PackageManager: Adding duplicate app id: 10087 name=com.google.android.gsf
06-18 22:48:21.690   538   538 E PackageManager: Adding duplicate shared id: 1000 name=com.android.settings
06-18 22:48:21.902   538   538 E PackageManager: Adding duplicate shared id: 1073 name=com.android.networkstack.tethering
06-18 22:48:23.156   419   419 E iorapd  : Cannot get package manager service!
06-18 22:48:24.124   538   538 E PackageManager: Adding duplicate shared id: 1073 name=com.android.cellbroadcastservice
06-18 22:48:29.229   419   419 E iorapd  : Cannot get package manager service!
06-18 22:48:35.329   419   419 E iorapd  : Cannot get package manager service!
06-18 22:48:41.357   419   419 E iorapd  : Cannot get package manager service!
06-18 22:48:47.468   419   419 E iorapd  : Cannot get package manager service!
06-18 22:48:53.556   419   419 E iorapd  : Cannot get package manager service!
06-18 22:48:59.626   419   419 E iorapd  : Cannot get package manager service!
06-18 22:49:05.676   419   419 E iorapd  : Cannot get package manager service!
06-18 22:49:11.752   419   419 E iorapd  : Cannot get package manager service!
06-18 22:49:14.126   538   538 E PackageManager: Shared lib without setting: SharedLibraryInfo{name:com.google.android.trichromelibrary, type:static, version:410410681}
06-18 22:49:17.828   419   419 E iorapd  : Cannot get package manager service!
06-18 22:49:18.468   538   592 E HistoricalRegistry: Interaction before persistence initialized
06-18 22:49:18.581   538   591 E HistoricalRegistry: Interaction before persistence initialized
06-18 22:49:21.814   538   607 E HistoricalRegistry: Interaction before persistence initialized
06-18 22:49:22.119   538   769 E SystemServer: Unable to preload default resources
06-18 22:49:23.210   538   538 E HistoricalRegistry: Interaction before persistence initialized
06-18 22:49:23.923   538   538 E HistoricalRegistry: Interaction before persistence initialized
06-18 22:49:43.473   538   538 E HistoricalRegistry: Interaction before persistence initialized
06-18 22:49:45.117   538   769 E UsbDeviceManager: failed to write to /sys/class/android_usb/android0/f_rndis/ethaddr
06-18 22:49:45.131   538   769 E UsbDeviceManager: Failed to open control for mtp
06-18 22:49:45.131   538   769 E UsbDeviceManager: Failed to open control for ptp
06-18 22:49:45.398   538   538 E HistoricalRegistry: Interaction before persistence initialized
06-18 22:49:45.777   538   538 E HistoricalRegistry: Interaction before persistence initialized
06-18 22:49:46.015   538   538 E AutofillManagerServiceImpl: Bad service name: com.google.android.gms/.autofill.service.AutofillService
06-18 22:49:46.107   538   538 E HistoricalRegistry: Interaction before persistence initialized
06-18 22:49:46.771   538   538 E AppIdleHistory: Unable to read app idle file for user 0
06-18 22:49:46.771   538   538 E AppIdleHistory: java.io.FileNotFoundException: /data/system/users/0/app_idle_stats.xml: open failed: ENOENT (No such file or directory)
06-18 22:49:46.771   538   538 E AppIdleHistory: 	at libcore.io.IoBridge.open(IoBridge.java:492)
06-18 22:49:46.771   538   538 E AppIdleHistory: 	at java.io.FileInputStream.<init>(FileInputStream.java:160)
06-18 22:49:46.771   538   538 E AppIdleHistory: 	at android.util.AtomicFile.openRead(AtomicFile.java:234)
06-18 22:49:46.771   538   538 E AppIdleHistory: 	at com.android.server.usage.AppIdleHistory.readAppIdleTimes(AppIdleHistory.java:594)
06-18 22:49:46.771   538   538 E AppIdleHistory: 	at com.android.server.usage.AppIdleHistory.getUserHistory(AppIdleHistory.java:329)
06-18 22:49:46.771   538   538 E AppIdleHistory: 	at com.android.server.usage.AppIdleHistory.reportUsage(AppIdleHistory.java:318)
06-18 22:49:46.771   538   538 E AppIdleHistory: 	at com.android.server.usage.AppStandbyController.initializeDefaultsForSystemApps(AppStandbyController.java:1775)
06-18 22:49:46.771   538   538 E AppIdleHistory: 	at com.android.server.usage.AppStandbyController.onBootPhase(AppStandbyController.java:467)
06-18 22:49:46.771   538   538 E AppIdleHistory: 	at com.android.server.usage.UsageStatsService.onBootPhase(UsageStatsService.java:271)
06-18 22:49:46.771   538   538 E AppIdleHistory: 	at com.android.server.SystemServiceManager.startBootPhase(SystemServiceManager.java:208)
06-18 22:49:46.771   538   538 E AppIdleHistory: 	at com.android.server.SystemServer.startOtherServices(SystemServer.java:2125)
06-18 22:49:46.771   538   538 E AppIdleHistory: 	at com.android.server.SystemServer.run(SystemServer.java:592)
06-18 22:49:46.771   538   538 E AppIdleHistory: 	at com.android.server.SystemServer.main(SystemServer.java:408)
06-18 22:49:46.771   538   538 E AppIdleHistory: 	at java.lang.reflect.Method.invoke(Native Method)
06-18 22:49:46.771   538   538 E AppIdleHistory: 	at com.android.internal.os.RuntimeInit$MethodAndArgsCaller.run(RuntimeInit.java:592)
06-18 22:49:46.771   538   538 E AppIdleHistory: 	at com.android.internal.os.ZygoteInit.main(ZygoteInit.java:925)
06-18 22:49:46.771   538   538 E AppIdleHistory: Caused by: android.system.ErrnoException: open failed: ENOENT (No such file or directory)
06-18 22:49:46.771   538   538 E AppIdleHistory: 	at libcore.io.Linux.open(Native Method)
06-18 22:49:46.771   538   538 E AppIdleHistory: 	at libcore.io.ForwardingOs.open(ForwardingOs.java:166)
06-18 22:49:46.771   538   538 E AppIdleHistory: 	at libcore.io.BlockGuardOs.open(BlockGuardOs.java:254)
06-18 22:49:46.771   538   538 E AppIdleHistory: 	at libcore.io.IoBridge.open(IoBridge.java:478)
06-18 22:49:46.771   538   538 E AppIdleHistory: 	... 15 more
06-18 22:49:46.963   538   538 E HistoricalRegistry: Interaction before persistence initialized
06-18 22:49:47.033   538   538 E TestHarnessModeService: Failed to start Test Harness Mode; no implementation of PersistentDataBlockManagerInternal was bound!
06-18 22:49:47.044   538   538 E HistoricalRegistry: Interaction before persistence initialized
06-18 22:49:47.208   538   538 E HistoricalRegistry: Interaction before persistence initialized
06-18 22:49:47.240   538   538 E HistoricalRegistry: Interaction before persistence initialized
06-18 22:49:47.392   538   538 E DisplayPowerController: failed to set up display white-balance: java.lang.IllegalStateException: cannot find sensor com.google.sensor.color
06-18 22:49:48.041   538   538 E DefaultPermGrantPolicy: Permission not found: com.android.launcher.permission.READ_SETTINGS
06-18 22:49:48.050   538   538 E DefaultPermGrantPolicy: Permission not found: com.android.launcher.permission.WRITE_SETTINGS
06-18 22:49:48.054   538   538 E DefaultPermGrantPolicy: Permission not found: com.android.smspush.WAPPUSH_MANAGER_BIND
06-18 22:49:48.063   538   538 E DefaultPermGrantPolicy: Permission not found: android.permission.MANAGE_WIFI_WHEN_WIRELESS_CONSENT_REQUIRED
06-18 22:49:48.084   538   538 E DefaultPermGrantPolicy: Permission not found: android.car.permission.CONTROL_CAR_CLIMATE
06-18 22:49:48.084   538   538 E DefaultPermGrantPolicy: Permission not found: android.car.permission.CAR_CONTROL_AUDIO_VOLUME
06-18 22:49:48.089   538   538 E DefaultPermGrantPolicy: Permission not found: com.sec.android.provider.badge.permission.READ
06-18 22:49:48.089   538   538 E DefaultPermGrantPolicy: Permission not found: com.sec.android.provider.badge.permission.WRITE
06-18 22:49:48.089   538   538 E DefaultPermGrantPolicy: Permission not found: com.htc.launcher.permission.READ_SETTINGS
06-18 22:49:48.089   538   538 E DefaultPermGrantPolicy: Permission not found: com.htc.launcher.permission.UPDATE_SHORTCUT
06-18 22:49:48.089   538   538 E DefaultPermGrantPolicy: Permission not found: com.sonyericsson.home.permission.BROADCAST_BADGE
06-18 22:49:48.090   538   538 E DefaultPermGrantPolicy: Permission not found: com.sonymobile.home.permission.PROVIDER_INSERT_BADGE
06-18 22:49:48.090   538   538 E DefaultPermGrantPolicy: Permission not found: com.anddoes.launcher.permission.UPDATE_COUNT
06-18 22:49:48.090   538   538 E DefaultPermGrantPolicy: Permission not found: com.majeur.launcher.permission.UPDATE_BADGE
06-18 22:49:48.090   538   538 E DefaultPermGrantPolicy: Permission not found: com.huawei.android.launcher.permission.CHANGE_BADGE
06-18 22:49:48.090   538   538 E DefaultPermGrantPolicy: Permission not found: com.huawei.android.launcher.permission.READ_SETTINGS
06-18 22:49:48.090   538   538 E DefaultPermGrantPolicy: Permission not found: com.huawei.android.launcher.permission.WRITE_SETTINGS
06-18 22:49:48.090   538   538 E DefaultPermGrantPolicy: Permission not found: android.permission.READ_APP_BADGE
06-18 22:49:48.090   538   538 E DefaultPermGrantPolicy: Permission not found: com.oppo.launcher.permission.READ_SETTINGS
06-18 22:49:48.090   538   538 E DefaultPermGrantPolicy: Permission not found: com.oppo.launcher.permission.WRITE_SETTINGS
06-18 22:49:48.090   538   538 E DefaultPermGrantPolicy: Permission not found: com.cequint.ecid.CALLER_ID_LOOKUP
06-18 22:49:48.090   538   538 E DefaultPermGrantPolicy: Permission not found: com.motorola.incallui.permission.INCOMING_CALL_VISIBILITY_CHANGED
06-18 22:49:48.091   538   538 E DefaultPermGrantPolicy: Permission not found: android.permission.PRE_FACTORY_RESET
06-18 22:49:48.091   538   538 E DefaultPermGrantPolicy: Permission not found: com.google.android.apps.enterprise.dmagent.permission.AutoSyncPermission
06-18 22:49:48.091   538   538 E DefaultPermGrantPolicy: Permission not found: android.car.permission.CAR_POWER
06-18 22:49:48.091   538   538 E DefaultPermGrantPolicy: Permission not found: com.google.android.wearable.WRITE_SETTINGS
06-18 22:49:48.091   538   538 E DefaultPermGrantPolicy: Permission not found: com.felicanetworks.mfc.permission.MFC_ACCESS
06-18 22:49:48.091   538   538 E DefaultPermGrantPolicy: Permission not found: com.felicanetworks.mfc.mfi.permission.MFI_ACCESS
06-18 22:49:48.091   538   538 E DefaultPermGrantPolicy: Permission not found: com.google.android.finsky.permission.INSTANT_APP_STATE
06-18 22:49:48.091   538   538 E DefaultPermGrantPolicy: Permission not found: com.google.android.googlequicksearchbox.permission.PAUSE_HOTWORD
06-18 22:49:48.091   538   538 E DefaultPermGrantPolicy: Permission not found: com.google.android.finsky.permission.BIND_GET_INSTALL_REFERRER_SERVICE
06-18 22:49:48.091   538   538 E DefaultPermGrantPolicy: Permission not found: com.google.android.hangouts.START_HANGOUT
06-18 22:49:48.091   538   538 E DefaultPermGrantPolicy: Permission not found: android.car.permission.CAR_POWERTRAIN
06-18 22:49:48.091   538   538 E DefaultPermGrantPolicy: Permission not found: android.car.permission.CAR_ENERGY
06-18 22:49:48.091   538   538 E DefaultPermGrantPolicy: Permission not found: android.car.permission.CAR_ENERGY_PORTS
06-18 22:49:48.091   538   538 E DefaultPermGrantPolicy: Permission not found: android.car.permission.CAR_EXTERIOR_LIGHTS
06-18 22:49:48.091   538   538 E DefaultPermGrantPolicy: Permission not found: android.car.permission.CAR_INFO
06-18 22:49:48.092   538   538 E DefaultPermGrantPolicy: Permission not found: android.car.permission.CAR_MILEAGE
06-18 22:49:48.092   538   538 E DefaultPermGrantPolicy: Permission not found: android.car.permission.CAR_TIRES
06-18 22:49:48.092   538   538 E DefaultPermGrantPolicy: Permission not found: android.car.permission.CONTROL_CAR_DOORS
06-18 22:49:48.092   538   538 E DefaultPermGrantPolicy: Permission not found: android.car.permission.CONTROL_CAR_EXTERIOR_LIGHTS
06-18 22:49:48.092   538   538 E DefaultPermGrantPolicy: Permission not found: android.car.permission.CONTROL_CAR_MIRRORS
06-18 22:49:48.092   538   538 E DefaultPermGrantPolicy: Permission not found: android.car.permission.CONTROL_CAR_SEATS
06-18 22:49:48.092   538   538 E DefaultPermGrantPolicy: Permission not found: android.car.permission.CONTROL_CAR_WINDOWS
06-18 22:49:48.092   538   538 E DefaultPermGrantPolicy: Permission not found: android.car.permission.READ_CAR_DISPLAY_UNITS
06-18 22:49:48.092   538   538 E DefaultPermGrantPolicy: Permission not found: com.google.android.finsky.permission.GEARHEAD_SERVICE
06-18 22:49:48.092   538   538 E DefaultPermGrantPolicy: Permission not found: com.google.android.permission.ACCESSIBILITY_SCAN_SERVICE
06-18 22:49:48.092   538   538 E DefaultPermGrantPolicy: Permission not found: com.google.android.finsky.permission.ACCESS_INSTANT_APP_NOTIFICATION_ENFORCEMENT
06-18 22:49:48.092   538   538 E DefaultPermGrantPolicy: Permission not found: com.google.android.clockwork.settings.SHOW_FACTORY_RESET_CONFIRMATION
06-18 22:49:48.092   538   538 E DefaultPermGrantPolicy: Permission not found: com.google.android.wearable.READ_SETTINGS
06-18 22:49:48.092   538   538 E DefaultPermGrantPolicy: Permission not found: android.permission.READ_MEDIA_AUDIO
06-18 22:49:48.092   538   538 E DefaultPermGrantPolicy: Permission not found: android.permission.READ_MEDIA_IMAGES
06-18 22:49:48.092   538   538 E DefaultPermGrantPolicy: Permission not found: android.permission.READ_MEDIA_VIDEO
06-18 22:49:48.092   538   538 E DefaultPermGrantPolicy: Permission not found: com.google.android.apps.now.OPT_IN_WIZARD
06-18 22:49:48.092   538   538 E DefaultPermGrantPolicy: Permission not found: com.google.android.setupwizard.SETUP_COMPAT_SERVICE
06-18 22:49:48.092   538   538 E DefaultPermGrantPolicy: Permission not found: com.android.vending.setup.PLAY_SETUP_SERVICE
06-18 22:49:48.092   538   538 E DefaultPermGrantPolicy: Permission not found: com.google.android.gms.game.notifications.permission.WRITE
06-18 22:49:48.092   538   538 E DefaultPermGrantPolicy: Permission not found: com.google.android.launcher.permission.RECEIVE_LAUNCH_BROADCASTS
06-18 22:49:48.092   538   538 E DefaultPermGrantPolicy: Permission not found: com.google.android.vending.verifier.ACCESS_VERIFIER
06-18 22:49:48.092   538   538 E DefaultPermGrantPolicy: Permission not found: com.google.android.gm.permission.READ_GMAIL
06-18 22:49:48.158   312   312 E android.hardware.wifi@1.0-service: Failed to register radio mode change callback
06-18 22:49:48.136     0     0 E init    : Unable to set property 'vendor.wlan.firmware.version' from uid:1010 gid:1010 pid:312: SELinux permission check failed
06-18 22:49:48.140     0     0 E init    : Unable to set property 'vendor.wlan.driver.version' from uid:1010 gid:1010 pid:312: SELinux permission check failed
06-18 22:49:48.174   312   312 E android.hardware.wifi@1.0-service: Failed to set DFS flag; DFS channels may be unavailable.
06-18 22:49:48.301   538   538 E DefaultPermGrantPolicy: Permission not found: com.google.android.permission.INSTALL_WEARABLE_PACKAGES
06-18 22:49:49.590   538   603 E DisplayModeDirector: Asked about unknown display, returning empty display mode specs!(id=0)
06-18 22:49:49.593   538   603 E DisplayModeDirector: Asked about unknown display, returning empty display mode specs!(id=0)
06-18 22:49:50.098   538   927 E UsbPortManager: port status enquiry failed
06-18 22:49:52.754   538   602 E BluetoothManagerService: MESSAGE_TIMEOUT_BIND
06-18 22:50:04.435   538   538 E TrustManagerService: EXTRA_USER_HANDLE missing or invalid, value=0
06-18 22:50:07.968   538   592 E WindowManager: Window Session Crash
06-18 22:50:07.968   538   592 E WindowManager: java.lang.IllegalArgumentException: Requested window null does not exist
06-18 22:50:07.968   538   592 E WindowManager: 	at com.android.server.wm.WindowManagerService.windowForClientLocked(WindowManagerService.java:5433)
06-18 22:50:07.968   538   592 E WindowManager: 	at com.android.server.wm.Session.actionOnWallpaper(Session.java:356)
06-18 22:50:07.968   538   592 E WindowManager: 	at com.android.server.wm.Session.setWallpaperZoomOut(Session.java:382)
06-18 22:50:07.968   538   592 E WindowManager: 	at android.view.IWindowSession$Stub.onTransact(IWindowSession.java:1154)
06-18 22:50:07.968   538   592 E WindowManager: 	at com.android.server.wm.Session.onTransact(Session.java:139)
06-18 22:50:07.968   538   592 E WindowManager: 	at android.os.Binder.execTransactInternal(Binder.java:1159)
06-18 22:50:07.968   538   592 E WindowManager: 	at android.os.Binder.execTransact(Binder.java:1123)
06-18 22:50:12.728   538   603 E TestHarnessModeService: Failed to start Test Harness Mode; no implementation of PersistentDataBlockManagerInternal was bound!
06-18 22:50:12.786   538   603 E UserspaceRebootLogger: Userspace reboot is not supported.
06-18 22:50:13.272     0     0 E selinux : SELinux: Could not get canonical path for /sys/kernel/debug/tracing/instances/wifi restorecon: No such file or directory.
06-18 22:50:13.291     0     0 E selinux :  
06-18 22:50:15.472   538   611 E AutofillManagerServiceImpl: Bad service name: com.google.android.gms/.autofill.service.AutofillService
06-18 22:50:15.484   538   600 E TaskPersister: restoreTasksForUserLocked: Unable to list files from /data/system_ce/0/recent_tasks
--------- beginning of main
06-18 22:50:16.131   538   928 E BackupPasswordManager: Unable to read backup pw version
06-18 22:50:16.131   538   928 E BackupPasswordManager: Unable to read saved backup pw hash
06-18 22:50:17.535   538   610 E StatsPullAtomService: subInfo of subId 1 is invalid, ignored.
06-18 22:50:18.128  1583  1583 E ChimeraCfgMgr: Failed to read module config: java.io.FileNotFoundException: /data/user_de/0/com.google.android.gms/app_chimera/current_config.fb: open failed: ENOENT (No such file or directory)
06-18 22:50:18.218   978   978 E StatusBarSignalPolicy: Unexpected subscription 1
06-18 22:50:18.247  1583  1583 E ChimeraCfgMgr: Failed to read module config: java.io.FileNotFoundException: /data/user_de/0/com.google.android.gms/app_chimera/current_config.fb: open failed: ENOENT (No such file or directory)
06-18 22:50:18.381   960   960 E MediaBrowser: onConnectFailed for ComponentInfo{com.android.music/com.android.music.MediaPlaybackService}
06-18 22:50:18.473  1583  1583 E ChimeraCfgMgr: Failed to read module config: java.io.FileNotFoundException: /data/user_de/0/com.google.android.gms/app_chimera/current_config.fb: open failed: ENOENT (No such file or directory)
06-18 22:50:18.667   277   344 E Netd    : no such netId 100
06-18 22:50:18.668   538   904 E ConnectivityService: Exception adding interface: java.lang.IllegalStateException: android.os.ServiceSpecificException: Machine is not on the network (code 64)
06-18 22:50:18.668   277   344 E Netd    : no such netId 100
06-18 22:50:18.793   277   344 E Netd    : no such netId 100
06-18 22:50:18.793   538   904 E ConnectivityService: Exception in networkAddRouteParcel for non-gateway: android.os.ServiceSpecificException: Machine is not on the network (code 64)
06-18 22:50:18.794   538   904 E ConnectivityService: Exception in networkAddRouteParcel for gateway: android.os.ServiceSpecificException: Machine is not on the network (code 64)
06-18 22:50:18.794   277   344 E Netd    : no such netId 100
06-18 22:50:19.254   538   610 E AutofillManagerServiceImpl: Bad service name: com.google.android.gms/.autofill.service.AutofillService
06-18 22:50:19.254   538   610 E AutofillManagerServiceImpl: Bad service name: com.google.android.gms/.autofill.service.AutofillService
06-18 22:50:19.505   277   344 E Netd    : Error adding route ::/0 -> fe80::2 wlan0 to table 1015: File exists
06-18 22:50:19.675  1319  1319 E PhoneInterfaceManager: [PhoneIntfMgr] setPreferredNetworkType: CommandException: com.android.internal.telephony.CommandException: MODE_NOT_SUPPORTED
06-18 22:50:21.099  1204  1204 E ContextImpl: Tried to access visual service WallpaperManager from a non-visual Context:android.app.Application@bc32725 Visual services, such as WindowManager, WallpaperService or LayoutInflater should be accessed from Activity or other visual Context. Use an Activity or a Context created with Context#createWindowContext(int, Bundle), which are adjusted to the configuration and visual bounds of an area on screen.
06-18 22:50:21.099  1204  1204 E ContextImpl: java.lang.IllegalAccessException: Tried to access visual service WallpaperManager from a non-visual Context:android.app.Application@bc32725
06-18 22:50:21.099  1204  1204 E ContextImpl: 	at android.app.ContextImpl.getSystemService(ContextImpl.java:1914)
06-18 22:50:21.099  1204  1204 E ContextImpl: 	at android.content.ContextWrapper.getSystemService(ContextWrapper.java:803)
06-18 22:50:21.099  1204  1204 E ContextImpl: 	at android.content.Context.getSystemService(Context.java:3705)
06-18 22:50:21.099  1204  1204 E ContextImpl: 	at com.android.launcher3.uioverrides.WallpaperColorInfo.<init>(WallpaperColorInfo.java:55)
06-18 22:50:21.099  1204  1204 E ContextImpl: 	at com.android.launcher3.uioverrides.WallpaperColorInfo.lambda$tLetMNUhFw-gX6-W-n47DqKz3p0(Unknown Source:2)
06-18 22:50:21.099  1204  1204 E ContextImpl: 	at com.android.launcher3.uioverrides.-$$Lambda$WallpaperColorInfo$tLetMNUhFw-gX6-W-n47DqKz3p0.get(Unknown Source:0)
06-18 22:50:21.099  1204  1204 E ContextImpl: 	at com.android.launcher3.util.MainThreadInitializedObject.lambda$get$0$MainThreadInitializedObject(MainThreadInitializedObject.java:50)
06-18 22:50:21.099  1204  1204 E ContextImpl: 	at com.android.launcher3.util.-$$Lambda$MainThreadInitializedObject$31I13NSyZWlVLw9-SvduyHO4fhM.get(Unknown Source:4)
06-18 22:50:21.099  1204  1204 E ContextImpl: 	at com.android.launcher3.util.TraceHelper.whitelistIpcs(TraceHelper.java:84)
06-18 22:50:21.099  1204  1204 E ContextImpl: 	at com.android.launcher3.util.MainThreadInitializedObject.get(MainThreadInitializedObject.java:49)
06-18 22:50:21.099  1204  1204 E ContextImpl: 	at com.android.launcher3.BaseDraggingActivity.onCreate(BaseDraggingActivity.java:90)
06-18 22:50:21.099  1204  1204 E ContextImpl: 	at com.android.launcher3.Launcher.onCreate(Launcher.java:365)
06-18 22:50:21.099  1204  1204 E ContextImpl: 	at com.android.launcher3.BaseQuickstepLauncher.onCreate(BaseQuickstepLauncher.java:83)
06-18 22:50:21.099  1204  1204 E ContextImpl: 	at com.android.launcher3.uioverrides.QuickstepLauncher.onCreate(QuickstepLauncher.java:98)
06-18 22:50:21.099  1204  1204 E ContextImpl: 	at android.app.Activity.performCreate(Activity.java:7994)
06-18 22:50:21.099  1204  1204 E ContextImpl: 	at android.app.Activity.performCreate(Activity.java:7978)
06-18 22:50:21.099  1204  1204 E ContextImpl: 	at android.app.Instrumentation.callActivityOnCreate(Instrumentation.java:1309)
06-18 22:50:21.099  1204  1204 E ContextImpl: 	at android.app.ActivityThread.performLaunchActivity(ActivityThread.java:3422)
06-18 22:50:21.099  1204  1204 E ContextImpl: 	at android.app.ActivityThread.handleLaunchActivity(ActivityThread.java:3601)
06-18 22:50:21.099  1204  1204 E ContextImpl: 	at android.app.servertransaction.LaunchActivityItem.execute(LaunchActivityItem.java:85)
06-18 22:50:21.099  1204  1204 E ContextImpl: 	at android.app.servertransaction.TransactionExecutor.executeCallbacks(TransactionExecutor.java:135)
06-18 22:50:21.099  1204  1204 E ContextImpl: 	at android.app.servertransaction.TransactionExecutor.execute(TransactionExecutor.java:95)
06-18 22:50:21.099  1204  1204 E ContextImpl: 	at android.app.ActivityThread$H.handleMessage(ActivityThread.java:2066)
06-18 22:50:21.099  1204  1204 E ContextImpl: 	at android.os.Handler.dispatchMessage(Handler.java:106)
06-18 22:50:21.099  1204  1204 E ContextImpl: 	at android.os.Looper.loop(Looper.java:223)
06-18 22:50:21.099  1204  1204 E ContextImpl: 	at android.app.ActivityThread.main(ActivityThread.java:7656)
06-18 22:50:21.099  1204  1204 E ContextImpl: 	at java.lang.reflect.Method.invoke(Native Method)
06-18 22:50:21.099  1204  1204 E ContextImpl: 	at com.android.internal.os.RuntimeInit$MethodAndArgsCaller.run(RuntimeInit.java:592)
06-18 22:50:21.099  1204  1204 E ContextImpl: 	at com.android.internal.os.ZygoteInit.main(ZygoteInit.java:947)
06-18 22:50:21.513  1204  2098 E FrameEvents: updateAcquireFence: Did not find frame.
06-18 22:50:21.562  1204  2098 E FrameEvents: updateAcquireFence: Did not find frame.
06-18 22:50:22.484   419   796 E IPCThreadState: binder thread pool (1 threads) starved for 243 ms
06-18 22:50:22.714  1583  1583 E ConfigFileUtils: Failed to read config file: /data/user_de/0/com.google.android.gms/app_chimera/current_modules_init.pb: open failed: ENOENT (No such file or directory)
06-18 22:50:23.249   538   610 E AutofillManagerServiceImpl: Bad service name: com.google.android.gms/.autofill.service.AutofillService
06-18 22:50:23.250   538   610 E AutofillManagerServiceImpl: Bad service name: com.google.android.gms/.autofill.service.AutofillService
06-18 22:50:23.981  1204  1204 E libprocessgroup: set_timerslack_ns write failed: Operation not permitted
06-18 22:50:24.456   277   344 E Netd    : Error adding route ::/0 -> fe80::2 radio0 to table 1017: File exists
06-18 22:50:25.030  2215  2215 E ContextImpl: Tried to access visual service LayoutInflater from a non-visual Context:com.android.documentsui.DocumentsApplication@b5ee885 Visual services, such as WindowManager, WallpaperService or LayoutInflater should be accessed from Activity or other visual Context. Use an Activity or a Context created with Context#createWindowContext(int, Bundle), which are adjusted to the configuration and visual bounds of an area on screen.
06-18 22:50:25.030  2215  2215 E ContextImpl: java.lang.IllegalAccessException: Tried to access visual service LayoutInflater from a non-visual Context:com.android.documentsui.DocumentsApplication@b5ee885
06-18 22:50:25.030  2215  2215 E ContextImpl: 	at android.app.ContextImpl.getSystemService(ContextImpl.java:1914)
06-18 22:50:25.030  2215  2215 E ContextImpl: 	at android.content.ContextWrapper.getSystemService(ContextWrapper.java:803)
06-18 22:50:25.030  2215  2215 E ContextImpl: 	at android.view.LayoutInflater.from(LayoutInflater.java:282)
06-18 22:50:25.030  2215  2215 E ContextImpl: 	at com.android.documentsui.DragShadowBuilder.<init>(DragShadowBuilder.java:49)
06-18 22:50:25.030  2215  2215 E ContextImpl: 	at com.android.documentsui.DragAndDropManager$RuntimeDragAndDropManager.<init>(DragAndDropManager.java:195)
06-18 22:50:25.030  2215  2215 E ContextImpl: 	at com.android.documentsui.DragAndDropManager$RuntimeDragAndDropManager.<init>(DragAndDropManager.java:166)
06-18 22:50:25.030  2215  2215 E ContextImpl: 	at com.android.documentsui.DragAndDropManager.create(DragAndDropManager.java:163)
06-18 22:50:25.030  2215  2215 E ContextImpl: 	at com.android.documentsui.DocumentsApplication.onCreate(DocumentsApplication.java:145)
06-18 22:50:25.030  2215  2215 E ContextImpl: 	at android.app.Instrumentation.callApplicationOnCreate(Instrumentation.java:1192)
06-18 22:50:25.030  2215  2215 E ContextImpl: 	at android.app.ActivityThread.handleBindApplication(ActivityThread.java:6712)
06-18 22:50:25.030  2215  2215 E ContextImpl: 	at android.app.ActivityThread.access$1300(ActivityThread.java:237)
06-18 22:50:25.030  2215  2215 E ContextImpl: 	at android.app.ActivityThread$H.handleMessage(ActivityThread.java:1913)
06-18 22:50:25.030  2215  2215 E ContextImpl: 	at android.os.Handler.dispatchMessage(Handler.java:106)
06-18 22:50:25.030  2215  2215 E ContextImpl: 	at android.os.Looper.loop(Looper.java:223)
06-18 22:50:25.030  2215  2215 E ContextImpl: 	at android.app.ActivityThread.main(ActivityThread.java:7656)
06-18 22:50:25.030  2215  2215 E ContextImpl: 	at java.lang.reflect.Method.invoke(Native Method)
06-18 22:50:25.030  2215  2215 E ContextImpl: 	at com.android.internal.os.RuntimeInit$MethodAndArgsCaller.run(RuntimeInit.java:592)
06-18 22:50:25.030  2215  2215 E ContextImpl: 	at com.android.internal.os.ZygoteInit.main(ZygoteInit.java:947)
06-18 22:50:25.074  2215  2215 E ViewConfiguration: Tried to access UI constants from a non-visual Context:com.android.documentsui.DocumentsApplication@b5ee885UI constants, such as display metrics or window metrics, must be accessed from Activity or other visual Context. Use an Activity or a Context created with Context#createWindowContext(int, Bundle), which are adjusted to the configuration and visual bounds of an area on screen
06-18 22:50:25.074  2215  2215 E ViewConfiguration: java.lang.IllegalArgumentException: Tried to access UI constants from a non-visual Context:com.android.documentsui.DocumentsApplication@b5ee885
06-18 22:50:25.074  2215  2215 E ViewConfiguration: 	at android.view.ViewConfiguration.get(ViewConfiguration.java:510)
06-18 22:50:25.074  2215  2215 E ViewConfiguration: 	at android.view.View.<init>(View.java:5317)
06-18 22:50:25.074  2215  2215 E ViewConfiguration: 	at android.view.View.<init>(View.java:5467)
06-18 22:50:25.074  2215  2215 E ViewConfiguration: 	at android.view.ViewGroup.<init>(ViewGroup.java:697)
06-18 22:50:25.074  2215  2215 E ViewConfiguration: 	at android.widget.LinearLayout.<init>(LinearLayout.java:254)
06-18 22:50:25.074  2215  2215 E ViewConfiguration: 	at android.widget.LinearLayout.<init>(LinearLayout.java:250)
06-18 22:50:25.074  2215  2215 E ViewConfiguration: 	at android.widget.LinearLayout.<init>(LinearLayout.java:246)
06-18 22:50:25.074  2215  2215 E ViewConfiguration: 	at java.lang.reflect.Constructor.newInstance0(Native Method)
06-18 22:50:25.074  2215  2215 E ViewConfiguration: 	at java.lang.reflect.Constructor.newInstance(Constructor.java:343)
06-18 22:50:25.074  2215  2215 E ViewConfiguration: 	at android.view.LayoutInflater.createView(LayoutInflater.java:852)
06-18 22:50:25.074  2215  2215 E ViewConfiguration: 	at android.view.LayoutInflater.createView(LayoutInflater.java:774)
06-18 22:50:25.074  2215  2215 E ViewConfiguration: 	at com.android.internal.policy.PhoneLayoutInflater.onCreateView(PhoneLayoutInflater.java:58)
06-18 22:50:25.074  2215  2215 E ViewConfiguration: 	at android.view.LayoutInflater.onCreateView(LayoutInflater.java:928)
06-18 22:50:25.074  2215  2215 E ViewConfiguration: 	at android.view.LayoutInflater.onCreateView(LayoutInflater.java:948)
06-18 22:50:25.074  2215  2215 E ViewConfiguration: 	at android.view.LayoutInflater.createViewFromTag(LayoutInflater.java:1002)
06-18 22:50:25.074  2215  2215 E ViewConfiguration: 	at android.view.LayoutInflater.createViewFromTag(LayoutInflater.java:959)
06-18 22:50:25.074  2215  2215 E ViewConfiguration: 	at android.view.LayoutInflater.inflate(LayoutInflater.java:657)
06-18 22:50:25.074  2215  2215 E ViewConfiguration: 	at android.view.LayoutInflater.inflate(LayoutInflater.java:532)
06-18 22:50:25.074  2215  2215 E ViewConfiguration: 	at android.view.LayoutInflater.inflate(LayoutInflater.java:479)
06-18 22:50:25.074  2215  2215 E ViewConfiguration: 	at com.android.documentsui.DragShadowBuilder.<init>(DragShadowBuilder.java:49)
06-18 22:50:25.074  2215  2215 E ViewConfiguration: 	at com.android.documentsui.DragAndDropManager$RuntimeDragAndDropManager.<init>(DragAndDropManager.java:195)
06-18 22:50:25.074  2215  2215 E ViewConfiguration: 	at com.android.documentsui.DragAndDropManager$RuntimeDragAndDropManager.<init>(DragAndDropManager.java:166)
06-18 22:50:25.074  2215  2215 E ViewConfiguration: 	at com.android.documentsui.DragAndDropManager.create(DragAndDropManager.java:163)
06-18 22:50:25.074  2215  2215 E ViewConfiguration: 	at com.android.documentsui.DocumentsApplication.onCreate(DocumentsApplication.java:145)
06-18 22:50:25.074  2215  2215 E ViewConfiguration: 	at android.app.Instrumentation.callApplicationOnCreate(Instrumentation.java:1192)
06-18 22:50:25.074  2215  2215 E ViewConfiguration: 	at android.app.ActivityThread.handleBindApplication(ActivityThread.java:6712)
06-18 22:50:25.074  2215  2215 E ViewConfiguration: 	at android.app.ActivityThread.access$1300(ActivityThread.java:237)
06-18 22:50:25.074  2215  2215 E ViewConfiguration: 	at android.app.ActivityThread$H.handleMessage(ActivityThread.java:1913)
06-18 22:50:25.074  2215  2215 E ViewConfiguration: 	at android.os.Handler.dispatchMessage(Handler.java:106)
06-18 22:50:25.074  2215  2215 E ViewConfiguration: 	at android.os.Looper.loop(Looper.java:223)
06-18 22:50:25.074  2215  2215 E ViewConfiguration: 	at android.app.ActivityThread.main(ActivityThread.java:7656)
06-18 22:50:25.074  2215  2215 E ViewConfiguration: 	at java.lang.reflect.Method.invoke(Native Method)
06-18 22:50:25.074  2215  2215 E ViewConfiguration: 	at com.android.internal.os.RuntimeInit$MethodAndArgsCaller.run(RuntimeInit.java:592)
06-18 22:50:25.074  2215  2215 E ViewConfiguration: 	at com.android.internal.os.ZygoteInit.main(ZygoteInit.java:947)
06-18 22:50:25.074  2215  2215 E ContextImpl: Tried to access visual service WindowManager from a non-visual Context:com.android.documentsui.DocumentsApplication@b5ee885 Visual services, such as WindowManager, WallpaperService or LayoutInflater should be accessed from Activity or other visual Context. Use an Activity or a Context created with Context#createWindowContext(int, Bundle), which are adjusted to the configuration and visual bounds of an area on screen.
06-18 22:50:25.074  2215  2215 E ContextImpl: java.lang.IllegalAccessException: Tried to access visual service WindowManager from a non-visual Context:com.android.documentsui.DocumentsApplication@b5ee885
06-18 22:50:25.074  2215  2215 E ContextImpl: 	at android.app.ContextImpl.getSystemService(ContextImpl.java:1914)
06-18 22:50:25.074  2215  2215 E ContextImpl: 	at android.content.ContextWrapper.getSystemService(ContextWrapper.java:803)
06-18 22:50:25.074  2215  2215 E ContextImpl: 	at android.content.Context.getSystemService(Context.java:3705)
06-18 22:50:25.074  2215  2215 E ContextImpl: 	at android.view.ViewConfiguration.<init>(ViewConfiguration.java:422)
06-18 22:50:25.074  2215  2215 E ContextImpl: 	at android.view.ViewConfiguration.get(ViewConfiguration.java:520)
06-18 22:50:25.074  2215  2215 E ContextImpl: 	at android.view.View.<init>(View.java:5317)
06-18 22:50:25.074  2215  2215 E ContextImpl: 	at android.view.View.<init>(View.java:5467)
06-18 22:50:25.074  2215  2215 E ContextImpl: 	at android.view.ViewGroup.<init>(ViewGroup.java:697)
06-18 22:50:25.074  2215  2215 E ContextImpl: 	at android.widget.LinearLayout.<init>(LinearLayout.java:254)
06-18 22:50:25.074  2215  2215 E ContextImpl: 	at android.widget.LinearLayout.<init>(LinearLayout.java:250)
06-18 22:50:25.074  2215  2215 E ContextImpl: 	at android.widget.LinearLayout.<init>(LinearLayout.java:246)
06-18 22:50:25.074  2215  2215 E ContextImpl: 	at java.lang.reflect.Constructor.newInstance0(Native Method)
06-18 22:50:25.074  2215  2215 E ContextImpl: 	at java.lang.reflect.Constructor.newInstance(Constructor.java:343)
06-18 22:50:25.074  2215  2215 E ContextImpl: 	at android.view.LayoutInflater.createView(LayoutInflater.java:852)
06-18 22:50:25.074  2215  2215 E ContextImpl: 	at android.view.LayoutInflater.createView(LayoutInflater.java:774)
06-18 22:50:25.074  2215  2215 E ContextImpl: 	at com.android.internal.policy.PhoneLayoutInflater.onCreateView(PhoneLayoutInflater.java:58)
06-18 22:50:25.074  2215  2215 E ContextImpl: 	at android.view.LayoutInflater.onCreateView(LayoutInflater.java:928)
06-18 22:50:25.074  2215  2215 E ContextImpl: 	at android.view.LayoutInflater.onCreateView(LayoutInflater.java:948)
06-18 22:50:25.074  2215  2215 E ContextImpl: 	at android.view.LayoutInflater.createViewFromTag(LayoutInflater.java:1002)
06-18 22:50:25.074  2215  2215 E ContextImpl: 	at android.view.LayoutInflater.createViewFromTag(LayoutInflater.java:959)
06-18 22:50:25.074  2215  2215 E ContextImpl: 	at android.view.LayoutInflater.inflate(LayoutInflater.java:657)
06-18 22:50:25.074  2215  2215 E ContextImpl: 	at android.view.LayoutInflater.inflate(LayoutInflater.java:532)
06-18 22:50:25.074  2215  2215 E ContextImpl: 	at android.view.LayoutInflater.inflate(LayoutInflater.java:479)
06-18 22:50:25.074  2215  2215 E ContextImpl: 	at com.android.documentsui.DragShadowBuilder.<init>(DragShadowBuilder.java:49)
06-18 22:50:25.074  2215  2215 E ContextImpl: 	at com.android.documentsui.DragAndDropManager$RuntimeDragAndDropManager.<init>(DragAndDropManager.java:195)
06-18 22:50:25.074  2215  2215 E ContextImpl: 	at com.android.documentsui.DragAndDropManager$RuntimeDragAndDropManager.<init>(DragAndDropManager.java:166)
06-18 22:50:25.074  2215  2215 E ContextImpl: 	at com.android.documentsui.DragAndDropManager.create(DragAndDropManager.java:163)
06-18 22:50:25.074  2215  2215 E ContextImpl: 	at com.android.documentsui.DocumentsApplication.onCreate(DocumentsApplication.java:145)
06-18 22:50:25.074  2215  2215 E ContextImpl: 	at android.app.Instrumentation.callApplicationOnCreate(Instrumentation.java:1192)
06-18 22:50:25.074  2215  2215 E ContextImpl: 	at android.app.ActivityThread.handleBindApplication(ActivityThread.java:6712)
06-18 22:50:25.074  2215  2215 E ContextImpl: 	at android.app.ActivityThread.access$1300(ActivityThread.java:237)
06-18 22:50:25.074  2215  2215 E ContextImpl: 	at android.app.ActivityThread$H.handleMessage(ActivityThread.java:1913)
06-18 22:50:25.074  2215  2215 E ContextImpl: 	at android.os.Handler.dispatchMessage(Handler.java:106)
06-18 22:50:25.074  2215  2215 E ContextImpl: 	at android.os.Looper.loop(Looper.java:223)
06-18 22:50:25.074  2215  2215 E ContextImpl: 	at android.app.ActivityThread.main(ActivityThread.java:7656)
06-18 22:50:25.074  2215  2215 E ContextImpl: 	at java.lang.reflect.Method.invoke(Native Method)
06-18 22:50:25.074  2215  2215 E ContextImpl: 	at com.android.internal.os.RuntimeInit$MethodAndArgsCaller.run(RuntimeInit.java:592)
06-18 22:50:25.074  2215  2215 E ContextImpl: 	at com.android.internal.os.ZygoteInit.main(ZygoteInit.java:947)
06-18 22:50:25.086  2215  2215 E ViewConfiguration: Tried to access UI constants from a non-visual Context:com.android.documentsui.DocumentsApplication@b5ee885UI constants, such as display metrics or window metrics, must be accessed from Activity or other visual Context. Use an Activity or a Context created with Context#createWindowContext(int, Bundle), which are adjusted to the configuration and visual bounds of an area on screen
06-18 22:50:25.086  2215  2215 E ViewConfiguration: java.lang.IllegalArgumentException: Tried to access UI constants from a non-visual Context:com.android.documentsui.DocumentsApplication@b5ee885
