06-19 00:43:03.569   494   494 E wifi_forwarder: qemu_pipe_open_ns:62: Could not connect to the 'pipe:qemud:wififorward' service: Invalid argument
06-19 00:43:03.569   494   494 E wifi_forwarder: RemoteConnection failed to initialize: RemoteConnection failed to open pipe
06-19 00:43:03.715   489   489 E netmgr  : qemu_pipe_open_ns:62: Could not connect to the 'pipe:qemud:network' service: Invalid argument
06-19 00:43:03.715   489   489 E netmgr  : Failed to open QEMU pipe 'qemud:network': Invalid argument
06-19 00:44:03.580   494   494 E wifi_forwarder: qemu_pipe_open_ns:62: Could not connect to the 'pipe:qemud:wififorward' service: Invalid argument
06-19 00:44:03.581   494   494 E wifi_forwarder: RemoteConnection failed to initialize: RemoteConnection failed to open pipe
06-19 00:44:03.747   489   489 E netmgr  : qemu_pipe_open_ns:62: Could not connect to the 'pipe:qemud:network' service: Invalid argument
06-19 00:44:03.747   489   489 E netmgr  : Failed to open QEMU pipe 'qemud:network': Invalid argument
06-19 00:45:03.613   494   494 E wifi_forwarder: qemu_pipe_open_ns:62: Could not connect to the 'pipe:qemud:wififorward' service: Invalid argument
06-19 00:45:03.613   494   494 E wifi_forwarder: RemoteConnection failed to initialize: RemoteConnection failed to open pipe
06-19 00:45:03.763   489   489 E netmgr  : qemu_pipe_open_ns:62: Could not connect to the 'pipe:qemud:network' service: Invalid argument
06-19 00:45:03.764   489   489 E netmgr  : Failed to open QEMU pipe 'qemud:network': Invalid argument
06-19 00:46:03.622   494   494 E wifi_forwarder: qemu_pipe_open_ns:62: Could not connect to the 'pipe:qemud:wififorward' service: Invalid argument
06-19 00:46:03.622   494   494 E wifi_forwarder: RemoteConnection failed to initialize: RemoteConnection failed to open pipe
06-19 00:46:03.770   489   489 E netmgr  : qemu_pipe_open_ns:62: Could not connect to the 'pipe:qemud:network' service: Invalid argument
06-19 00:46:03.770   489   489 E netmgr  : Failed to open QEMU pipe 'qemud:network': Invalid argument
06-19 00:47:03.681   494   494 E wifi_forwarder: qemu_pipe_open_ns:62: Could not connect to the 'pipe:qemud:wififorward' service: Invalid argument
06-19 00:47:03.681   494   494 E wifi_forwarder: RemoteConnection failed to initialize: RemoteConnection failed to open pipe
06-19 00:47:03.782   489   489 E netmgr  : qemu_pipe_open_ns:62: Could not connect to the 'pipe:qemud:network' service: Invalid argument
06-19 00:47:03.782   489   489 E netmgr  : Failed to open QEMU pipe 'qemud:network': Invalid argument
06-19 05:22:58.016   494   494 E wifi_forwarder: qemu_pipe_open_ns:62: Could not connect to the 'pipe:qemud:wififorward' service: Invalid argument
06-19 05:22:58.018   494   494 E wifi_forwarder: RemoteConnection failed to initialize: RemoteConnection failed to open pipe
06-19 05:22:58.102   489   489 E netmgr  : qemu_pipe_open_ns:62: Could not connect to the 'pipe:qemud:network' service: Invalid argument
06-19 05:22:58.103   489   489 E netmgr  : Failed to open QEMU pipe 'qemud:network': Invalid argument
06-19 10:26:03.868   494   494 E wifi_forwarder: qemu_pipe_open_ns:62: Could not connect to the 'pipe:qemud:wififorward' service: Invalid argument
06-19 10:26:03.868   494   494 E wifi_forwarder: RemoteConnection failed to initialize: RemoteConnection failed to open pipe
06-19 10:26:03.999   489   489 E netmgr  : qemu_pipe_open_ns:62: Could not connect to the 'pipe:qemud:network' service: Invalid argument
06-19 10:26:03.999   489   489 E netmgr  : Failed to open QEMU pipe 'qemud:network': Invalid argument
06-19 10:27:03.915   494   494 E wifi_forwarder: qemu_pipe_open_ns:62: Could not connect to the 'pipe:qemud:wififorward' service: Invalid argument
06-19 10:27:03.915   494   494 E wifi_forwarder: RemoteConnection failed to initialize: RemoteConnection failed to open pipe
06-19 10:27:04.007   489   489 E netmgr  : qemu_pipe_open_ns:62: Could not connect to the 'pipe:qemud:network' service: Invalid argument
06-19 10:27:04.007   489   489 E netmgr  : Failed to open QEMU pipe 'qemud:network': Invalid argument
06-19 10:28:03.931   494   494 E wifi_forwarder: qemu_pipe_open_ns:62: Could not connect to the 'pipe:qemud:wififorward' service: Invalid argument
06-19 10:28:03.931   494   494 E wifi_forwarder: RemoteConnection failed to initialize: RemoteConnection failed to open pipe
06-19 10:28:04.032   489   489 E netmgr  : qemu_pipe_open_ns:62: Could not connect to the 'pipe:qemud:network' service: Invalid argument
06-19 10:28:04.032   489   489 E netmgr  : Failed to open QEMU pipe 'qemud:network': Invalid argument
06-19 10:28:52.305  1583  3906 E WakeLock: GCM_HB_ALARM release without a matched acquire!
06-19 10:28:52.354  1583  3911 E WakeLock: GCM_HB_ALARM release without a matched acquire!
06-19 10:29:03.947   494   494 E wifi_forwarder: qemu_pipe_open_ns:62: Could not connect to the 'pipe:qemud:wififorward' service: Invalid argument
06-19 10:29:03.948   494   494 E wifi_forwarder: RemoteConnection failed to initialize: RemoteConnection failed to open pipe
06-19 10:29:04.040   489   489 E netmgr  : qemu_pipe_open_ns:62: Could not connect to the 'pipe:qemud:network' service: Invalid argument
06-19 10:29:04.040   489   489 E netmgr  : Failed to open QEMU pipe 'qemud:network': Invalid argument
06-19 10:30:03.988   494   494 E wifi_forwarder: qemu_pipe_open_ns:62: Could not connect to the 'pipe:qemud:wififorward' service: Invalid argument
06-19 10:30:03.988   494   494 E wifi_forwarder: RemoteConnection failed to initialize: RemoteConnection failed to open pipe
06-19 10:30:04.049   489   489 E netmgr  : qemu_pipe_open_ns:62: Could not connect to the 'pipe:qemud:network' service: Invalid argument
06-19 10:30:04.049   489   489 E netmgr  : Failed to open QEMU pipe 'qemud:network': Invalid argument
06-19 10:31:04.052   494   494 E wifi_forwarder: qemu_pipe_open_ns:62: Could not connect to the 'pipe:qemud:wififorward' service: Invalid argument
06-19 10:31:04.052   494   494 E wifi_forwarder: RemoteConnection failed to initialize: RemoteConnection failed to open pipe
06-19 10:31:04.101   489   489 E netmgr  : qemu_pipe_open_ns:62: Could not connect to the 'pipe:qemud:network' service: Invalid argument
06-19 10:31:04.102   489   489 E netmgr  : Failed to open QEMU pipe 'qemud:network': Invalid argument
06-19 10:32:04.065   494   494 E wifi_forwarder: qemu_pipe_open_ns:62: Could not connect to the 'pipe:qemud:wififorward' service: Invalid argument
06-19 10:32:04.065   494   494 E wifi_forwarder: RemoteConnection failed to initialize: RemoteConnection failed to open pipe
06-19 10:32:04.164   489   489 E netmgr  : qemu_pipe_open_ns:62: Could not connect to the 'pipe:qemud:network' service: Invalid argument
06-19 10:32:04.164   489   489 E netmgr  : Failed to open QEMU pipe 'qemud:network': Invalid argument
06-19 10:33:04.067   494   494 E wifi_forwarder: qemu_pipe_open_ns:62: Could not connect to the 'pipe:qemud:wififorward' service: Invalid argument
06-19 10:33:04.067   494   494 E wifi_forwarder: RemoteConnection failed to initialize: RemoteConnection failed to open pipe
06-19 10:33:04.187   489   489 E netmgr  : qemu_pipe_open_ns:62: Could not connect to the 'pipe:qemud:network' service: Invalid argument
06-19 10:33:04.187   489   489 E netmgr  : Failed to open QEMU pipe 'qemud:network': Invalid argument
06-19 10:34:04.117   494   494 E wifi_forwarder: qemu_pipe_open_ns:62: Could not connect to the 'pipe:qemud:wififorward' service: Invalid argument
06-19 10:34:04.117   494   494 E wifi_forwarder: RemoteConnection failed to initialize: RemoteConnection failed to open pipe
06-19 10:34:04.199   489   489 E netmgr  : qemu_pipe_open_ns:62: Could not connect to the 'pipe:qemud:network' service: Invalid argument
06-19 10:34:04.200   489   489 E netmgr  : Failed to open QEMU pipe 'qemud:network': Invalid argument
06-19 10:35:04.172   494   494 E wifi_forwarder: qemu_pipe_open_ns:62: Could not connect to the 'pipe:qemud:wififorward' service: Invalid argument
06-19 10:35:04.173   494   494 E wifi_forwarder: RemoteConnection failed to initialize: RemoteConnection failed to open pipe
06-19 10:35:04.222   489   489 E netmgr  : qemu_pipe_open_ns:62: Could not connect to the 'pipe:qemud:network' service: Invalid argument
06-19 10:35:04.222   489   489 E netmgr  : Failed to open QEMU pipe 'qemud:network': Invalid argument
06-19 10:36:04.198   494   494 E wifi_forwarder: qemu_pipe_open_ns:62: Could not connect to the 'pipe:qemud:wififorward' service: Invalid argument
06-19 10:36:04.199   494   494 E wifi_forwarder: RemoteConnection failed to initialize: RemoteConnection failed to open pipe
06-19 10:36:04.232   489   489 E netmgr  : qemu_pipe_open_ns:62: Could not connect to the 'pipe:qemud:network' service: Invalid argument
06-19 10:36:04.233   489   489 E netmgr  : Failed to open QEMU pipe 'qemud:network': Invalid argument
06-19 10:37:04.250   494   494 E wifi_forwarder: qemu_pipe_open_ns:62: Could not connect to the 'pipe:qemud:wififorward' service: Invalid argument
06-19 10:37:04.250   494   494 E wifi_forwarder: RemoteConnection failed to initialize: RemoteConnection failed to open pipe
06-19 10:37:04.264   489   489 E netmgr  : qemu_pipe_open_ns:62: Could not connect to the 'pipe:qemud:network' service: Invalid argument
06-19 10:37:04.264   489   489 E netmgr  : Failed to open QEMU pipe 'qemud:network': Invalid argument
06-19 10:38:04.265   489   489 E netmgr  : qemu_pipe_open_ns:62: Could not connect to the 'pipe:qemud:network' service: Invalid argument
06-19 10:38:04.265   494   494 E wifi_forwarder: qemu_pipe_open_ns:62: Could not connect to the 'pipe:qemud:wififorward' service: Invalid argument
06-19 10:38:04.265   489   489 E netmgr  : Failed to open QEMU pipe 'qemud:network': Invalid argument
06-19 10:38:04.266   494   494 E wifi_forwarder: RemoteConnection failed to initialize: RemoteConnection failed to open pipe
06-19 10:39:04.267   489   489 E netmgr  : qemu_pipe_open_ns:62: Could not connect to the 'pipe:qemud:network' service: Invalid argument
06-19 10:39:04.267   489   489 E netmgr  : Failed to open QEMU pipe 'qemud:network': Invalid argument
06-19 10:39:04.317   494   494 E wifi_forwarder: qemu_pipe_open_ns:62: Could not connect to the 'pipe:qemud:wififorward' service: Invalid argument
06-19 10:39:04.317   494   494 E wifi_forwarder: RemoteConnection failed to initialize: RemoteConnection failed to open pipe
06-19 10:40:04.279   489   489 E netmgr  : qemu_pipe_open_ns:62: Could not connect to the 'pipe:qemud:network' service: Invalid argument
06-19 10:40:04.279   489   489 E netmgr  : Failed to open QEMU pipe 'qemud:network': Invalid argument
06-19 10:40:04.331   494   494 E wifi_forwarder: qemu_pipe_open_ns:62: Could not connect to the 'pipe:qemud:wififorward' service: Invalid argument
06-19 10:40:04.331   494   494 E wifi_forwarder: RemoteConnection failed to initialize: RemoteConnection failed to open pipe
06-19 10:41:04.281   489   489 E netmgr  : qemu_pipe_open_ns:62: Could not connect to the 'pipe:qemud:network' service: Invalid argument
06-19 10:41:04.281   489   489 E netmgr  : Failed to open QEMU pipe 'qemud:network': Invalid argument
06-19 10:41:04.348   494   494 E wifi_forwarder: qemu_pipe_open_ns:62: Could not connect to the 'pipe:qemud:wififorward' service: Invalid argument
06-19 10:41:04.348   494   494 E wifi_forwarder: RemoteConnection failed to initialize: RemoteConnection failed to open pipe
06-19 10:42:04.287   489   489 E netmgr  : qemu_pipe_open_ns:62: Could not connect to the 'pipe:qemud:network' service: Invalid argument
06-19 10:42:04.287   489   489 E netmgr  : Failed to open QEMU pipe 'qemud:network': Invalid argument
06-19 10:42:04.400   494   494 E wifi_forwarder: qemu_pipe_open_ns:62: Could not connect to the 'pipe:qemud:wififorward' service: Invalid argument
06-19 10:42:04.400   494   494 E wifi_forwarder: RemoteConnection failed to initialize: RemoteConnection failed to open pipe
06-19 10:43:04.301   489   489 E netmgr  : qemu_pipe_open_ns:62: Could not connect to the 'pipe:qemud:network' service: Invalid argument
06-19 10:43:04.301   489   489 E netmgr  : Failed to open QEMU pipe 'qemud:network': Invalid argument
06-19 10:43:04.415   494   494 E wifi_forwarder: qemu_pipe_open_ns:62: Could not connect to the 'pipe:qemud:wififorward' service: Invalid argument
06-19 10:43:04.415   494   494 E wifi_forwarder: RemoteConnection failed to initialize: RemoteConnection failed to open pipe
06-19 10:44:04.341   489   489 E netmgr  : qemu_pipe_open_ns:62: Could not connect to the 'pipe:qemud:network' service: Invalid argument
06-19 10:44:04.341   489   489 E netmgr  : Failed to open QEMU pipe 'qemud:network': Invalid argument
06-19 10:44:04.417   494   494 E wifi_forwarder: qemu_pipe_open_ns:62: Could not connect to the 'pipe:qemud:wififorward' service: Invalid argument
06-19 10:44:04.418   494   494 E wifi_forwarder: RemoteConnection failed to initialize: RemoteConnection failed to open pipe
06-19 10:45:04.349   489   489 E netmgr  : qemu_pipe_open_ns:62: Could not connect to the 'pipe:qemud:network' service: Invalid argument
06-19 10:45:04.349   489   489 E netmgr  : Failed to open QEMU pipe 'qemud:network': Invalid argument
06-19 10:45:04.427   494   494 E wifi_forwarder: qemu_pipe_open_ns:62: Could not connect to the 'pipe:qemud:wififorward' service: Invalid argument
06-19 10:45:04.427   494   494 E wifi_forwarder: RemoteConnection failed to initialize: RemoteConnection failed to open pipe
06-19 10:45:43.139  1583  4230 E WakeLock: GCM_HB_ALARM release without a matched acquire!
06-19 10:46:04.367   489   489 E netmgr  : qemu_pipe_open_ns:62: Could not connect to the 'pipe:qemud:network' service: Invalid argument
06-19 10:46:04.367   489   489 E netmgr  : Failed to open QEMU pipe 'qemud:network': Invalid argument
06-19 10:46:04.429   494   494 E wifi_forwarder: qemu_pipe_open_ns:62: Could not connect to the 'pipe:qemud:wififorward' service: Invalid argument
06-19 10:46:04.429   494   494 E wifi_forwarder: RemoteConnection failed to initialize: RemoteConnection failed to open pipe
06-19 10:47:04.387   489   489 E netmgr  : qemu_pipe_open_ns:62: Could not connect to the 'pipe:qemud:network' service: Invalid argument
06-19 10:47:04.387   489   489 E netmgr  : Failed to open QEMU pipe 'qemud:network': Invalid argument
06-19 10:47:04.488   494   494 E wifi_forwarder: qemu_pipe_open_ns:62: Could not connect to the 'pipe:qemud:wififorward' service: Invalid argument
06-19 10:47:04.488   494   494 E wifi_forwarder: RemoteConnection failed to initialize: RemoteConnection failed to open pipe
06-19 10:48:04.401   489   489 E netmgr  : qemu_pipe_open_ns:62: Could not connect to the 'pipe:qemud:network' service: Invalid argument
06-19 10:48:04.401   489   489 E netmgr  : Failed to open QEMU pipe 'qemud:network': Invalid argument
06-19 10:48:04.519   494   494 E wifi_forwarder: qemu_pipe_open_ns:62: Could not connect to the 'pipe:qemud:wififorward' service: Invalid argument
06-19 10:48:04.519   494   494 E wifi_forwarder: RemoteConnection failed to initialize: RemoteConnection failed to open pipe
06-19 10:49:04.453   489   489 E netmgr  : qemu_pipe_open_ns:62: Could not connect to the 'pipe:qemud:network' service: Invalid argument
06-19 10:49:04.454   489   489 E netmgr  : Failed to open QEMU pipe 'qemud:network': Invalid argument
06-19 10:49:04.527   494   494 E wifi_forwarder: qemu_pipe_open_ns:62: Could not connect to the 'pipe:qemud:wififorward' service: Invalid argument
06-19 10:49:04.527   494   494 E wifi_forwarder: RemoteConnection failed to initialize: RemoteConnection failed to open pipe
06-19 10:50:04.456   489   489 E netmgr  : qemu_pipe_open_ns:62: Could not connect to the 'pipe:qemud:network' service: Invalid argument
06-19 10:50:04.456   489   489 E netmgr  : Failed to open QEMU pipe 'qemud:network': Invalid argument
06-19 10:50:04.528   494   494 E wifi_forwarder: qemu_pipe_open_ns:62: Could not connect to the 'pipe:qemud:wififorward' service: Invalid argument
06-19 10:50:04.528   494   494 E wifi_forwarder: RemoteConnection failed to initialize: RemoteConnection failed to open pipe
06-19 10:51:04.467   489   489 E netmgr  : qemu_pipe_open_ns:62: Could not connect to the 'pipe:qemud:network' service: Invalid argument
06-19 10:51:04.467   489   489 E netmgr  : Failed to open QEMU pipe 'qemud:network': Invalid argument
06-19 10:51:04.589   494   494 E wifi_forwarder: qemu_pipe_open_ns:62: Could not connect to the 'pipe:qemud:wififorward' service: Invalid argument
06-19 10:51:04.589   494   494 E wifi_forwarder: RemoteConnection failed to initialize: RemoteConnection failed to open pipe
06-19 10:52:04.520   489   489 E netmgr  : qemu_pipe_open_ns:62: Could not connect to the 'pipe:qemud:network' service: Invalid argument
06-19 10:52:04.520   489   489 E netmgr  : Failed to open QEMU pipe 'qemud:network': Invalid argument
06-19 10:52:04.598   494   494 E wifi_forwarder: qemu_pipe_open_ns:62: Could not connect to the 'pipe:qemud:wififorward' service: Invalid argument
06-19 10:52:04.598   494   494 E wifi_forwarder: RemoteConnection failed to initialize: RemoteConnection failed to open pipe
06-19 10:53:04.527   489   489 E netmgr  : qemu_pipe_open_ns:62: Could not connect to the 'pipe:qemud:network' service: Invalid argument
06-19 10:53:04.527   489   489 E netmgr  : Failed to open QEMU pipe 'qemud:network': Invalid argument
06-19 10:53:04.656   494   494 E wifi_forwarder: qemu_pipe_open_ns:62: Could not connect to the 'pipe:qemud:wififorward' service: Invalid argument
06-19 10:53:04.656   494   494 E wifi_forwarder: RemoteConnection failed to initialize: RemoteConnection failed to open pipe
06-19 10:54:04.582   489   489 E netmgr  : qemu_pipe_open_ns:62: Could not connect to the 'pipe:qemud:network' service: Invalid argument
06-19 10:54:04.582   489   489 E netmgr  : Failed to open QEMU pipe 'qemud:network': Invalid argument
06-19 10:54:04.656   494   494 E wifi_forwarder: qemu_pipe_open_ns:62: Could not connect to the 'pipe:qemud:wififorward' service: Invalid argument
06-19 10:54:04.657   494   494 E wifi_forwarder: RemoteConnection failed to initialize: RemoteConnection failed to open pipe
06-19 10:54:53.197  1583  4230 E WakeLock: GCM_HB_ALARM release without a matched acquire!
06-19 10:55:04.589   489   489 E netmgr  : qemu_pipe_open_ns:62: Could not connect to the 'pipe:qemud:network' service: Invalid argument
06-19 10:55:04.589   489   489 E netmgr  : Failed to open QEMU pipe 'qemud:network': Invalid argument
06-19 10:55:04.657   494   494 E wifi_forwarder: qemu_pipe_open_ns:62: Could not connect to the 'pipe:qemud:wififorward' service: Invalid argument
06-19 10:55:04.657   494   494 E wifi_forwarder: RemoteConnection failed to initialize: RemoteConnection failed to open pipe
06-19 10:56:04.598   489   489 E netmgr  : qemu_pipe_open_ns:62: Could not connect to the 'pipe:qemud:network' service: Invalid argument
06-19 10:56:04.598   489   489 E netmgr  : Failed to open QEMU pipe 'qemud:network': Invalid argument
06-19 10:56:04.667   494   494 E wifi_forwarder: qemu_pipe_open_ns:62: Could not connect to the 'pipe:qemud:wififorward' service: Invalid argument
06-19 10:56:04.667   494   494 E wifi_forwarder: RemoteConnection failed to initialize: RemoteConnection failed to open pipe
06-19 10:57:04.657   489   489 E netmgr  : qemu_pipe_open_ns:62: Could not connect to the 'pipe:qemud:network' service: Invalid argument
06-19 10:57:04.657   489   489 E netmgr  : Failed to open QEMU pipe 'qemud:network': Invalid argument
06-19 10:57:04.681   494   494 E wifi_forwarder: qemu_pipe_open_ns:62: Could not connect to the 'pipe:qemud:wififorward' service: Invalid argument
06-19 10:57:04.681   494   494 E wifi_forwarder: RemoteConnection failed to initialize: RemoteConnection failed to open pipe
06-19 10:58:04.667   489   489 E netmgr  : qemu_pipe_open_ns:62: Could not connect to the 'pipe:qemud:network' service: Invalid argument
06-19 10:58:04.667   489   489 E netmgr  : Failed to open QEMU pipe 'qemud:network': Invalid argument
06-19 10:58:04.733   494   494 E wifi_forwarder: qemu_pipe_open_ns:62: Could not connect to the 'pipe:qemud:wififorward' service: Invalid argument
06-19 10:58:04.733   494   494 E wifi_forwarder: RemoteConnection failed to initialize: RemoteConnection failed to open pipe
06-19 10:59:04.681   489   489 E netmgr  : qemu_pipe_open_ns:62: Could not connect to the 'pipe:qemud:network' service: Invalid argument
06-19 10:59:04.682   489   489 E netmgr  : Failed to open QEMU pipe 'qemud:network': Invalid argument
06-19 10:59:04.737   494   494 E wifi_forwarder: qemu_pipe_open_ns:62: Could not connect to the 'pipe:qemud:wififorward' service: Invalid argument
06-19 10:59:04.737   494   494 E wifi_forwarder: RemoteConnection failed to initialize: RemoteConnection failed to open pipe
06-19 11:00:04.688   489   489 E netmgr  : qemu_pipe_open_ns:62: Could not connect to the 'pipe:qemud:network' service: Invalid argument
06-19 11:00:04.688   489   489 E netmgr  : Failed to open QEMU pipe 'qemud:network': Invalid argument
06-19 11:00:04.798   494   494 E wifi_forwarder: qemu_pipe_open_ns:62: Could not connect to the 'pipe:qemud:wififorward' service: Invalid argument
06-19 11:00:04.798   494   494 E wifi_forwarder: RemoteConnection failed to initialize: RemoteConnection failed to open pipe
06-19 11:01:04.702   489   489 E netmgr  : qemu_pipe_open_ns:62: Could not connect to the 'pipe:qemud:network' service: Invalid argument
06-19 11:01:04.702   489   489 E netmgr  : Failed to open QEMU pipe 'qemud:network': Invalid argument
06-19 11:01:04.815   494   494 E wifi_forwarder: qemu_pipe_open_ns:62: Could not connect to the 'pipe:qemud:wififorward' service: Invalid argument
06-19 11:01:04.815   494   494 E wifi_forwarder: RemoteConnection failed to initialize: RemoteConnection failed to open pipe
06-19 11:02:04.705   489   489 E netmgr  : qemu_pipe_open_ns:62: Could not connect to the 'pipe:qemud:network' service: Invalid argument
06-19 11:02:04.705   489   489 E netmgr  : Failed to open QEMU pipe 'qemud:network': Invalid argument
06-19 11:02:04.832   494   494 E wifi_forwarder: qemu_pipe_open_ns:62: Could not connect to the 'pipe:qemud:wififorward' service: Invalid argument
06-19 11:02:04.832   494   494 E wifi_forwarder: RemoteConnection failed to initialize: RemoteConnection failed to open pipe
06-19 11:03:04.708   489   489 E netmgr  : qemu_pipe_open_ns:62: Could not connect to the 'pipe:qemud:network' service: Invalid argument
06-19 11:03:04.708   489   489 E netmgr  : Failed to open QEMU pipe 'qemud:network': Invalid argument
06-19 11:03:04.867   494   494 E wifi_forwarder: qemu_pipe_open_ns:62: Could not connect to the 'pipe:qemud:wififorward' service: Invalid argument
06-19 11:03:04.867   494   494 E wifi_forwarder: RemoteConnection failed to initialize: RemoteConnection failed to open pipe
06-19 11:04:03.252  1583  4230 E WakeLock: GCM_HB_ALARM release without a matched acquire!
06-19 11:04:04.732   489   489 E netmgr  : qemu_pipe_open_ns:62: Could not connect to the 'pipe:qemud:network' service: Invalid argument
06-19 11:04:04.732   489   489 E netmgr  : Failed to open QEMU pipe 'qemud:network': Invalid argument
06-19 11:04:04.927   494   494 E wifi_forwarder: qemu_pipe_open_ns:62: Could not connect to the 'pipe:qemud:wififorward' service: Invalid argument
06-19 11:04:04.927   494   494 E wifi_forwarder: RemoteConnection failed to initialize: RemoteConnection failed to open pipe
06-19 11:05:04.737   489   489 E netmgr  : qemu_pipe_open_ns:62: Could not connect to the 'pipe:qemud:network' service: Invalid argument
06-19 11:05:04.738   489   489 E netmgr  : Failed to open QEMU pipe 'qemud:network': Invalid argument
06-19 11:05:04.947   494   494 E wifi_forwarder: qemu_pipe_open_ns:62: Could not connect to the 'pipe:qemud:wififorward' service: Invalid argument
06-19 11:05:04.947   494   494 E wifi_forwarder: RemoteConnection failed to initialize: RemoteConnection failed to open pipe
06-19 11:06:04.793   489   489 E netmgr  : qemu_pipe_open_ns:62: Could not connect to the 'pipe:qemud:network' service: Invalid argument
06-19 11:06:04.793   489   489 E netmgr  : Failed to open QEMU pipe 'qemud:network': Invalid argument
06-19 11:06:04.950   494   494 E wifi_forwarder: qemu_pipe_open_ns:62: Could not connect to the 'pipe:qemud:wififorward' service: Invalid argument
06-19 11:06:04.950   494   494 E wifi_forwarder: RemoteConnection failed to initialize: RemoteConnection failed to open pipe
06-19 11:07:04.798   489   489 E netmgr  : qemu_pipe_open_ns:62: Could not connect to the 'pipe:qemud:network' service: Invalid argument
06-19 11:07:04.798   489   489 E netmgr  : Failed to open QEMU pipe 'qemud:network': Invalid argument
06-19 11:07:04.999   494   494 E wifi_forwarder: qemu_pipe_open_ns:62: Could not connect to the 'pipe:qemud:wififorward' service: Invalid argument
06-19 11:07:04.999   494   494 E wifi_forwarder: RemoteConnection failed to initialize: RemoteConnection failed to open pipe
06-19 11:08:04.859   489   489 E netmgr  : qemu_pipe_open_ns:62: Could not connect to the 'pipe:qemud:network' service: Invalid argument
06-19 11:08:04.859   489   489 E netmgr  : Failed to open QEMU pipe 'qemud:network': Invalid argument
06-19 11:08:05.007   494   494 E wifi_forwarder: qemu_pipe_open_ns:62: Could not connect to the 'pipe:qemud:wififorward' service: Invalid argument
06-19 11:08:05.007   494   494 E wifi_forwarder: RemoteConnection failed to initialize: RemoteConnection failed to open pipe
06-19 11:09:04.867   489   489 E netmgr  : qemu_pipe_open_ns:62: Could not connect to the 'pipe:qemud:network' service: Invalid argument
06-19 11:09:04.867   489   489 E netmgr  : Failed to open QEMU pipe 'qemud:network': Invalid argument
06-19 11:09:05.018   494   494 E wifi_forwarder: qemu_pipe_open_ns:62: Could not connect to the 'pipe:qemud:wififorward' service: Invalid argument
06-19 11:09:05.018   494   494 E wifi_forwarder: RemoteConnection failed to initialize: RemoteConnection failed to open pipe
06-19 11:10:04.927   489   489 E netmgr  : qemu_pipe_open_ns:62: Could not connect to the 'pipe:qemud:network' service: Invalid argument
06-19 11:10:04.927   489   489 E netmgr  : Failed to open QEMU pipe 'qemud:network': Invalid argument
06-19 11:10:05.032   494   494 E wifi_forwarder: qemu_pipe_open_ns:62: Could not connect to the 'pipe:qemud:wififorward' service: Invalid argument
06-19 11:10:05.032   494   494 E wifi_forwarder: RemoteConnection failed to initialize: RemoteConnection failed to open pipe
06-19 11:11:04.937   489   489 E netmgr  : qemu_pipe_open_ns:62: Could not connect to the 'pipe:qemud:network' service: Invalid argument
06-19 11:11:04.937   489   489 E netmgr  : Failed to open QEMU pipe 'qemud:network': Invalid argument
06-19 11:11:05.065   494   494 E wifi_forwarder: qemu_pipe_open_ns:62: Could not connect to the 'pipe:qemud:wififorward' service: Invalid argument
06-19 11:11:05.065   494   494 E wifi_forwarder: RemoteConnection failed to initialize: RemoteConnection failed to open pipe
06-19 11:12:04.951   489   489 E netmgr  : qemu_pipe_open_ns:62: Could not connect to the 'pipe:qemud:network' service: Invalid argument
06-19 11:12:04.952   489   489 E netmgr  : Failed to open QEMU pipe 'qemud:network': Invalid argument
06-19 11:12:05.117   494   494 E wifi_forwarder: qemu_pipe_open_ns:62: Could not connect to the 'pipe:qemud:wififorward' service: Invalid argument
06-19 11:12:05.117   494   494 E wifi_forwarder: RemoteConnection failed to initialize: RemoteConnection failed to open pipe
06-19 11:13:04.998   489   489 E netmgr  : qemu_pipe_open_ns:62: Could not connect to the 'pipe:qemud:network' service: Invalid argument
06-19 11:13:04.998   489   489 E netmgr  : Failed to open QEMU pipe 'qemud:network': Invalid argument
06-19 11:13:05.133   494   494 E wifi_forwarder: qemu_pipe_open_ns:62: Could not connect to the 'pipe:qemud:wififorward' service: Invalid argument
06-19 11:13:05.134   494   494 E wifi_forwarder: RemoteConnection failed to initialize: RemoteConnection failed to open pipe
06-19 11:13:13.306  1583  4230 E WakeLock: GCM_HB_ALARM release without a matched acquire!
06-19 11:14:05.010   489   489 E netmgr  : qemu_pipe_open_ns:62: Could not connect to the 'pipe:qemud:network' service: Invalid argument
06-19 11:14:05.010   489   489 E netmgr  : Failed to open QEMU pipe 'qemud:network': Invalid argument
06-19 11:14:05.193   494   494 E wifi_forwarder: qemu_pipe_open_ns:62: Could not connect to the 'pipe:qemud:wififorward' service: Invalid argument
06-19 11:14:05.194   494   494 E wifi_forwarder: RemoteConnection failed to initialize: RemoteConnection failed to open pipe
06-19 11:15:05.064   489   489 E netmgr  : qemu_pipe_open_ns:62: Could not connect to the 'pipe:qemud:network' service: Invalid argument
06-19 11:15:05.064   489   489 E netmgr  : Failed to open QEMU pipe 'qemud:network': Invalid argument
06-19 11:15:05.198   494   494 E wifi_forwarder: qemu_pipe_open_ns:62: Could not connect to the 'pipe:qemud:wififorward' service: Invalid argument
06-19 11:15:05.198   494   494 E wifi_forwarder: RemoteConnection failed to initialize: RemoteConnection failed to open pipe
06-19 11:16:05.067   489   489 E netmgr  : qemu_pipe_open_ns:62: Could not connect to the 'pipe:qemud:network' service: Invalid argument
06-19 11:16:05.067   489   489 E netmgr  : Failed to open QEMU pipe 'qemud:network': Invalid argument
06-19 11:16:05.200   494   494 E wifi_forwarder: qemu_pipe_open_ns:62: Could not connect to the 'pipe:qemud:wififorward' service: Invalid argument
06-19 11:16:05.200   494   494 E wifi_forwarder: RemoteConnection failed to initialize: RemoteConnection failed to open pipe
06-19 16:17:00.996   489   489 E netmgr  : qemu_pipe_open_ns:62: Could not connect to the 'pipe:qemud:network' service: Invalid argument
06-19 16:17:00.996   489   489 E netmgr  : Failed to open QEMU pipe 'qemud:network': Invalid argument
06-19 16:17:01.115   494   494 E wifi_forwarder: qemu_pipe_open_ns:62: Could not connect to the 'pipe:qemud:wififorward' service: Invalid argument
06-19 16:17:01.116   494   494 E wifi_forwarder: RemoteConnection failed to initialize: RemoteConnection failed to open pipe
06-19 21:07:55.790   489   489 E netmgr  : qemu_pipe_open_ns:62: Could not connect to the 'pipe:qemud:network' service: Invalid argument
06-19 21:07:55.791   489   489 E netmgr  : Failed to open QEMU pipe 'qemud:network': Invalid argument
06-19 21:07:55.912   494   494 E wifi_forwarder: qemu_pipe_open_ns:62: Could not connect to the 'pipe:qemud:wififorward' service: Invalid argument
06-19 21:07:55.913   494   494 E wifi_forwarder: RemoteConnection failed to initialize: RemoteConnection failed to open pipe
06-19 21:08:55.831   489   489 E netmgr  : qemu_pipe_open_ns:62: Could not connect to the 'pipe:qemud:network' service: Invalid argument
06-19 21:08:55.831   489   489 E netmgr  : Failed to open QEMU pipe 'qemud:network': Invalid argument
06-19 21:08:55.919   494   494 E wifi_forwarder: qemu_pipe_open_ns:62: Could not connect to the 'pipe:qemud:wififorward' service: Invalid argument
06-19 21:08:55.919   494   494 E wifi_forwarder: RemoteConnection failed to initialize: RemoteConnection failed to open pipe
06-19 21:09:55.849   489   489 E netmgr  : qemu_pipe_open_ns:62: Could not connect to the 'pipe:qemud:network' service: Invalid argument
06-19 21:09:55.849   489   489 E netmgr  : Failed to open QEMU pipe 'qemud:network': Invalid argument
06-19 21:09:55.931   494   494 E wifi_forwarder: qemu_pipe_open_ns:62: Could not connect to the 'pipe:qemud:wififorward' service: Invalid argument
06-19 21:09:55.931   494   494 E wifi_forwarder: RemoteConnection failed to initialize: RemoteConnection failed to open pipe
06-19 21:10:55.867   489   489 E netmgr  : qemu_pipe_open_ns:62: Could not connect to the 'pipe:qemud:network' service: Invalid argument
06-19 21:10:55.868   489   489 E netmgr  : Failed to open QEMU pipe 'qemud:network': Invalid argument
06-19 21:10:55.939   494   494 E wifi_forwarder: qemu_pipe_open_ns:62: Could not connect to the 'pipe:qemud:wififorward' service: Invalid argument
06-19 21:10:55.939   494   494 E wifi_forwarder: RemoteConnection failed to initialize: RemoteConnection failed to open pipe
06-19 21:11:55.920   489   489 E netmgr  : qemu_pipe_open_ns:62: Could not connect to the 'pipe:qemud:network' service: Invalid argument
06-19 21:11:55.920   489   489 E netmgr  : Failed to open QEMU pipe 'qemud:network': Invalid argument
06-19 21:11:56.001   494   494 E wifi_forwarder: qemu_pipe_open_ns:62: Could not connect to the 'pipe:qemud:wififorward' service: Invalid argument
06-19 21:11:56.001   494   494 E wifi_forwarder: RemoteConnection failed to initialize: RemoteConnection failed to open pipe
06-19 21:12:14.023  1583  4230 E WakeLock: GCM_HB_ALARM release without a matched acquire!
06-19 21:12:32.420  1583  4241 E WakeLock: GCM_HB_ALARM release without a matched acquire!
06-19 21:12:55.940   489   489 E netmgr  : qemu_pipe_open_ns:62: Could not connect to the 'pipe:qemud:network' service: Invalid argument
06-19 21:12:55.940   489   489 E netmgr  : Failed to open QEMU pipe 'qemud:network': Invalid argument
06-19 21:12:56.009   494   494 E wifi_forwarder: qemu_pipe_open_ns:62: Could not connect to the 'pipe:qemud:wififorward' service: Invalid argument
06-19 21:12:56.009   494   494 E wifi_forwarder: RemoteConnection failed to initialize: RemoteConnection failed to open pipe
06-19 21:13:55.983   489   489 E netmgr  : qemu_pipe_open_ns:62: Could not connect to the 'pipe:qemud:network' service: Invalid argument
06-19 21:13:55.983   489   489 E netmgr  : Failed to open QEMU pipe 'qemud:network': Invalid argument
06-19 21:13:56.050   494   494 E wifi_forwarder: qemu_pipe_open_ns:62: Could not connect to the 'pipe:qemud:wififorward' service: Invalid argument
06-19 21:13:56.050   494   494 E wifi_forwarder: RemoteConnection failed to initialize: RemoteConnection failed to open pipe
06-19 21:14:55.991   489   489 E netmgr  : qemu_pipe_open_ns:62: Could not connect to the 'pipe:qemud:network' service: Invalid argument
06-19 21:14:55.991   489   489 E netmgr  : Failed to open QEMU pipe 'qemud:network': Invalid argument
06-19 21:14:56.068   494   494 E wifi_forwarder: qemu_pipe_open_ns:62: Could not connect to the 'pipe:qemud:wififorward' service: Invalid argument
06-19 21:14:56.068   494   494 E wifi_forwarder: RemoteConnection failed to initialize: RemoteConnection failed to open pipe
06-19 21:15:56.053   489   489 E netmgr  : qemu_pipe_open_ns:62: Could not connect to the 'pipe:qemud:network' service: Invalid argument
06-19 21:15:56.053   489   489 E netmgr  : Failed to open QEMU pipe 'qemud:network': Invalid argument
06-19 21:15:56.089   494   494 E wifi_forwarder: qemu_pipe_open_ns:62: Could not connect to the 'pipe:qemud:wififorward' service: Invalid argument
06-19 21:15:56.089   494   494 E wifi_forwarder: RemoteConnection failed to initialize: RemoteConnection failed to open pipe
06-19 21:16:41.009   280   280 E FMQ     : grantorIdx must be less than 3
06-19 21:16:41.010   280   280 E FMQ     : grantorIdx must be less than 3
06-19 21:16:41.037   369   450 E FMQ     : grantorIdx must be less than 3
06-19 21:16:41.037   369   450 E FMQ     : grantorIdx must be less than 3
06-19 21:16:41.983   358   358 E Layer   : [Surface(name=Task=9)/@0x75810d2 - animation-leash#0] No local sync point found
06-19 21:16:41.984   358   358 E Layer   : [Surface(name=Task=1)/@0xa0b55a3 - animation-leash#0] No local sync point found
06-19 21:16:42.849   200   807 E android.system.suspend@1.0-service: Error opening kernel wakelock stats for: wakeup34: Permission denied
06-19 21:16:42.868   200   807 E android.system.suspend@1.0-service: Error opening kernel wakelock stats for: wakeup35: Permission denied
06-19 21:16:43.448   200   807 E android.system.suspend@1.0-service: Error opening kernel wakelock stats for: wakeup34: Permission denied
06-19 21:16:43.496   200   807 E android.system.suspend@1.0-service: Error opening kernel wakelock stats for: wakeup35: Permission denied
06-19 21:16:43.610   419   796 E IPCThreadState: binder thread pool (1 threads) starved for 184 ms
06-19 21:16:43.754   419   796 E IPCThreadState: binder thread pool (1 threads) starved for 144 ms
06-19 21:16:43.925   538  1646 E TaskPersister: File error accessing recents directory (directory doesn't exist?).
06-19 21:16:49.378   538  1646 E TaskPersister: File error accessing recents directory (directory doesn't exist?).
06-19 21:16:56.060   489   489 E netmgr  : qemu_pipe_open_ns:62: Could not connect to the 'pipe:qemud:network' service: Invalid argument
06-19 21:16:56.060   489   489 E netmgr  : Failed to open QEMU pipe 'qemud:network': Invalid argument
06-19 21:16:56.101   494   494 E wifi_forwarder: qemu_pipe_open_ns:62: Could not connect to the 'pipe:qemud:wififorward' service: Invalid argument
06-19 21:16:56.101   494   494 E wifi_forwarder: RemoteConnection failed to initialize: RemoteConnection failed to open pipe
06-19 21:17:28.228   200   807 E android.system.suspend@1.0-service: Error opening kernel wakelock stats for: wakeup34: Permission denied
06-19 21:17:28.232   200   807 E android.system.suspend@1.0-service: Error opening kernel wakelock stats for: wakeup35: Permission denied
06-19 21:17:43.329   200   807 E android.system.suspend@1.0-service: Error opening kernel wakelock stats for: wakeup34: Permission denied
06-19 21:17:43.333   200   807 E android.system.suspend@1.0-service: Error opening kernel wakelock stats for: wakeup35: Permission denied
06-19 21:17:56.070   489   489 E netmgr  : qemu_pipe_open_ns:62: Could not connect to the 'pipe:qemud:network' service: Invalid argument
06-19 21:17:56.070   489   489 E netmgr  : Failed to open QEMU pipe 'qemud:network': Invalid argument
06-19 21:17:56.119   494   494 E wifi_forwarder: qemu_pipe_open_ns:62: Could not connect to the 'pipe:qemud:wififorward' service: Invalid argument
06-19 21:17:56.119   494   494 E wifi_forwarder: RemoteConnection failed to initialize: RemoteConnection failed to open pipe
06-19 21:18:56.084   489   489 E netmgr  : qemu_pipe_open_ns:62: Could not connect to the 'pipe:qemud:network' service: Invalid argument
06-19 21:18:56.084   489   489 E netmgr  : Failed to open QEMU pipe 'qemud:network': Invalid argument
06-19 21:18:56.133   494   494 E wifi_forwarder: qemu_pipe_open_ns:62: Could not connect to the 'pipe:qemud:wififorward' service: Invalid argument
06-19 21:18:56.134   494   494 E wifi_forwarder: RemoteConnection failed to initialize: RemoteConnection failed to open pipe
06-19 21:19:27.893   200   807 E android.system.suspend@1.0-service: Error opening kernel wakelock stats for: wakeup34: Permission denied
06-19 21:19:27.897   200   807 E android.system.suspend@1.0-service: Error opening kernel wakelock stats for: wakeup35: Permission denied
06-19 21:19:43.137   200   807 E android.system.suspend@1.0-service: Error opening kernel wakelock stats for: wakeup34: Permission denied
06-19 21:19:43.143   200   807 E android.system.suspend@1.0-service: Error opening kernel wakelock stats for: wakeup35: Permission denied
06-19 21:19:56.100   489   489 E netmgr  : qemu_pipe_open_ns:62: Could not connect to the 'pipe:qemud:network' service: Invalid argument
06-19 21:19:56.100   489   489 E netmgr  : Failed to open QEMU pipe 'qemud:network': Invalid argument
06-19 21:19:56.150   494   494 E wifi_forwarder: qemu_pipe_open_ns:62: Could not connect to the 'pipe:qemud:wififorward' service: Invalid argument
06-19 21:19:56.150   494   494 E wifi_forwarder: RemoteConnection failed to initialize: RemoteConnection failed to open pipe
06-19 21:20:12.875   200   807 E android.system.suspend@1.0-service: Error opening kernel wakelock stats for: wakeup34: Permission denied
06-19 21:20:12.884   200   807 E android.system.suspend@1.0-service: Error opening kernel wakelock stats for: wakeup35: Permission denied
06-19 21:20:27.943   200   807 E android.system.suspend@1.0-service: Error opening kernel wakelock stats for: wakeup34: Permission denied
06-19 21:20:27.949   200   807 E android.system.suspend@1.0-service: Error opening kernel wakelock stats for: wakeup35: Permission denied
06-19 21:20:56.159   489   489 E netmgr  : qemu_pipe_open_ns:62: Could not connect to the 'pipe:qemud:network' service: Invalid argument
06-19 21:20:56.159   489   489 E netmgr  : Failed to open QEMU pipe 'qemud:network': Invalid argument
06-19 21:20:56.206   494   494 E wifi_forwarder: qemu_pipe_open_ns:62: Could not connect to the 'pipe:qemud:wififorward' service: Invalid argument
06-19 21:20:56.207   494   494 E wifi_forwarder: RemoteConnection failed to initialize: RemoteConnection failed to open pipe
06-19 21:21:20.727  1002  4452 E BackupHelper: Could not parse delayed permissions
06-19 21:21:20.727  1002  4452 E BackupHelper: java.io.FileNotFoundException: /data/user_de/0/com.android.permissioncontroller/files/delayed_restore_permissions.xml: open failed: ENOENT (No such file or directory)
06-19 21:21:20.727  1002  4452 E BackupHelper: 	at libcore.io.IoBridge.open(IoBridge.java:492)
06-19 21:21:20.727  1002  4452 E BackupHelper: 	at java.io.FileInputStream.<init>(FileInputStream.java:160)
06-19 21:21:20.727  1002  4452 E BackupHelper: 	at android.app.ContextImpl.openFileInput(ContextImpl.java:636)
06-19 21:21:20.727  1002  4452 E BackupHelper: 	at com.android.permissioncontroller.permission.service.BackupHelper.restoreDelayedState(BackupHelper.java:338)
06-19 21:21:20.727  1002  4452 E BackupHelper: 	at com.android.permissioncontroller.permission.service.PermissionControllerServiceImpl.onRestoreDelayedRuntimePermissionsBackup(PermissionControllerServiceImpl.java:413)
06-19 21:21:20.727  1002  4452 E BackupHelper: 	at com.android.permissioncontroller.permission.service.PermissionControllerServiceImpl.lambda$onApplyStagedRuntimePermissionBackup$4(PermissionControllerServiceImpl.java:407)
06-19 21:21:20.727  1002  4452 E BackupHelper: 	at com.android.permissioncontroller.permission.service.PermissionControllerServiceImpl.lambda$onApplyStagedRuntimePermissionBackup$4$PermissionControllerServiceImpl(Unknown Source:0)
06-19 21:21:20.727  1002  4452 E BackupHelper: 	at com.android.permissioncontroller.permission.service.-$$Lambda$PermissionControllerServiceImpl$mE7NqZpMEJTKa_y63m6czFzewlg.run(Unknown Source:8)
06-19 21:21:20.727  1002  4452 E BackupHelper: 	at android.os.AsyncTask$SerialExecutor$1.run(AsyncTask.java:305)
06-19 21:21:20.727  1002  4452 E BackupHelper: 	at java.util.concurrent.ThreadPoolExecutor.runWorker(ThreadPoolExecutor.java:1167)
06-19 21:21:20.727  1002  4452 E BackupHelper: 	at java.util.concurrent.ThreadPoolExecutor$Worker.run(ThreadPoolExecutor.java:641)
06-19 21:21:20.727  1002  4452 E BackupHelper: 	at java.lang.Thread.run(Thread.java:923)
06-19 21:21:20.727  1002  4452 E BackupHelper: Caused by: android.system.ErrnoException: open failed: ENOENT (No such file or directory)
06-19 21:21:20.727  1002  4452 E BackupHelper: 	at libcore.io.Linux.open(Native Method)
06-19 21:21:20.727  1002  4452 E BackupHelper: 	at libcore.io.ForwardingOs.open(ForwardingOs.java:166)
06-19 21:21:20.727  1002  4452 E BackupHelper: 	at libcore.io.BlockGuardOs.open(BlockGuardOs.java:254)
06-19 21:21:20.727  1002  4452 E BackupHelper: 	at libcore.io.ForwardingOs.open(ForwardingOs.java:166)
06-19 21:21:20.727  1002  4452 E BackupHelper: 	at android.app.ActivityThread$AndroidOs.open(ActivityThread.java:7542)
06-19 21:21:20.727  1002  4452 E BackupHelper: 	at libcore.io.IoBridge.open(IoBridge.java:478)
06-19 21:21:20.727  1002  4452 E BackupHelper: 	... 11 more
06-19 21:21:20.749   418   553 E installd: Couldn't opendir /data/app/vmdl1377263767.tmp: No such file or directory
06-19 21:21:20.749   418   553 E installd: Failed to delete /data/app/vmdl1377263767.tmp: No such file or directory
06-19 21:21:22.157  2127  4510 E ciiw    : *~*~*~ Channel {0} was not shutdown properly!!! ~*~*~*
06-19 21:21:22.157  2127  4510 E ciiw    :     Make sure to call shutdown()/shutdownNow() and wait until awaitTermination() returns true.
06-19 21:21:22.157  2127  4510 E ciiw    : java.lang.RuntimeException: ManagedChannel allocation site
06-19 21:21:22.157  2127  4510 E ciiw    : 	at ciiv.<init>(:com.google.android.gms@201817022@20.18.17 (040700-311416286):3)
06-19 21:21:22.157  2127  4510 E ciiw    : 	at ciiw.<init>(:com.google.android.gms@201817022@20.18.17 (040700-311416286):2)
06-19 21:21:22.157  2127  4510 E ciiw    : 	at cicn.b(:com.google.android.gms@201817022@20.18.17 (040700-311416286):21)
06-19 21:21:22.157  2127  4510 E ciiw    : 	at sdn.a(:com.google.android.gms@201817022@20.18.17 (040700-311416286):24)
06-19 21:21:22.157  2127  4510 E ciiw    : 	at sdn.a(:com.google.android.gms@201817022@20.18.17 (040700-311416286):31)
06-19 21:21:22.157  2127  4510 E ciiw    : 	at afgm.a(:com.google.android.gms@201817022@20.18.17 (040700-311416286):12)
06-19 21:21:22.157  2127  4510 E ciiw    : 	at com.google.android.libraries.matchstick.net.SilentRegisterIntentOperation.a(:com.google.android.gms@201817022@20.18.17 (040700-311416286):179)
06-19 21:21:22.157  2127  4510 E ciiw    : 	at com.google.android.libraries.matchstick.net.SilentRegisterIntentOperation.f(:com.google.android.gms@201817022@20.18.17 (040700-311416286):38)
06-19 21:21:22.157  2127  4510 E ciiw    : 	at com.google.android.libraries.matchstick.net.SilentRegisterIntentOperation.onHandleIntent(:com.google.android.gms@201817022@20.18.17 (040700-311416286):164)
06-19 21:21:22.157  2127  4510 E ciiw    : 	at com.google.android.chimera.IntentOperation.onHandleIntent(:com.google.android.gms@201817022@20.18.17 (040700-311416286):2)
06-19 21:21:22.157  2127  4510 E ciiw    : 	at qgf.onHandleIntent(:com.google.android.gms@201817022@20.18.17 (040700-311416286):4)
06-19 21:21:22.157  2127  4510 E ciiw    : 	at cui.run(:com.google.android.gms@201817022@20.18.17 (040700-311416286):5)
06-19 21:21:22.157  2127  4510 E ciiw    : 	at cuh.run(:com.google.android.gms@201817022@20.18.17 (040700-311416286):9)
06-19 21:21:22.157  2127  4510 E ciiw    : 	at java.util.concurrent.ThreadPoolExecutor.runWorker(ThreadPoolExecutor.java:1167)
06-19 21:21:22.157  2127  4510 E ciiw    : 	at java.util.concurrent.ThreadPoolExecutor$Worker.run(ThreadPoolExecutor.java:641)
06-19 21:21:22.157  2127  4510 E ciiw    : 	at java.lang.Thread.run(Thread.java:923)
06-19 21:21:22.329  2127  2222 E GmsClient: unable to connect to service: com.google.android.gms.auth.key.retrieval.service.START on com.google.android.gms
06-19 21:21:22.434   200   807 E android.system.suspend@1.0-service: Error opening kernel wakelock stats for: wakeup34: Permission denied
06-19 21:21:22.502   200   807 E android.system.suspend@1.0-service: Error opening kernel wakelock stats for: wakeup35: Permission denied
06-19 21:21:22.874  2127  4514 E ConfigFileUtils: Failed to read config file: /data/user_de/0/com.google.android.gms/app_chimera/next_container.pb: open failed: ENOENT (No such file or directory)
06-19 21:21:41.920   200   807 E android.system.suspend@1.0-service: Error opening kernel wakelock stats for: wakeup34: Permission denied
06-19 21:21:41.929   200   807 E android.system.suspend@1.0-service: Error opening kernel wakelock stats for: wakeup35: Permission denied
06-19 21:21:56.186   489   489 E netmgr  : qemu_pipe_open_ns:62: Could not connect to the 'pipe:qemud:network' service: Invalid argument
06-19 21:21:56.186   489   489 E netmgr  : Failed to open QEMU pipe 'qemud:network': Invalid argument
06-19 21:21:56.233   494   494 E wifi_forwarder: qemu_pipe_open_ns:62: Could not connect to the 'pipe:qemud:wififorward' service: Invalid argument
06-19 21:21:56.233   494   494 E wifi_forwarder: RemoteConnection failed to initialize: RemoteConnection failed to open pipe
06-19 21:22:56.189   489   489 E netmgr  : qemu_pipe_open_ns:62: Could not connect to the 'pipe:qemud:network' service: Invalid argument
06-19 21:22:56.189   489   489 E netmgr  : Failed to open QEMU pipe 'qemud:network': Invalid argument
06-19 21:22:56.268   494   494 E wifi_forwarder: qemu_pipe_open_ns:62: Could not connect to the 'pipe:qemud:wififorward' service: Invalid argument
06-19 21:22:56.268   494   494 E wifi_forwarder: RemoteConnection failed to initialize: RemoteConnection failed to open pipe
06-19 21:23:28.164   200   807 E android.system.suspend@1.0-service: Error opening kernel wakelock stats for: wakeup34: Permission denied
06-19 21:23:28.170   200   807 E android.system.suspend@1.0-service: Error opening kernel wakelock stats for: wakeup35: Permission denied
06-19 21:23:43.262   200   807 E android.system.suspend@1.0-service: Error opening kernel wakelock stats for: wakeup34: Permission denied
06-19 21:23:43.266   200   807 E android.system.suspend@1.0-service: Error opening kernel wakelock stats for: wakeup35: Permission denied
06-19 21:23:56.200   489   489 E netmgr  : qemu_pipe_open_ns:62: Could not connect to the 'pipe:qemud:network' service: Invalid argument
06-19 21:23:56.200   489   489 E netmgr  : Failed to open QEMU pipe 'qemud:network': Invalid argument
06-19 21:23:56.319   494   494 E wifi_forwarder: qemu_pipe_open_ns:62: Could not connect to the 'pipe:qemud:wififorward' service: Invalid argument
06-19 21:23:56.319   494   494 E wifi_forwarder: RemoteConnection failed to initialize: RemoteConnection failed to open pipe
06-19 21:24:28.135   200   807 E android.system.suspend@1.0-service: Error opening kernel wakelock stats for: wakeup34: Permission denied
06-19 21:24:28.151   200   807 E android.system.suspend@1.0-service: Error opening kernel wakelock stats for: wakeup35: Permission denied
06-19 21:24:43.396   200   807 E android.system.suspend@1.0-service: Error opening kernel wakelock stats for: wakeup34: Permission denied
06-19 21:24:43.469   200   807 E android.system.suspend@1.0-service: Error opening kernel wakelock stats for: wakeup35: Permission denied
